mode: set
github.com/yontech/ppob/product-service/internal/middleware/metrics.go:38.42,39.30 1 0
github.com/yontech/ppob/product-service/internal/middleware/metrics.go:39.30,43.44 1 0
github.com/yontech/ppob/product-service/internal/middleware/metrics.go:43.44,46.4 2 0
github.com/yontech/ppob/product-service/internal/middleware/metrics.go:48.3,59.17 9 0
github.com/yontech/ppob/product-service/internal/middleware/metrics.go:59.17,61.4 1 0
github.com/yontech/ppob/product-service/internal/middleware/metrics.go:63.3,64.70 2 0
github.com/yontech/ppob/product-service/internal/middleware/metrics.go:68.43,69.41 1 0
github.com/yontech/ppob/product-service/internal/middleware/metrics.go:69.42,70.3 0 0
github.com/yontech/ppob/product-service/internal/middleware/middleware.go:15.57,16.30 1 0
github.com/yontech/ppob/product-service/internal/middleware/middleware.go:16.30,18.23 2 0
github.com/yontech/ppob/product-service/internal/middleware/middleware.go:18.23,22.4 3 0
github.com/yontech/ppob/product-service/internal/middleware/middleware.go:24.3,25.46 2 0
github.com/yontech/ppob/product-service/internal/middleware/middleware.go:25.46,29.4 3 0
github.com/yontech/ppob/product-service/internal/middleware/middleware.go:31.3,33.17 3 0
github.com/yontech/ppob/product-service/internal/middleware/middleware.go:33.17,37.4 3 0
github.com/yontech/ppob/product-service/internal/middleware/middleware.go:39.3,41.11 3 0
github.com/yontech/ppob/product-service/internal/middleware/middleware.go:45.61,46.30 1 0
github.com/yontech/ppob/product-service/internal/middleware/middleware.go:46.30,48.14 2 0
github.com/yontech/ppob/product-service/internal/middleware/middleware.go:48.14,52.4 3 0
github.com/yontech/ppob/product-service/internal/middleware/middleware.go:54.3,54.44 1 0
github.com/yontech/ppob/product-service/internal/middleware/middleware.go:54.44,55.27 1 0
github.com/yontech/ppob/product-service/internal/middleware/middleware.go:55.27,58.5 2 0
github.com/yontech/ppob/product-service/internal/middleware/middleware.go:61.3,62.12 2 0
github.com/yontech/ppob/product-service/internal/middleware/middleware.go:66.39,67.30 1 0
github.com/yontech/ppob/product-service/internal/middleware/middleware.go:67.30,73.36 5 0
github.com/yontech/ppob/product-service/internal/middleware/middleware.go:73.36,76.4 2 0
github.com/yontech/ppob/product-service/internal/middleware/middleware.go:78.3,78.11 1 0
github.com/yontech/ppob/product-service/internal/middleware/middleware.go:82.89,83.22 1 0
github.com/yontech/ppob/product-service/internal/middleware/middleware.go:83.22,85.3 1 0
github.com/yontech/ppob/product-service/internal/middleware/middleware.go:87.2,87.83 1 0
github.com/yontech/ppob/product-service/internal/middleware/middleware.go:87.83,88.57 1 0
github.com/yontech/ppob/product-service/internal/middleware/middleware.go:88.57,90.4 1 0
github.com/yontech/ppob/product-service/internal/middleware/middleware.go:91.3,91.24 1 0
github.com/yontech/ppob/product-service/internal/middleware/middleware.go:94.2,94.16 1 0
github.com/yontech/ppob/product-service/internal/middleware/middleware.go:94.16,96.3 1 0
github.com/yontech/ppob/product-service/internal/middleware/middleware.go:98.2,98.67 1 0
github.com/yontech/ppob/product-service/internal/middleware/middleware.go:98.67,100.3 1 0
github.com/yontech/ppob/product-service/internal/middleware/middleware.go:102.2,102.37 1 0
github.com/yontech/ppob/product-service/internal/middleware/rate_limit.go:19.67,29.2 3 0
github.com/yontech/ppob/product-service/internal/middleware/rate_limit.go:31.38,35.21 3 0
github.com/yontech/ppob/product-service/internal/middleware/rate_limit.go:35.21,38.39 3 0
github.com/yontech/ppob/product-service/internal/middleware/rate_limit.go:38.39,40.28 2 0
github.com/yontech/ppob/product-service/internal/middleware/rate_limit.go:40.28,41.31 1 0
github.com/yontech/ppob/product-service/internal/middleware/rate_limit.go:41.31,43.6 1 0
github.com/yontech/ppob/product-service/internal/middleware/rate_limit.go:45.4,45.23 1 0
github.com/yontech/ppob/product-service/internal/middleware/rate_limit.go:45.23,47.5 1 0
github.com/yontech/ppob/product-service/internal/middleware/rate_limit.go:47.10,49.5 1 0
github.com/yontech/ppob/product-service/internal/middleware/rate_limit.go:51.3,51.17 1 0
github.com/yontech/ppob/product-service/internal/middleware/rate_limit.go:55.47,63.37 6 0
github.com/yontech/ppob/product-service/internal/middleware/rate_limit.go:63.37,64.27 1 0
github.com/yontech/ppob/product-service/internal/middleware/rate_limit.go:64.27,66.4 1 0
github.com/yontech/ppob/product-service/internal/middleware/rate_limit.go:69.2,69.28 1 0
github.com/yontech/ppob/product-service/internal/middleware/rate_limit.go:69.28,72.3 2 0
github.com/yontech/ppob/product-service/internal/middleware/rate_limit.go:74.2,75.13 2 0
github.com/yontech/ppob/product-service/internal/middleware/rate_limit.go:78.65,81.30 2 0
github.com/yontech/ppob/product-service/internal/middleware/rate_limit.go:81.30,84.25 2 0
github.com/yontech/ppob/product-service/internal/middleware/rate_limit.go:84.25,92.4 4 0
github.com/yontech/ppob/product-service/internal/middleware/rate_limit.go:94.3,94.11 1 0
github.com/yontech/ppob/product-service/internal/middleware/rate_limit.go:98.69,101.30 2 0
github.com/yontech/ppob/product-service/internal/middleware/rate_limit.go:101.30,103.14 2 0
github.com/yontech/ppob/product-service/internal/middleware/rate_limit.go:103.14,106.4 2 0
github.com/yontech/ppob/product-service/internal/middleware/rate_limit.go:108.3,110.26 2 0
github.com/yontech/ppob/product-service/internal/middleware/rate_limit.go:110.26,118.4 4 0
github.com/yontech/ppob/product-service/internal/middleware/rate_limit.go:120.3,120.11 1 0
github.com/yontech/ppob/product-service/internal/middleware/tracing.go:10.42,13.30 2 0
github.com/yontech/ppob/product-service/internal/middleware/tracing.go:13.30,17.16 3 0
github.com/yontech/ppob/product-service/internal/middleware/tracing.go:17.16,21.4 3 0
github.com/yontech/ppob/product-service/internal/middleware/tracing.go:23.3,26.24 3 0
github.com/yontech/ppob/product-service/internal/middleware/tracing.go:26.24,28.4 1 0
github.com/yontech/ppob/product-service/cmd/main.go:33.87,37.26 3 0
github.com/yontech/ppob/product-service/cmd/main.go:37.26,39.17 2 0
github.com/yontech/ppob/product-service/cmd/main.go:39.17,41.4 1 0
github.com/yontech/ppob/product-service/cmd/main.go:44.2,49.16 2 0
github.com/yontech/ppob/product-service/cmd/main.go:49.16,51.3 1 0
github.com/yontech/ppob/product-service/cmd/main.go:53.2,64.16 4 0
github.com/yontech/ppob/product-service/cmd/main.go:67.13,70.30 2 0
github.com/yontech/ppob/product-service/cmd/main.go:70.30,72.17 2 0
github.com/yontech/ppob/product-service/cmd/main.go:72.17,74.4 1 0
github.com/yontech/ppob/product-service/cmd/main.go:74.9,76.4 1 0
github.com/yontech/ppob/product-service/cmd/main.go:79.2,80.16 2 0
github.com/yontech/ppob/product-service/cmd/main.go:80.16,82.3 1 0
github.com/yontech/ppob/product-service/cmd/main.go:84.2,105.16 14 0
github.com/yontech/ppob/product-service/cmd/main.go:105.16,107.3 1 0
github.com/yontech/ppob/product-service/cmd/main.go:108.2,111.12 3 0
github.com/yontech/ppob/product-service/cmd/main.go:111.12,113.47 2 0
github.com/yontech/ppob/product-service/cmd/main.go:113.47,115.4 1 0
github.com/yontech/ppob/product-service/cmd/main.go:118.2,124.40 6 0
github.com/yontech/ppob/product-service/cmd/main.go:124.40,126.3 1 0
github.com/yontech/ppob/product-service/cmd/main.go:127.2,127.45 1 0
github.com/yontech/ppob/product-service/cmd/main.go:127.45,129.3 1 0
github.com/yontech/ppob/product-service/cmd/main.go:130.2,130.46 1 0
github.com/yontech/ppob/product-service/cmd/main.go:130.46,132.40 2 0
github.com/yontech/ppob/product-service/cmd/main.go:132.40,135.4 2 0
github.com/yontech/ppob/product-service/cmd/main.go:136.3,136.47 1 0
github.com/yontech/ppob/product-service/cmd/main.go:138.2,141.2 3 0
github.com/yontech/ppob/product-service/cmd/main.go:141.2,143.3 2 0
github.com/yontech/ppob/product-service/cmd/main.go:143.3,153.4 8 0
github.com/yontech/ppob/product-service/cmd/main.go:155.3,156.3 2 0
github.com/yontech/ppob/product-service/cmd/main.go:156.3,160.4 3 0
github.com/yontech/ppob/product-service/cmd/main.go:162.3,163.3 2 0
github.com/yontech/ppob/product-service/cmd/main.go:163.3,169.4 5 0
github.com/yontech/ppob/product-service/cmd/main.go:172.2,177.12 2 0
github.com/yontech/ppob/product-service/cmd/main.go:177.12,179.77 2 0
github.com/yontech/ppob/product-service/cmd/main.go:179.77,181.4 1 0
github.com/yontech/ppob/product-service/cmd/main.go:184.2,192.42 8 0
github.com/yontech/ppob/product-service/cmd/main.go:192.42,194.3 1 0
github.com/yontech/ppob/product-service/cmd/main.go:195.2,195.30 1 0
github.com/yontech/ppob/product-service/internal/repository/product_repository.go:14.59,16.2 1 0
github.com/yontech/ppob/product-service/internal/repository/product_repository.go:18.67,20.2 1 0
github.com/yontech/ppob/product-service/internal/repository/product_repository.go:22.72,25.16 3 0
github.com/yontech/ppob/product-service/internal/repository/product_repository.go:25.16,27.3 1 0
github.com/yontech/ppob/product-service/internal/repository/product_repository.go:28.2,28.22 1 0
github.com/yontech/ppob/product-service/internal/repository/product_repository.go:31.78,34.16 3 0
github.com/yontech/ppob/product-service/internal/repository/product_repository.go:34.16,36.3 1 0
github.com/yontech/ppob/product-service/internal/repository/product_repository.go:37.2,37.22 1 0
github.com/yontech/ppob/product-service/internal/repository/product_repository.go:40.67,42.2 1 0
github.com/yontech/ppob/product-service/internal/repository/product_repository.go:44.51,46.2 1 0
github.com/yontech/ppob/product-service/internal/repository/product_repository.go:48.132,53.20 4 0
github.com/yontech/ppob/product-service/internal/repository/product_repository.go:53.20,55.3 1 0
github.com/yontech/ppob/product-service/internal/repository/product_repository.go:56.2,56.17 1 0
github.com/yontech/ppob/product-service/internal/repository/product_repository.go:56.17,58.3 1 0
github.com/yontech/ppob/product-service/internal/repository/product_repository.go:59.2,59.18 1 0
github.com/yontech/ppob/product-service/internal/repository/product_repository.go:59.18,61.3 1 0
github.com/yontech/ppob/product-service/internal/repository/product_repository.go:63.2,66.29 3 0
github.com/yontech/ppob/product-service/internal/repository/product_repository.go:74.162,83.20 4 0
github.com/yontech/ppob/product-service/internal/repository/product_repository.go:83.20,85.3 1 0
github.com/yontech/ppob/product-service/internal/repository/product_repository.go:86.2,86.17 1 0
github.com/yontech/ppob/product-service/internal/repository/product_repository.go:86.17,88.3 1 0
github.com/yontech/ppob/product-service/internal/repository/product_repository.go:89.2,89.18 1 0
github.com/yontech/ppob/product-service/internal/repository/product_repository.go:89.18,91.3 1 0
github.com/yontech/ppob/product-service/internal/repository/product_repository.go:93.2,96.28 3 0
github.com/yontech/ppob/product-service/internal/repository/product_repository.go:99.104,108.2 6 0
github.com/yontech/ppob/product-service/internal/repository/product_repository.go:114.61,116.2 1 0
github.com/yontech/ppob/product-service/internal/repository/product_repository.go:118.70,120.2 1 0
github.com/yontech/ppob/product-service/internal/repository/product_repository.go:122.74,125.16 3 0
github.com/yontech/ppob/product-service/internal/repository/product_repository.go:125.16,127.3 1 0
github.com/yontech/ppob/product-service/internal/repository/product_repository.go:128.2,128.23 1 0
github.com/yontech/ppob/product-service/internal/repository/product_repository.go:131.80,134.16 3 0
github.com/yontech/ppob/product-service/internal/repository/product_repository.go:134.16,136.3 1 0
github.com/yontech/ppob/product-service/internal/repository/product_repository.go:137.2,137.23 1 0
github.com/yontech/ppob/product-service/internal/repository/product_repository.go:140.64,144.2 3 0
github.com/yontech/ppob/product-service/internal/repository/product_repository.go:146.70,148.2 1 0
github.com/yontech/ppob/product-service/internal/repository/product_repository.go:150.52,152.2 1 0
github.com/yontech/ppob/product-service/internal/handlers/grpc_handler.go:19.146,24.2 1 0
github.com/yontech/ppob/product-service/internal/handlers/grpc_handler.go:26.131,30.23 3 0
github.com/yontech/ppob/product-service/internal/handlers/grpc_handler.go:30.23,32.3 1 0
github.com/yontech/ppob/product-service/internal/handlers/grpc_handler.go:32.8,32.30 1 0
github.com/yontech/ppob/product-service/internal/handlers/grpc_handler.go:32.30,34.3 1 0
github.com/yontech/ppob/product-service/internal/handlers/grpc_handler.go:34.8,36.3 1 0
github.com/yontech/ppob/product-service/internal/handlers/grpc_handler.go:38.2,38.16 1 0
github.com/yontech/ppob/product-service/internal/handlers/grpc_handler.go:38.16,40.3 1 0
github.com/yontech/ppob/product-service/internal/handlers/grpc_handler.go:42.2,48.8 1 0
github.com/yontech/ppob/product-service/internal/handlers/grpc_handler.go:51.146,53.16 2 0
github.com/yontech/ppob/product-service/internal/handlers/grpc_handler.go:53.16,55.3 1 0
github.com/yontech/ppob/product-service/internal/handlers/grpc_handler.go:57.2,63.8 2 0
github.com/yontech/ppob/product-service/internal/handlers/product_extended_handler.go:16.76,18.2 1 0
github.com/yontech/ppob/product-service/internal/handlers/product_extended_handler.go:20.51,22.16 2 0
github.com/yontech/ppob/product-service/internal/handlers/product_extended_handler.go:22.16,25.3 2 0
github.com/yontech/ppob/product-service/internal/handlers/product_extended_handler.go:27.2,30.4 1 0
github.com/yontech/ppob/product-service/internal/handlers/product_extended_handler.go:33.52,35.16 2 0
github.com/yontech/ppob/product-service/internal/handlers/product_extended_handler.go:35.16,38.3 2 0
github.com/yontech/ppob/product-service/internal/handlers/product_extended_handler.go:40.2,43.4 1 0
github.com/yontech/ppob/product-service/internal/handlers/product_extended_handler.go:46.53,58.2 3 0
github.com/yontech/ppob/product-service/internal/handlers/product_extended_handler.go:64.113,66.2 1 0
github.com/yontech/ppob/product-service/internal/handlers/product_extended_handler.go:68.64,72.41 3 0
github.com/yontech/ppob/product-service/internal/handlers/product_extended_handler.go:72.41,75.3 2 0
github.com/yontech/ppob/product-service/internal/handlers/product_extended_handler.go:77.2,78.16 2 0
github.com/yontech/ppob/product-service/internal/handlers/product_extended_handler.go:78.16,81.3 2 0
github.com/yontech/ppob/product-service/internal/handlers/product_extended_handler.go:83.2,85.19 2 0
github.com/yontech/ppob/product-service/internal/handlers/product_extended_handler.go:85.19,88.3 2 0
github.com/yontech/ppob/product-service/internal/handlers/product_extended_handler.go:90.2,90.31 1 0
github.com/yontech/ppob/product-service/internal/handlers/product_extended_handler.go:93.69,95.51 2 0
github.com/yontech/ppob/product-service/internal/handlers/product_extended_handler.go:95.51,98.3 2 0
github.com/yontech/ppob/product-service/internal/handlers/product_extended_handler.go:100.2,102.50 2 0
github.com/yontech/ppob/product-service/internal/handlers/product_handler.go:17.81,19.2 1 0
github.com/yontech/ppob/product-service/internal/handlers/product_handler.go:21.53,24.16 3 0
github.com/yontech/ppob/product-service/internal/handlers/product_handler.go:24.16,27.3 2 0
github.com/yontech/ppob/product-service/internal/handlers/product_handler.go:29.2,30.16 2 0
github.com/yontech/ppob/product-service/internal/handlers/product_handler.go:30.16,33.3 2 0
github.com/yontech/ppob/product-service/internal/handlers/product_handler.go:35.2,35.29 1 0
github.com/yontech/ppob/product-service/internal/handlers/product_handler.go:38.59,42.16 3 0
github.com/yontech/ppob/product-service/internal/handlers/product_handler.go:42.16,45.3 2 0
github.com/yontech/ppob/product-service/internal/handlers/product_handler.go:47.2,47.29 1 0
github.com/yontech/ppob/product-service/internal/handlers/product_handler.go:50.55,63.19 10 0
github.com/yontech/ppob/product-service/internal/handlers/product_handler.go:63.19,65.3 1 0
github.com/yontech/ppob/product-service/internal/handlers/product_handler.go:65.8,67.3 1 0
github.com/yontech/ppob/product-service/internal/handlers/product_handler.go:69.2,69.16 1 0
github.com/yontech/ppob/product-service/internal/handlers/product_handler.go:69.16,72.3 2 0
github.com/yontech/ppob/product-service/internal/handlers/product_handler.go:74.2,74.29 1 0
github.com/yontech/ppob/product-service/internal/handlers/product_handler.go:77.57,83.16 5 0
github.com/yontech/ppob/product-service/internal/handlers/product_handler.go:83.16,86.3 2 0
github.com/yontech/ppob/product-service/internal/handlers/product_handler.go:88.2,88.29 1 0
github.com/yontech/ppob/product-service/internal/handlers/product_handler.go:91.56,93.47 2 0
github.com/yontech/ppob/product-service/internal/handlers/product_handler.go:93.47,96.3 2 0
github.com/yontech/ppob/product-service/internal/handlers/product_handler.go:98.2,99.16 2 0
github.com/yontech/ppob/product-service/internal/handlers/product_handler.go:99.16,102.3 2 0
github.com/yontech/ppob/product-service/internal/handlers/product_handler.go:104.2,104.34 1 0
github.com/yontech/ppob/product-service/internal/handlers/product_handler.go:107.56,110.16 3 0
github.com/yontech/ppob/product-service/internal/handlers/product_handler.go:110.16,113.3 2 0
github.com/yontech/ppob/product-service/internal/handlers/product_handler.go:115.2,116.47 2 0
github.com/yontech/ppob/product-service/internal/handlers/product_handler.go:116.47,119.3 2 0
github.com/yontech/ppob/product-service/internal/handlers/product_handler.go:121.2,122.16 2 0
github.com/yontech/ppob/product-service/internal/handlers/product_handler.go:122.16,125.3 2 0
github.com/yontech/ppob/product-service/internal/handlers/product_handler.go:127.2,127.29 1 0
github.com/yontech/ppob/product-service/internal/handlers/product_handler.go:130.56,133.16 3 0
github.com/yontech/ppob/product-service/internal/handlers/product_handler.go:133.16,136.3 2 0
github.com/yontech/ppob/product-service/internal/handlers/product_handler.go:138.2,138.86 1 0
github.com/yontech/ppob/product-service/internal/handlers/product_handler.go:138.86,141.3 2 0
github.com/yontech/ppob/product-service/internal/handlers/product_handler.go:143.2,143.73 1 0
github.com/yontech/ppob/product-service/internal/handlers/product_handler.go:146.57,148.16 2 0
github.com/yontech/ppob/product-service/internal/handlers/product_handler.go:148.16,151.3 2 0
github.com/yontech/ppob/product-service/internal/handlers/product_handler.go:153.2,153.50 1 0
github.com/yontech/ppob/product-service/internal/handlers/product_handler.go:156.57,158.47 2 0
github.com/yontech/ppob/product-service/internal/handlers/product_handler.go:158.47,161.3 2 0
github.com/yontech/ppob/product-service/internal/handlers/product_handler.go:163.2,164.16 2 0
github.com/yontech/ppob/product-service/internal/handlers/product_handler.go:164.16,167.3 2 0
github.com/yontech/ppob/product-service/internal/handlers/product_handler.go:169.2,169.34 1 0
github.com/yontech/ppob/product-service/internal/handlers/product_handler.go:172.54,175.16 3 0
github.com/yontech/ppob/product-service/internal/handlers/product_handler.go:175.16,178.3 2 0
github.com/yontech/ppob/product-service/internal/handlers/product_handler.go:180.2,181.16 2 0
github.com/yontech/ppob/product-service/internal/handlers/product_handler.go:181.16,184.3 2 0
github.com/yontech/ppob/product-service/internal/handlers/product_handler.go:186.2,186.29 1 0
github.com/yontech/ppob/product-service/internal/handlers/product_handler.go:189.57,192.16 3 0
github.com/yontech/ppob/product-service/internal/handlers/product_handler.go:192.16,195.3 2 0
github.com/yontech/ppob/product-service/internal/handlers/product_handler.go:197.2,198.47 2 0
github.com/yontech/ppob/product-service/internal/handlers/product_handler.go:198.47,201.3 2 0
github.com/yontech/ppob/product-service/internal/handlers/product_handler.go:203.2,204.16 2 0
github.com/yontech/ppob/product-service/internal/handlers/product_handler.go:204.16,207.3 2 0
github.com/yontech/ppob/product-service/internal/handlers/product_handler.go:209.2,209.29 1 0
github.com/yontech/ppob/product-service/internal/handlers/product_handler.go:212.57,215.16 3 0
github.com/yontech/ppob/product-service/internal/handlers/product_handler.go:215.16,218.3 2 0
github.com/yontech/ppob/product-service/internal/handlers/product_handler.go:220.2,220.87 1 0
github.com/yontech/ppob/product-service/internal/handlers/product_handler.go:220.87,223.3 2 0
github.com/yontech/ppob/product-service/internal/handlers/product_handler.go:225.2,225.74 1 0
github.com/yontech/ppob/product-service/config/config.go:37.21,56.28 2 0
github.com/yontech/ppob/product-service/config/config.go:56.28,58.17 2 0
github.com/yontech/ppob/product-service/config/config.go:58.17,60.4 1 0
github.com/yontech/ppob/product-service/config/config.go:60.9,62.4 1 0
github.com/yontech/ppob/product-service/config/config.go:65.2,65.12 1 0
github.com/yontech/ppob/product-service/config/config.go:68.46,69.42 1 0
github.com/yontech/ppob/product-service/config/config.go:69.42,71.3 1 0
github.com/yontech/ppob/product-service/config/config.go:72.2,72.21 1 0
github.com/yontech/ppob/product-service/config/config.go:75.44,84.16 3 0
github.com/yontech/ppob/product-service/config/config.go:84.16,86.3 1 0
github.com/yontech/ppob/product-service/config/config.go:88.2,89.16 2 0
github.com/yontech/ppob/product-service/config/config.go:89.16,91.3 1 0
github.com/yontech/ppob/product-service/config/config.go:93.2,98.16 5 0
github.com/yontech/ppob/product-service/config/config.go:101.43,111.47 4 0
github.com/yontech/ppob/product-service/config/config.go:111.47,113.3 1 0
github.com/yontech/ppob/product-service/config/config.go:115.2,116.15 2 0
github.com/yontech/ppob/product-service/internal/services/product_service.go:31.19,38.2 1 0
github.com/yontech/ppob/product-service/internal/services/product_service.go:40.97,42.16 2 0
github.com/yontech/ppob/product-service/internal/services/product_service.go:42.16,44.3 1 0
github.com/yontech/ppob/product-service/internal/services/product_service.go:46.2,59.8 1 0
github.com/yontech/ppob/product-service/internal/services/product_service.go:62.107,64.16 2 0
github.com/yontech/ppob/product-service/internal/services/product_service.go:64.16,66.3 1 0
github.com/yontech/ppob/product-service/internal/services/product_service.go:68.2,81.8 1 0
github.com/yontech/ppob/product-service/internal/services/product_service.go:84.195,86.40 1 0
github.com/yontech/ppob/product-service/internal/services/product_service.go:86.40,88.17 2 0
github.com/yontech/ppob/product-service/internal/services/product_service.go:88.17,90.4 1 0
github.com/yontech/ppob/product-service/internal/services/product_service.go:92.3,93.30 2 0
github.com/yontech/ppob/product-service/internal/services/product_service.go:93.30,95.62 2 0
github.com/yontech/ppob/product-service/internal/services/product_service.go:95.62,97.5 1 0
github.com/yontech/ppob/product-service/internal/services/product_service.go:99.4,113.5 1 0
github.com/yontech/ppob/product-service/internal/services/product_service.go:116.3,121.9 1 0
github.com/yontech/ppob/product-service/internal/services/product_service.go:125.2,125.70 1 0
github.com/yontech/ppob/product-service/internal/services/product_service.go:128.160,130.16 2 0
github.com/yontech/ppob/product-service/internal/services/product_service.go:130.16,132.3 1 0
github.com/yontech/ppob/product-service/internal/services/product_service.go:134.2,135.29 2 0
github.com/yontech/ppob/product-service/internal/services/product_service.go:135.29,150.3 1 0
github.com/yontech/ppob/product-service/internal/services/product_service.go:152.2,157.8 1 0
github.com/yontech/ppob/product-service/internal/services/product_service.go:160.132,162.16 2 0
github.com/yontech/ppob/product-service/internal/services/product_service.go:162.16,164.3 1 0
github.com/yontech/ppob/product-service/internal/services/product_service.go:166.2,167.29 2 0
github.com/yontech/ppob/product-service/internal/services/product_service.go:167.29,182.3 1 0
github.com/yontech/ppob/product-service/internal/services/product_service.go:184.2,189.8 1 0
github.com/yontech/ppob/product-service/internal/services/product_service.go:192.122,205.54 2 0
github.com/yontech/ppob/product-service/internal/services/product_service.go:205.54,207.3 1 0
github.com/yontech/ppob/product-service/internal/services/product_service.go:209.2,221.8 1 0
github.com/yontech/ppob/product-service/internal/services/product_service.go:224.131,226.16 2 0
github.com/yontech/ppob/product-service/internal/services/product_service.go:226.16,228.3 1 0
github.com/yontech/ppob/product-service/internal/services/product_service.go:230.2,230.20 1 0
github.com/yontech/ppob/product-service/internal/services/product_service.go:230.20,232.3 1 0
github.com/yontech/ppob/product-service/internal/services/product_service.go:233.2,233.21 1 0
github.com/yontech/ppob/product-service/internal/services/product_service.go:233.21,235.3 1 0
github.com/yontech/ppob/product-service/internal/services/product_service.go:236.2,236.24 1 0
github.com/yontech/ppob/product-service/internal/services/product_service.go:236.24,238.3 1 0
github.com/yontech/ppob/product-service/internal/services/product_service.go:239.2,239.24 1 0
github.com/yontech/ppob/product-service/internal/services/product_service.go:239.24,241.3 1 0
github.com/yontech/ppob/product-service/internal/services/product_service.go:242.2,242.19 1 0
github.com/yontech/ppob/product-service/internal/services/product_service.go:242.19,244.3 1 0
github.com/yontech/ppob/product-service/internal/services/product_service.go:245.2,245.20 1 0
github.com/yontech/ppob/product-service/internal/services/product_service.go:245.20,247.3 1 0
github.com/yontech/ppob/product-service/internal/services/product_service.go:248.2,248.22 1 0
github.com/yontech/ppob/product-service/internal/services/product_service.go:248.22,250.3 1 0
github.com/yontech/ppob/product-service/internal/services/product_service.go:251.2,251.27 1 0
github.com/yontech/ppob/product-service/internal/services/product_service.go:251.27,253.3 1 0
github.com/yontech/ppob/product-service/internal/services/product_service.go:255.2,255.54 1 0
github.com/yontech/ppob/product-service/internal/services/product_service.go:255.54,257.3 1 0
github.com/yontech/ppob/product-service/internal/services/product_service.go:259.2,271.8 1 0
github.com/yontech/ppob/product-service/internal/services/product_service.go:274.76,276.16 2 0
github.com/yontech/ppob/product-service/internal/services/product_service.go:276.16,278.3 1 0
github.com/yontech/ppob/product-service/internal/services/product_service.go:280.2,280.33 1 0
github.com/yontech/ppob/product-service/internal/services/product_service.go:283.94,285.16 2 0
github.com/yontech/ppob/product-service/internal/services/product_service.go:285.16,287.3 1 0
github.com/yontech/ppob/product-service/internal/services/product_service.go:289.2,290.31 2 0
github.com/yontech/ppob/product-service/internal/services/product_service.go:290.31,304.3 1 0
github.com/yontech/ppob/product-service/internal/services/product_service.go:306.2,306.23 1 0
github.com/yontech/ppob/product-service/internal/services/product_service.go:309.99,311.16 2 0
github.com/yontech/ppob/product-service/internal/services/product_service.go:311.16,313.3 1 0
github.com/yontech/ppob/product-service/internal/services/product_service.go:315.2,327.8 1 0
github.com/yontech/ppob/product-service/internal/services/product_service.go:330.134,332.16 2 0
github.com/yontech/ppob/product-service/internal/services/product_service.go:332.16,334.3 1 0
github.com/yontech/ppob/product-service/internal/services/product_service.go:336.2,336.20 1 0
github.com/yontech/ppob/product-service/internal/services/product_service.go:336.20,338.3 1 0
github.com/yontech/ppob/product-service/internal/services/product_service.go:339.2,339.20 1 0
github.com/yontech/ppob/product-service/internal/services/product_service.go:339.20,341.3 1 0
github.com/yontech/ppob/product-service/internal/services/product_service.go:342.2,342.27 1 0
github.com/yontech/ppob/product-service/internal/services/product_service.go:342.27,344.3 1 0
github.com/yontech/ppob/product-service/internal/services/product_service.go:345.2,345.20 1 0
github.com/yontech/ppob/product-service/internal/services/product_service.go:345.20,347.3 1 0
github.com/yontech/ppob/product-service/internal/services/product_service.go:348.2,348.23 1 0
github.com/yontech/ppob/product-service/internal/services/product_service.go:348.23,350.3 1 0
github.com/yontech/ppob/product-service/internal/services/product_service.go:351.2,351.22 1 0
github.com/yontech/ppob/product-service/internal/services/product_service.go:351.22,353.3 1 0
github.com/yontech/ppob/product-service/internal/services/product_service.go:354.2,354.25 1 0
github.com/yontech/ppob/product-service/internal/services/product_service.go:354.25,356.3 1 0
github.com/yontech/ppob/product-service/internal/services/product_service.go:357.2,357.26 1 0
github.com/yontech/ppob/product-service/internal/services/product_service.go:357.26,359.3 1 0
github.com/yontech/ppob/product-service/internal/services/product_service.go:360.2,360.27 1 0
github.com/yontech/ppob/product-service/internal/services/product_service.go:360.27,362.3 1 0
github.com/yontech/ppob/product-service/internal/services/product_service.go:363.2,363.31 1 0
github.com/yontech/ppob/product-service/internal/services/product_service.go:363.31,365.3 1 0
github.com/yontech/ppob/product-service/internal/services/product_service.go:367.2,367.56 1 0
github.com/yontech/ppob/product-service/internal/services/product_service.go:367.56,369.3 1 0
github.com/yontech/ppob/product-service/internal/services/product_service.go:371.2,383.8 1 0
github.com/yontech/ppob/product-service/internal/services/product_service.go:386.77,388.16 2 0
github.com/yontech/ppob/product-service/internal/services/product_service.go:388.16,390.3 1 0
github.com/yontech/ppob/product-service/internal/services/product_service.go:392.2,392.34 1 0
github.com/yontech/ppob/product-service/internal/services/product_service.go:395.125,409.56 2 0
github.com/yontech/ppob/product-service/internal/services/product_service.go:409.56,411.3 1 0
github.com/yontech/ppob/product-service/internal/services/product_service.go:413.2,425.8 1 0
github.com/yontech/ppob/product-service/internal/services/sync_service.go:29.102,31.2 1 0
github.com/yontech/ppob/product-service/internal/services/sync_service.go:50.77,53.16 3 0
github.com/yontech/ppob/product-service/internal/services/sync_service.go:53.16,55.3 1 0
github.com/yontech/ppob/product-service/internal/services/sync_service.go:56.2,56.19 1 0
github.com/yontech/ppob/product-service/internal/services/sync_service.go:56.19,58.3 1 0
github.com/yontech/ppob/product-service/internal/services/sync_service.go:59.2,62.16 3 0
github.com/yontech/ppob/product-service/internal/services/sync_service.go:62.16,64.3 1 0
github.com/yontech/ppob/product-service/internal/services/sync_service.go:67.2,71.29 4 0
github.com/yontech/ppob/product-service/internal/services/sync_service.go:71.29,78.36 5 0
github.com/yontech/ppob/product-service/internal/services/sync_service.go:78.36,95.4 2 0
github.com/yontech/ppob/product-service/internal/services/sync_service.go:95.9,95.24 1 0
github.com/yontech/ppob/product-service/internal/services/sync_service.go:95.24,106.4 10 0
github.com/yontech/ppob/product-service/internal/services/sync_service.go:109.2,110.12 2 0
github.com/yontech/ppob/product-service/internal/services/sync_service.go:113.78,116.16 3 0
github.com/yontech/ppob/product-service/internal/services/sync_service.go:116.16,118.3 1 0
github.com/yontech/ppob/product-service/internal/services/sync_service.go:119.2,119.19 1 0
github.com/yontech/ppob/product-service/internal/services/sync_service.go:119.19,121.3 1 0
github.com/yontech/ppob/product-service/internal/services/sync_service.go:122.2,125.16 3 0
github.com/yontech/ppob/product-service/internal/services/sync_service.go:125.16,127.3 1 0
github.com/yontech/ppob/product-service/internal/services/sync_service.go:130.2,134.29 4 0
github.com/yontech/ppob/product-service/internal/services/sync_service.go:134.29,141.36 5 0
github.com/yontech/ppob/product-service/internal/services/sync_service.go:141.36,158.4 2 0
github.com/yontech/ppob/product-service/internal/services/sync_service.go:158.9,158.24 1 0
github.com/yontech/ppob/product-service/internal/services/sync_service.go:158.24,169.4 10 0
github.com/yontech/ppob/product-service/internal/services/sync_service.go:172.2,173.12 2 0
github.com/yontech/ppob/product-service/internal/services/sync_service.go:176.153,179.35 2 0
github.com/yontech/ppob/product-service/internal/services/sync_service.go:179.35,180.69 1 0
github.com/yontech/ppob/product-service/internal/services/sync_service.go:180.69,182.9 2 0
github.com/yontech/ppob/product-service/internal/services/sync_service.go:187.2,187.28 1 0
github.com/yontech/ppob/product-service/internal/services/sync_service.go:187.28,188.36 1 0
github.com/yontech/ppob/product-service/internal/services/sync_service.go:188.36,189.33 1 0
github.com/yontech/ppob/product-service/internal/services/sync_service.go:189.33,191.10 2 0
github.com/yontech/ppob/product-service/internal/services/sync_service.go:197.2,197.28 1 0
github.com/yontech/ppob/product-service/internal/services/sync_service.go:197.28,199.3 1 0
github.com/yontech/ppob/product-service/internal/services/sync_service.go:201.2,202.45 2 0
github.com/yontech/ppob/product-service/internal/services/sync_service.go:202.45,204.3 1 0
github.com/yontech/ppob/product-service/internal/services/sync_service.go:204.8,206.3 1 0
github.com/yontech/ppob/product-service/internal/services/sync_service.go:208.2,208.39 1 0
github.com/yontech/ppob/product-service/internal/services/sync_service.go:211.122,212.30 1 0
github.com/yontech/ppob/product-service/internal/services/sync_service.go:212.30,214.3 1 0
github.com/yontech/ppob/product-service/internal/services/sync_service.go:216.2,229.16 8 0
github.com/yontech/ppob/product-service/internal/services/sync_service.go:229.16,231.3 1 0
github.com/yontech/ppob/product-service/internal/services/sync_service.go:232.2,235.67 3 0
github.com/yontech/ppob/product-service/internal/services/sync_service.go:235.67,237.3 1 0
github.com/yontech/ppob/product-service/internal/services/sync_service.go:239.2,239.21 1 0
github.com/yontech/ppob/product-service/internal/services/sync_service.go:239.21,241.3 1 0
github.com/yontech/ppob/product-service/internal/services/sync_service.go:243.2,243.25 1 0
github.com/yontech/ppob/product-service/internal/services/sync_service.go:246.85,247.30 1 0
github.com/yontech/ppob/product-service/internal/services/sync_service.go:247.30,260.3 1 0
github.com/yontech/ppob/product-service/internal/services/sync_service.go:261.2,265.3 1 0
github.com/yontech/ppob/product-service/internal/services/sync_service.go:268.98,269.16 1 0
github.com/yontech/ppob/product-service/internal/services/sync_service.go:269.16,271.3 1 0
github.com/yontech/ppob/product-service/internal/services/sync_service.go:273.2,275.35 3 0
github.com/yontech/ppob/product-service/internal/services/sync_service.go:275.35,283.3 2 0
github.com/yontech/ppob/product-service/internal/services/sync_service.go:284.2,284.25 1 0
github.com/yontech/ppob/product-service/internal/services/sync_service.go:287.62,288.16 1 0
github.com/yontech/ppob/product-service/internal/services/sync_service.go:289.32,290.18 1 0
github.com/yontech/ppob/product-service/internal/services/sync_service.go:291.43,292.23 1 0
github.com/yontech/ppob/product-service/internal/services/sync_service.go:293.10,294.20 1 0
github.com/yontech/ppob/product-service/internal/services/sync_service.go:298.108,301.2 2 0
github.com/yontech/ppob/product-service/internal/services/sync_service.go:303.81,305.2 1 0
github.com/yontech/ppob/product-service/internal/services/sync_service.go:307.93,310.2 2 0
github.com/yontech/ppob/product-service/internal/services/sync_service.go:312.106,315.16 3 0
github.com/yontech/ppob/product-service/internal/services/sync_service.go:315.16,317.3 1 0
github.com/yontech/ppob/product-service/internal/services/sync_service.go:318.2,318.30 1 0
github.com/yontech/ppob/product-service/internal/services/sync_service.go:325.69,327.2 1 0
github.com/yontech/ppob/product-service/internal/services/sync_service.go:339.106,342.16 3 0
github.com/yontech/ppob/product-service/internal/services/sync_service.go:342.16,349.3 1 0
github.com/yontech/ppob/product-service/internal/services/sync_service.go:351.2,352.24 2 0
github.com/yontech/ppob/product-service/internal/services/sync_service.go:352.24,354.3 1 0
github.com/yontech/ppob/product-service/internal/services/sync_service.go:356.2,366.16 3 0
github.com/yontech/ppob/product-service/internal/services/sync_service.go:366.16,369.3 2 0
github.com/yontech/ppob/product-service/internal/services/sync_service.go:371.2,371.23 1 0
github.com/yontech/ppob/product-service/internal/services/sync_service.go:371.23,373.3 1 0
github.com/yontech/ppob/product-service/internal/services/sync_service.go:375.2,375.15 1 0
github.com/yontech/ppob/product-service/internal/services/sync_service.go:378.110,380.35 2 0
github.com/yontech/ppob/product-service/internal/services/sync_service.go:380.35,382.3 1 0
github.com/yontech/ppob/product-service/internal/services/sync_service.go:383.2,383.16 1 0
