mode: set
github.com/yontech/ppob/wallet-service/internal/services/event_handler.go:16.78,20.2 1 0
github.com/yontech/ppob/wallet-service/internal/services/event_handler.go:22.103,25.19 2 0
github.com/yontech/ppob/wallet-service/internal/services/event_handler.go:26.25,27.46 1 0
github.com/yontech/ppob/wallet-service/internal/services/event_handler.go:28.29,29.50 1 0
github.com/yontech/ppob/wallet-service/internal/services/event_handler.go:30.10,32.13 2 0
github.com/yontech/ppob/wallet-service/internal/services/event_handler.go:36.94,41.63 2 0
github.com/yontech/ppob/wallet-service/internal/services/event_handler.go:41.63,43.3 1 0
github.com/yontech/ppob/wallet-service/internal/services/event_handler.go:46.2,52.50 2 0
github.com/yontech/ppob/wallet-service/internal/services/event_handler.go:55.98,64.63 2 0
github.com/yontech/ppob/wallet-service/internal/services/event_handler.go:64.63,66.3 1 0
github.com/yontech/ppob/wallet-service/internal/services/event_handler.go:68.2,68.30 1 0
github.com/yontech/ppob/wallet-service/internal/services/event_handler.go:68.30,72.3 2 0
github.com/yontech/ppob/wallet-service/internal/services/event_handler.go:74.2,75.12 2 0
github.com/yontech/ppob/wallet-service/internal/services/wallet_service.go:40.18,49.2 2 1
github.com/yontech/ppob/wallet-service/internal/services/wallet_service.go:51.100,53.16 2 1
github.com/yontech/ppob/wallet-service/internal/services/wallet_service.go:53.16,55.3 1 0
github.com/yontech/ppob/wallet-service/internal/services/wallet_service.go:57.2,64.8 1 1
github.com/yontech/ppob/wallet-service/internal/services/wallet_service.go:67.108,69.16 2 0
github.com/yontech/ppob/wallet-service/internal/services/wallet_service.go:69.16,71.3 1 0
github.com/yontech/ppob/wallet-service/internal/services/wallet_service.go:73.2,74.16 2 0
github.com/yontech/ppob/wallet-service/internal/services/wallet_service.go:74.16,76.3 1 0
github.com/yontech/ppob/wallet-service/internal/services/wallet_service.go:78.2,86.8 1 0
github.com/yontech/ppob/wallet-service/internal/services/wallet_service.go:89.118,91.16 2 1
github.com/yontech/ppob/wallet-service/internal/services/wallet_service.go:91.16,93.3 1 0
github.com/yontech/ppob/wallet-service/internal/services/wallet_service.go:95.2,96.23 2 1
github.com/yontech/ppob/wallet-service/internal/services/wallet_service.go:96.23,99.3 2 0
github.com/yontech/ppob/wallet-service/internal/services/wallet_service.go:101.2,101.121 1 1
github.com/yontech/ppob/wallet-service/internal/services/wallet_service.go:101.121,102.45 1 0
github.com/yontech/ppob/wallet-service/internal/services/wallet_service.go:102.45,104.4 1 0
github.com/yontech/ppob/wallet-service/internal/services/wallet_service.go:105.3,105.18 1 0
github.com/yontech/ppob/wallet-service/internal/services/wallet_service.go:108.2,117.8 2 1
github.com/yontech/ppob/wallet-service/internal/services/wallet_service.go:120.106,122.16 2 1
github.com/yontech/ppob/wallet-service/internal/services/wallet_service.go:122.16,124.3 1 0
github.com/yontech/ppob/wallet-service/internal/services/wallet_service.go:126.2,127.16 2 1
github.com/yontech/ppob/wallet-service/internal/services/wallet_service.go:127.16,129.3 1 0
github.com/yontech/ppob/wallet-service/internal/services/wallet_service.go:131.2,131.32 1 1
github.com/yontech/ppob/wallet-service/internal/services/wallet_service.go:131.32,133.3 1 0
github.com/yontech/ppob/wallet-service/internal/services/wallet_service.go:135.2,135.73 1 1
github.com/yontech/ppob/wallet-service/internal/services/wallet_service.go:138.94,140.16 2 1
github.com/yontech/ppob/wallet-service/internal/services/wallet_service.go:140.16,142.3 1 0
github.com/yontech/ppob/wallet-service/internal/services/wallet_service.go:144.2,144.108 1 1
github.com/yontech/ppob/wallet-service/internal/services/wallet_service.go:144.108,145.45 1 1
github.com/yontech/ppob/wallet-service/internal/services/wallet_service.go:145.45,147.4 1 1
github.com/yontech/ppob/wallet-service/internal/services/wallet_service.go:148.3,148.13 1 0
github.com/yontech/ppob/wallet-service/internal/services/wallet_service.go:151.2,151.21 1 1
github.com/yontech/ppob/wallet-service/internal/services/wallet_service.go:151.21,153.3 1 0
github.com/yontech/ppob/wallet-service/internal/services/wallet_service.go:155.2,155.12 1 1
github.com/yontech/ppob/wallet-service/internal/services/wallet_service.go:158.96,160.16 2 1
github.com/yontech/ppob/wallet-service/internal/services/wallet_service.go:160.16,162.3 1 0
github.com/yontech/ppob/wallet-service/internal/services/wallet_service.go:164.2,164.93 1 1
github.com/yontech/ppob/wallet-service/internal/services/wallet_service.go:167.124,169.16 2 1
github.com/yontech/ppob/wallet-service/internal/services/wallet_service.go:169.16,171.3 1 0
github.com/yontech/ppob/wallet-service/internal/services/wallet_service.go:173.2,174.16 2 1
github.com/yontech/ppob/wallet-service/internal/services/wallet_service.go:174.16,176.3 1 0
github.com/yontech/ppob/wallet-service/internal/services/wallet_service.go:178.2,178.85 1 1
github.com/yontech/ppob/wallet-service/internal/services/wallet_service.go:181.130,183.16 2 0
github.com/yontech/ppob/wallet-service/internal/services/wallet_service.go:183.16,185.3 1 0
github.com/yontech/ppob/wallet-service/internal/services/wallet_service.go:187.2,188.16 2 0
github.com/yontech/ppob/wallet-service/internal/services/wallet_service.go:188.16,190.3 1 0
github.com/yontech/ppob/wallet-service/internal/services/wallet_service.go:192.2,192.34 1 0
github.com/yontech/ppob/wallet-service/internal/services/wallet_service.go:192.34,194.3 1 0
github.com/yontech/ppob/wallet-service/internal/services/wallet_service.go:196.2,196.89 1 0
github.com/yontech/ppob/wallet-service/internal/services/wallet_service.go:200.87,202.16 2 0
github.com/yontech/ppob/wallet-service/internal/services/wallet_service.go:202.16,204.3 1 0
github.com/yontech/ppob/wallet-service/internal/services/wallet_service.go:205.2,206.69 2 0
github.com/yontech/ppob/wallet-service/internal/services/wallet_service.go:209.123,211.16 2 0
github.com/yontech/ppob/wallet-service/internal/services/wallet_service.go:211.16,213.3 1 0
github.com/yontech/ppob/wallet-service/internal/services/wallet_service.go:215.2,216.16 2 0
github.com/yontech/ppob/wallet-service/internal/services/wallet_service.go:216.16,218.3 1 0
github.com/yontech/ppob/wallet-service/internal/services/wallet_service.go:220.2,221.31 2 0
github.com/yontech/ppob/wallet-service/internal/services/wallet_service.go:221.31,231.3 1 0
github.com/yontech/ppob/wallet-service/internal/services/wallet_service.go:233.2,233.23 1 0
github.com/yontech/ppob/wallet-service/internal/services/wallet_service.go:236.106,238.16 2 1
github.com/yontech/ppob/wallet-service/internal/services/wallet_service.go:238.16,240.3 1 0
github.com/yontech/ppob/wallet-service/internal/services/wallet_service.go:242.2,243.16 2 1
github.com/yontech/ppob/wallet-service/internal/services/wallet_service.go:243.16,245.3 1 0
github.com/yontech/ppob/wallet-service/internal/services/wallet_service.go:247.2,256.8 2 1
github.com/yontech/ppob/wallet-service/internal/services/wallet_service.go:259.139,264.36 4 0
github.com/yontech/ppob/wallet-service/internal/services/wallet_service.go:264.36,266.3 1 0
github.com/yontech/ppob/wallet-service/internal/services/wallet_service.go:268.2,268.41 1 0
github.com/yontech/ppob/wallet-service/internal/services/wallet_service.go:268.41,270.3 1 0
github.com/yontech/ppob/wallet-service/internal/services/wallet_service.go:272.2,275.12 3 0
github.com/yontech/ppob/wallet-service/internal/services/wallet_service.go:278.154,280.16 2 0
github.com/yontech/ppob/wallet-service/internal/services/wallet_service.go:280.16,282.3 1 0
github.com/yontech/ppob/wallet-service/internal/services/wallet_service.go:284.2,294.70 3 0
github.com/yontech/ppob/wallet-service/internal/services/wallet_service.go:294.70,296.3 1 0
github.com/yontech/ppob/wallet-service/internal/services/wallet_service.go:298.2,298.80 1 0
github.com/yontech/ppob/wallet-service/internal/services/wallet_service.go:301.123,303.16 2 0
github.com/yontech/ppob/wallet-service/internal/services/wallet_service.go:303.16,305.3 1 0
github.com/yontech/ppob/wallet-service/internal/services/wallet_service.go:307.2,310.96 3 0
github.com/yontech/ppob/wallet-service/internal/services/wallet_service.go:310.96,312.3 1 0
github.com/yontech/ppob/wallet-service/internal/services/wallet_service.go:314.2,316.31 3 0
github.com/yontech/ppob/wallet-service/internal/services/wallet_service.go:316.31,318.3 1 0
github.com/yontech/ppob/wallet-service/internal/services/wallet_service.go:320.2,320.12 1 0
github.com/yontech/ppob/wallet-service/internal/services/wallet_service.go:323.113,325.16 2 0
github.com/yontech/ppob/wallet-service/internal/services/wallet_service.go:325.16,327.3 1 0
github.com/yontech/ppob/wallet-service/internal/services/wallet_service.go:329.2,333.16 4 0
github.com/yontech/ppob/wallet-service/internal/services/wallet_service.go:333.16,335.3 1 0
github.com/yontech/ppob/wallet-service/internal/services/wallet_service.go:337.2,337.32 1 0
github.com/yontech/ppob/wallet-service/internal/services/wallet_service.go:337.32,339.3 1 0
github.com/yontech/ppob/wallet-service/internal/services/wallet_service.go:341.2,341.65 1 0
github.com/yontech/ppob/wallet-service/internal/services/wallet_service.go:344.127,346.16 2 0
github.com/yontech/ppob/wallet-service/internal/services/wallet_service.go:346.16,348.3 1 0
github.com/yontech/ppob/wallet-service/internal/services/wallet_service.go:350.2,355.94 4 0
github.com/yontech/ppob/wallet-service/internal/handlers/grpc_handler.go:18.85,22.2 1 0
github.com/yontech/ppob/wallet-service/internal/handlers/grpc_handler.go:24.128,26.16 2 0
github.com/yontech/ppob/wallet-service/internal/handlers/grpc_handler.go:26.16,28.3 1 0
github.com/yontech/ppob/wallet-service/internal/handlers/grpc_handler.go:30.2,37.8 1 0
github.com/yontech/ppob/wallet-service/internal/handlers/grpc_handler.go:40.125,49.16 3 0
github.com/yontech/ppob/wallet-service/internal/handlers/grpc_handler.go:49.16,51.3 1 0
github.com/yontech/ppob/wallet-service/internal/handlers/grpc_handler.go:53.2,60.8 1 0
github.com/yontech/ppob/wallet-service/internal/handlers/grpc_handler.go:63.131,70.16 3 0
github.com/yontech/ppob/wallet-service/internal/handlers/grpc_handler.go:70.16,72.3 1 0
github.com/yontech/ppob/wallet-service/internal/handlers/grpc_handler.go:74.2,74.56 1 0
github.com/yontech/ppob/wallet-service/internal/handlers/grpc_handler.go:77.113,86.16 3 0
github.com/yontech/ppob/wallet-service/internal/handlers/grpc_handler.go:86.16,88.3 1 0
github.com/yontech/ppob/wallet-service/internal/handlers/grpc_handler.go:90.2,90.50 1 0
github.com/yontech/ppob/wallet-service/internal/handlers/grpc_handler.go:93.116,101.16 3 0
github.com/yontech/ppob/wallet-service/internal/handlers/grpc_handler.go:101.16,103.3 1 0
github.com/yontech/ppob/wallet-service/internal/handlers/grpc_handler.go:105.2,105.51 1 0
github.com/yontech/ppob/wallet-service/internal/handlers/grpc_handler.go:108.122,110.16 2 0
github.com/yontech/ppob/wallet-service/internal/handlers/grpc_handler.go:110.16,112.3 1 0
github.com/yontech/ppob/wallet-service/internal/handlers/grpc_handler.go:114.2,114.53 1 0
github.com/yontech/ppob/wallet-service/internal/handlers/wallet_handler.go:17.77,19.2 1 0
github.com/yontech/ppob/wallet-service/internal/handlers/wallet_handler.go:21.52,23.13 2 0
github.com/yontech/ppob/wallet-service/internal/handlers/wallet_handler.go:23.13,26.3 2 0
github.com/yontech/ppob/wallet-service/internal/handlers/wallet_handler.go:28.2,29.16 2 0
github.com/yontech/ppob/wallet-service/internal/handlers/wallet_handler.go:29.16,32.3 2 0
github.com/yontech/ppob/wallet-service/internal/handlers/wallet_handler.go:34.2,34.29 1 0
github.com/yontech/ppob/wallet-service/internal/handlers/wallet_handler.go:37.60,39.13 2 0
github.com/yontech/ppob/wallet-service/internal/handlers/wallet_handler.go:39.13,42.3 2 0
github.com/yontech/ppob/wallet-service/internal/handlers/wallet_handler.go:44.2,45.16 2 0
github.com/yontech/ppob/wallet-service/internal/handlers/wallet_handler.go:45.16,48.3 2 0
github.com/yontech/ppob/wallet-service/internal/handlers/wallet_handler.go:50.2,50.29 1 0
github.com/yontech/ppob/wallet-service/internal/handlers/wallet_handler.go:53.51,56.16 3 0
github.com/yontech/ppob/wallet-service/internal/handlers/wallet_handler.go:56.16,59.3 2 0
github.com/yontech/ppob/wallet-service/internal/handlers/wallet_handler.go:61.2,62.47 2 0
github.com/yontech/ppob/wallet-service/internal/handlers/wallet_handler.go:62.47,65.3 2 0
github.com/yontech/ppob/wallet-service/internal/handlers/wallet_handler.go:67.2,68.16 2 0
github.com/yontech/ppob/wallet-service/internal/handlers/wallet_handler.go:68.16,69.42 1 0
github.com/yontech/ppob/wallet-service/internal/handlers/wallet_handler.go:69.42,72.4 2 0
github.com/yontech/ppob/wallet-service/internal/handlers/wallet_handler.go:73.3,74.9 2 0
github.com/yontech/ppob/wallet-service/internal/handlers/wallet_handler.go:77.2,77.29 1 0
github.com/yontech/ppob/wallet-service/internal/handlers/wallet_handler.go:80.53,83.16 3 0
github.com/yontech/ppob/wallet-service/internal/handlers/wallet_handler.go:83.16,86.3 2 0
github.com/yontech/ppob/wallet-service/internal/handlers/wallet_handler.go:88.2,89.47 2 0
github.com/yontech/ppob/wallet-service/internal/handlers/wallet_handler.go:89.47,92.3 2 0
github.com/yontech/ppob/wallet-service/internal/handlers/wallet_handler.go:94.2,94.89 1 0
github.com/yontech/ppob/wallet-service/internal/handlers/wallet_handler.go:94.89,97.3 2 0
github.com/yontech/ppob/wallet-service/internal/handlers/wallet_handler.go:99.2,99.71 1 0
github.com/yontech/ppob/wallet-service/internal/handlers/wallet_handler.go:102.47,105.16 3 0
github.com/yontech/ppob/wallet-service/internal/handlers/wallet_handler.go:105.16,108.3 2 0
github.com/yontech/ppob/wallet-service/internal/handlers/wallet_handler.go:110.2,111.47 2 0
github.com/yontech/ppob/wallet-service/internal/handlers/wallet_handler.go:111.47,114.3 2 0
github.com/yontech/ppob/wallet-service/internal/handlers/wallet_handler.go:116.2,116.83 1 0
github.com/yontech/ppob/wallet-service/internal/handlers/wallet_handler.go:116.83,119.3 2 0
github.com/yontech/ppob/wallet-service/internal/handlers/wallet_handler.go:121.2,121.65 1 0
github.com/yontech/ppob/wallet-service/internal/handlers/wallet_handler.go:124.48,127.16 3 0
github.com/yontech/ppob/wallet-service/internal/handlers/wallet_handler.go:127.16,130.3 2 0
github.com/yontech/ppob/wallet-service/internal/handlers/wallet_handler.go:132.2,133.47 2 0
github.com/yontech/ppob/wallet-service/internal/handlers/wallet_handler.go:133.47,136.3 2 0
github.com/yontech/ppob/wallet-service/internal/handlers/wallet_handler.go:138.2,138.84 1 0
github.com/yontech/ppob/wallet-service/internal/handlers/wallet_handler.go:138.84,141.3 2 0
github.com/yontech/ppob/wallet-service/internal/handlers/wallet_handler.go:143.2,143.66 1 0
github.com/yontech/ppob/wallet-service/internal/handlers/wallet_handler.go:146.50,150.47 3 0
github.com/yontech/ppob/wallet-service/internal/handlers/wallet_handler.go:150.47,153.3 2 0
github.com/yontech/ppob/wallet-service/internal/handlers/wallet_handler.go:155.2,155.128 1 0
github.com/yontech/ppob/wallet-service/internal/handlers/wallet_handler.go:155.128,158.3 2 0
github.com/yontech/ppob/wallet-service/internal/handlers/wallet_handler.go:160.2,160.64 1 0
github.com/yontech/ppob/wallet-service/internal/handlers/wallet_handler.go:163.52,167.47 3 0
github.com/yontech/ppob/wallet-service/internal/handlers/wallet_handler.go:167.47,170.3 2 0
github.com/yontech/ppob/wallet-service/internal/handlers/wallet_handler.go:172.2,172.133 1 0
github.com/yontech/ppob/wallet-service/internal/handlers/wallet_handler.go:172.133,175.3 2 0
github.com/yontech/ppob/wallet-service/internal/handlers/wallet_handler.go:177.2,177.62 1 0
github.com/yontech/ppob/wallet-service/internal/handlers/wallet_handler.go:181.47,183.13 2 0
github.com/yontech/ppob/wallet-service/internal/handlers/wallet_handler.go:183.13,186.3 2 0
github.com/yontech/ppob/wallet-service/internal/handlers/wallet_handler.go:188.2,189.47 2 0
github.com/yontech/ppob/wallet-service/internal/handlers/wallet_handler.go:189.47,192.3 2 0
github.com/yontech/ppob/wallet-service/internal/handlers/wallet_handler.go:194.2,194.94 1 0
github.com/yontech/ppob/wallet-service/internal/handlers/wallet_handler.go:194.94,197.3 2 0
github.com/yontech/ppob/wallet-service/internal/handlers/wallet_handler.go:199.2,199.62 1 0
github.com/yontech/ppob/wallet-service/internal/handlers/wallet_handler.go:202.51,204.13 2 0
github.com/yontech/ppob/wallet-service/internal/handlers/wallet_handler.go:204.13,207.3 2 0
github.com/yontech/ppob/wallet-service/internal/handlers/wallet_handler.go:209.2,213.16 4 0
github.com/yontech/ppob/wallet-service/internal/handlers/wallet_handler.go:213.16,216.3 2 0
github.com/yontech/ppob/wallet-service/internal/handlers/wallet_handler.go:218.2,218.46 1 0
github.com/yontech/ppob/wallet-service/internal/handlers/wallet_handler.go:221.51,224.16 3 0
github.com/yontech/ppob/wallet-service/internal/handlers/wallet_handler.go:224.16,227.3 2 0
github.com/yontech/ppob/wallet-service/internal/handlers/wallet_handler.go:229.2,230.16 2 0
github.com/yontech/ppob/wallet-service/internal/handlers/wallet_handler.go:230.16,233.3 2 0
github.com/yontech/ppob/wallet-service/internal/handlers/wallet_handler.go:235.2,235.29 1 0
github.com/yontech/ppob/wallet-service/internal/handlers/wallet_handler.go:246.65,250.47 3 0
github.com/yontech/ppob/wallet-service/internal/handlers/wallet_handler.go:250.47,253.3 2 0
github.com/yontech/ppob/wallet-service/internal/handlers/wallet_handler.go:255.2,256.25 2 0
github.com/yontech/ppob/wallet-service/internal/handlers/wallet_handler.go:256.25,259.3 2 0
github.com/yontech/ppob/wallet-service/internal/handlers/wallet_handler.go:261.2,262.16 2 0
github.com/yontech/ppob/wallet-service/internal/handlers/wallet_handler.go:262.16,263.42 1 0
github.com/yontech/ppob/wallet-service/internal/handlers/wallet_handler.go:263.42,266.4 2 0
github.com/yontech/ppob/wallet-service/internal/handlers/wallet_handler.go:267.3,268.9 2 0
github.com/yontech/ppob/wallet-service/internal/handlers/wallet_handler.go:271.2,271.72 1 0
github.com/yontech/ppob/wallet-service/internal/handlers/wallet_handler.go:274.67,277.25 3 0
github.com/yontech/ppob/wallet-service/internal/handlers/wallet_handler.go:277.25,280.3 2 0
github.com/yontech/ppob/wallet-service/internal/handlers/wallet_handler.go:282.2,283.16 2 0
github.com/yontech/ppob/wallet-service/internal/handlers/wallet_handler.go:283.16,284.38 1 0
github.com/yontech/ppob/wallet-service/internal/handlers/wallet_handler.go:284.38,287.4 2 0
github.com/yontech/ppob/wallet-service/internal/handlers/wallet_handler.go:288.3,289.9 2 0
github.com/yontech/ppob/wallet-service/internal/handlers/wallet_handler.go:292.2,292.74 1 0
github.com/yontech/ppob/wallet-service/internal/handlers/wallet_handler.go:295.61,299.47 3 0
github.com/yontech/ppob/wallet-service/internal/handlers/wallet_handler.go:299.47,302.3 2 0
github.com/yontech/ppob/wallet-service/internal/handlers/wallet_handler.go:304.2,305.25 2 0
github.com/yontech/ppob/wallet-service/internal/handlers/wallet_handler.go:305.25,308.3 2 0
github.com/yontech/ppob/wallet-service/internal/handlers/wallet_handler.go:310.2,311.16 2 0
github.com/yontech/ppob/wallet-service/internal/handlers/wallet_handler.go:311.16,312.42 1 0
github.com/yontech/ppob/wallet-service/internal/handlers/wallet_handler.go:312.42,315.4 2 0
github.com/yontech/ppob/wallet-service/internal/handlers/wallet_handler.go:316.3,317.9 2 0
github.com/yontech/ppob/wallet-service/internal/handlers/wallet_handler.go:320.2,320.68 1 0
github.com/yontech/ppob/wallet-service/config/config.go:34.21,50.28 2 0
github.com/yontech/ppob/wallet-service/config/config.go:50.28,52.17 2 0
github.com/yontech/ppob/wallet-service/config/config.go:52.17,54.4 1 0
github.com/yontech/ppob/wallet-service/config/config.go:54.9,56.4 1 0
github.com/yontech/ppob/wallet-service/config/config.go:59.2,59.12 1 0
github.com/yontech/ppob/wallet-service/config/config.go:62.46,63.42 1 0
github.com/yontech/ppob/wallet-service/config/config.go:63.42,65.3 1 0
github.com/yontech/ppob/wallet-service/config/config.go:66.2,66.21 1 0
github.com/yontech/ppob/wallet-service/config/config.go:69.44,78.16 3 0
github.com/yontech/ppob/wallet-service/config/config.go:78.16,80.3 1 0
github.com/yontech/ppob/wallet-service/config/config.go:82.2,83.16 2 0
github.com/yontech/ppob/wallet-service/config/config.go:83.16,85.3 1 0
github.com/yontech/ppob/wallet-service/config/config.go:87.2,92.16 5 0
github.com/yontech/ppob/wallet-service/config/config.go:95.43,105.47 4 0
github.com/yontech/ppob/wallet-service/config/config.go:105.47,107.3 1 0
github.com/yontech/ppob/wallet-service/config/config.go:109.2,110.15 2 0
github.com/yontech/ppob/wallet-service/internal/middleware/metrics.go:38.42,39.30 1 0
github.com/yontech/ppob/wallet-service/internal/middleware/metrics.go:39.30,43.44 1 0
github.com/yontech/ppob/wallet-service/internal/middleware/metrics.go:43.44,46.4 2 0
github.com/yontech/ppob/wallet-service/internal/middleware/metrics.go:48.3,59.17 9 0
github.com/yontech/ppob/wallet-service/internal/middleware/metrics.go:59.17,61.4 1 0
github.com/yontech/ppob/wallet-service/internal/middleware/metrics.go:63.3,64.70 2 0
github.com/yontech/ppob/wallet-service/internal/middleware/metrics.go:68.43,69.41 1 0
github.com/yontech/ppob/wallet-service/internal/middleware/metrics.go:69.42,70.3 0 0
github.com/yontech/ppob/wallet-service/internal/middleware/middleware.go:14.57,15.30 1 0
github.com/yontech/ppob/wallet-service/internal/middleware/middleware.go:15.30,17.23 2 0
github.com/yontech/ppob/wallet-service/internal/middleware/middleware.go:17.23,21.4 3 0
github.com/yontech/ppob/wallet-service/internal/middleware/middleware.go:23.3,24.46 2 0
github.com/yontech/ppob/wallet-service/internal/middleware/middleware.go:24.46,28.4 3 0
github.com/yontech/ppob/wallet-service/internal/middleware/middleware.go:30.3,32.17 3 0
github.com/yontech/ppob/wallet-service/internal/middleware/middleware.go:32.17,36.4 3 0
github.com/yontech/ppob/wallet-service/internal/middleware/middleware.go:38.3,40.11 3 0
github.com/yontech/ppob/wallet-service/internal/middleware/middleware.go:44.39,45.30 1 0
github.com/yontech/ppob/wallet-service/internal/middleware/middleware.go:45.30,51.36 5 0
github.com/yontech/ppob/wallet-service/internal/middleware/middleware.go:51.36,54.4 2 0
github.com/yontech/ppob/wallet-service/internal/middleware/middleware.go:56.3,56.11 1 0
github.com/yontech/ppob/wallet-service/internal/middleware/middleware.go:60.89,61.83 1 0
github.com/yontech/ppob/wallet-service/internal/middleware/middleware.go:61.83,62.57 1 0
github.com/yontech/ppob/wallet-service/internal/middleware/middleware.go:62.57,64.4 1 0
github.com/yontech/ppob/wallet-service/internal/middleware/middleware.go:65.3,65.24 1 0
github.com/yontech/ppob/wallet-service/internal/middleware/middleware.go:68.2,68.16 1 0
github.com/yontech/ppob/wallet-service/internal/middleware/middleware.go:68.16,70.3 1 0
github.com/yontech/ppob/wallet-service/internal/middleware/middleware.go:72.2,72.67 1 0
github.com/yontech/ppob/wallet-service/internal/middleware/middleware.go:72.67,74.3 1 0
github.com/yontech/ppob/wallet-service/internal/middleware/middleware.go:76.2,76.37 1 0
github.com/yontech/ppob/wallet-service/internal/middleware/rate_limit.go:19.67,29.2 3 0
github.com/yontech/ppob/wallet-service/internal/middleware/rate_limit.go:31.38,35.21 3 0
github.com/yontech/ppob/wallet-service/internal/middleware/rate_limit.go:35.21,38.39 3 0
github.com/yontech/ppob/wallet-service/internal/middleware/rate_limit.go:38.39,40.28 2 0
github.com/yontech/ppob/wallet-service/internal/middleware/rate_limit.go:40.28,41.31 1 0
github.com/yontech/ppob/wallet-service/internal/middleware/rate_limit.go:41.31,43.6 1 0
github.com/yontech/ppob/wallet-service/internal/middleware/rate_limit.go:45.4,45.23 1 0
github.com/yontech/ppob/wallet-service/internal/middleware/rate_limit.go:45.23,47.5 1 0
github.com/yontech/ppob/wallet-service/internal/middleware/rate_limit.go:47.10,49.5 1 0
github.com/yontech/ppob/wallet-service/internal/middleware/rate_limit.go:51.3,51.17 1 0
github.com/yontech/ppob/wallet-service/internal/middleware/rate_limit.go:55.47,63.37 6 0
github.com/yontech/ppob/wallet-service/internal/middleware/rate_limit.go:63.37,64.27 1 0
github.com/yontech/ppob/wallet-service/internal/middleware/rate_limit.go:64.27,66.4 1 0
github.com/yontech/ppob/wallet-service/internal/middleware/rate_limit.go:69.2,69.28 1 0
github.com/yontech/ppob/wallet-service/internal/middleware/rate_limit.go:69.28,72.3 2 0
github.com/yontech/ppob/wallet-service/internal/middleware/rate_limit.go:74.2,75.13 2 0
github.com/yontech/ppob/wallet-service/internal/middleware/rate_limit.go:78.65,81.30 2 0
github.com/yontech/ppob/wallet-service/internal/middleware/rate_limit.go:81.30,84.25 2 0
github.com/yontech/ppob/wallet-service/internal/middleware/rate_limit.go:84.25,92.4 4 0
github.com/yontech/ppob/wallet-service/internal/middleware/rate_limit.go:94.3,94.11 1 0
github.com/yontech/ppob/wallet-service/internal/middleware/rate_limit.go:98.69,101.30 2 0
github.com/yontech/ppob/wallet-service/internal/middleware/rate_limit.go:101.30,103.14 2 0
github.com/yontech/ppob/wallet-service/internal/middleware/rate_limit.go:103.14,106.4 2 0
github.com/yontech/ppob/wallet-service/internal/middleware/rate_limit.go:108.3,110.26 2 0
github.com/yontech/ppob/wallet-service/internal/middleware/rate_limit.go:110.26,118.4 4 0
github.com/yontech/ppob/wallet-service/internal/middleware/rate_limit.go:120.3,120.11 1 0
github.com/yontech/ppob/wallet-service/internal/middleware/tracing.go:10.42,13.30 2 0
github.com/yontech/ppob/wallet-service/internal/middleware/tracing.go:13.30,17.16 3 0
github.com/yontech/ppob/wallet-service/internal/middleware/tracing.go:17.16,21.4 3 0
github.com/yontech/ppob/wallet-service/internal/middleware/tracing.go:23.3,26.24 3 0
github.com/yontech/ppob/wallet-service/internal/middleware/tracing.go:26.24,28.4 1 0
github.com/yontech/ppob/wallet-service/internal/repository/wallet_repository.go:15.57,17.2 1 0
github.com/yontech/ppob/wallet-service/internal/repository/wallet_repository.go:19.45,21.2 1 0
github.com/yontech/ppob/wallet-service/internal/repository/wallet_repository.go:23.64,25.2 1 0
github.com/yontech/ppob/wallet-service/internal/repository/wallet_repository.go:27.78,30.16 3 0
github.com/yontech/ppob/wallet-service/internal/repository/wallet_repository.go:30.16,32.3 1 0
github.com/yontech/ppob/wallet-service/internal/repository/wallet_repository.go:33.2,33.21 1 0
github.com/yontech/ppob/wallet-service/internal/repository/wallet_repository.go:36.70,39.16 3 0
github.com/yontech/ppob/wallet-service/internal/repository/wallet_repository.go:39.16,41.3 1 0
github.com/yontech/ppob/wallet-service/internal/repository/wallet_repository.go:42.2,42.21 1 0
github.com/yontech/ppob/wallet-service/internal/repository/wallet_repository.go:45.92,48.16 3 0
github.com/yontech/ppob/wallet-service/internal/repository/wallet_repository.go:48.16,50.3 1 0
github.com/yontech/ppob/wallet-service/internal/repository/wallet_repository.go:51.2,51.21 1 0
github.com/yontech/ppob/wallet-service/internal/repository/wallet_repository.go:54.100,57.16 3 0
github.com/yontech/ppob/wallet-service/internal/repository/wallet_repository.go:57.16,59.3 1 0
github.com/yontech/ppob/wallet-service/internal/repository/wallet_repository.go:60.2,60.21 1 0
github.com/yontech/ppob/wallet-service/internal/repository/wallet_repository.go:63.64,65.2 1 0
github.com/yontech/ppob/wallet-service/internal/repository/wallet_repository.go:67.113,71.2 1 0
github.com/yontech/ppob/wallet-service/internal/repository/wallet_repository.go:73.119,75.24 2 0
github.com/yontech/ppob/wallet-service/internal/repository/wallet_repository.go:75.24,77.3 1 0
github.com/yontech/ppob/wallet-service/internal/repository/wallet_repository.go:78.2,80.55 1 0
github.com/yontech/ppob/wallet-service/internal/repository/wallet_repository.go:83.113,84.50 1 0
github.com/yontech/ppob/wallet-service/internal/repository/wallet_repository.go:84.50,86.17 2 0
github.com/yontech/ppob/wallet-service/internal/repository/wallet_repository.go:86.17,88.4 1 0
github.com/yontech/ppob/wallet-service/internal/repository/wallet_repository.go:90.3,101.48 3 0
github.com/yontech/ppob/wallet-service/internal/repository/wallet_repository.go:101.48,103.4 1 0
github.com/yontech/ppob/wallet-service/internal/repository/wallet_repository.go:105.3,106.31 2 0
github.com/yontech/ppob/wallet-service/internal/repository/wallet_repository.go:110.112,111.50 1 0
github.com/yontech/ppob/wallet-service/internal/repository/wallet_repository.go:111.50,113.17 2 0
github.com/yontech/ppob/wallet-service/internal/repository/wallet_repository.go:113.17,115.4 1 0
github.com/yontech/ppob/wallet-service/internal/repository/wallet_repository.go:117.3,118.25 2 0
github.com/yontech/ppob/wallet-service/internal/repository/wallet_repository.go:118.25,120.4 1 0
github.com/yontech/ppob/wallet-service/internal/repository/wallet_repository.go:122.3,133.48 3 0
github.com/yontech/ppob/wallet-service/internal/repository/wallet_repository.go:133.48,135.4 1 0
github.com/yontech/ppob/wallet-service/internal/repository/wallet_repository.go:137.3,138.31 2 0
github.com/yontech/ppob/wallet-service/internal/repository/wallet_repository.go:142.116,143.50 1 0
github.com/yontech/ppob/wallet-service/internal/repository/wallet_repository.go:143.50,145.17 2 0
github.com/yontech/ppob/wallet-service/internal/repository/wallet_repository.go:145.17,147.4 1 0
github.com/yontech/ppob/wallet-service/internal/repository/wallet_repository.go:149.3,150.25 2 0
github.com/yontech/ppob/wallet-service/internal/repository/wallet_repository.go:150.25,152.4 1 0
github.com/yontech/ppob/wallet-service/internal/repository/wallet_repository.go:154.3,155.17 2 0
github.com/yontech/ppob/wallet-service/internal/repository/wallet_repository.go:155.17,157.4 1 0
github.com/yontech/ppob/wallet-service/internal/repository/wallet_repository.go:159.3,168.53 2 0
github.com/yontech/ppob/wallet-service/internal/repository/wallet_repository.go:168.53,170.4 1 0
github.com/yontech/ppob/wallet-service/internal/repository/wallet_repository.go:171.3,172.51 2 0
github.com/yontech/ppob/wallet-service/internal/repository/wallet_repository.go:172.51,174.4 1 0
github.com/yontech/ppob/wallet-service/internal/repository/wallet_repository.go:176.3,185.54 2 0
github.com/yontech/ppob/wallet-service/internal/repository/wallet_repository.go:185.54,187.4 1 0
github.com/yontech/ppob/wallet-service/internal/repository/wallet_repository.go:188.3,189.33 2 0
github.com/yontech/ppob/wallet-service/internal/repository/wallet_repository.go:199.38,201.2 1 0
github.com/yontech/ppob/wallet-service/internal/repository/wallet_repository.go:207.55,209.2 1 0
github.com/yontech/ppob/wallet-service/internal/repository/wallet_repository.go:211.67,213.2 1 0
github.com/yontech/ppob/wallet-service/internal/repository/wallet_repository.go:215.106,219.2 3 0
github.com/yontech/ppob/wallet-service/internal/repository/wallet_repository.go:221.78,230.2 3 0
github.com/yontech/ppob/wallet-service/internal/repository/wallet_repository.go:232.86,242.16 3 0
github.com/yontech/ppob/wallet-service/internal/repository/wallet_repository.go:242.16,244.3 1 0
github.com/yontech/ppob/wallet-service/internal/repository/wallet_repository.go:246.2,247.28 2 0
github.com/yontech/ppob/wallet-service/internal/repository/wallet_repository.go:247.28,249.3 1 0
github.com/yontech/ppob/wallet-service/internal/repository/wallet_repository.go:250.2,250.21 1 0
github.com/yontech/ppob/wallet-service/internal/repository/wallet_repository.go:253.115,259.2 3 0
github.com/yontech/ppob/wallet-service/internal/repository/wallet_repository.go:265.53,267.2 1 0
github.com/yontech/ppob/wallet-service/internal/repository/wallet_repository.go:269.43,271.2 1 0
github.com/yontech/ppob/wallet-service/internal/repository/wallet_repository.go:273.58,275.2 1 0
github.com/yontech/ppob/wallet-service/internal/repository/wallet_repository.go:277.77,279.2 1 0
github.com/yontech/ppob/wallet-service/internal/repository/wallet_repository.go:281.99,284.16 3 0
github.com/yontech/ppob/wallet-service/internal/repository/wallet_repository.go:284.16,286.3 1 0
github.com/yontech/ppob/wallet-service/internal/repository/wallet_repository.go:287.2,287.19 1 0
github.com/yontech/ppob/wallet-service/internal/repository/wallet_repository.go:290.121,293.16 3 0
github.com/yontech/ppob/wallet-service/internal/repository/wallet_repository.go:293.16,295.3 1 0
github.com/yontech/ppob/wallet-service/internal/repository/wallet_repository.go:296.2,296.19 1 0
github.com/yontech/ppob/wallet-service/internal/repository/wallet_repository.go:299.59,301.2 1 0
github.com/yontech/ppob/wallet-service/internal/repository/wallet_repository.go:303.78,305.2 1 0
github.com/yontech/ppob/wallet-service/internal/repository/wallet_repository.go:307.104,309.60 2 0
github.com/yontech/ppob/wallet-service/internal/repository/wallet_repository.go:309.60,311.3 1 0
github.com/yontech/ppob/wallet-service/internal/repository/wallet_repository.go:313.2,313.24 1 0
github.com/yontech/ppob/wallet-service/internal/repository/wallet_repository.go:313.24,315.3 1 0
github.com/yontech/ppob/wallet-service/internal/repository/wallet_repository.go:315.8,317.3 1 0
github.com/yontech/ppob/wallet-service/internal/repository/wallet_repository.go:319.2,319.33 1 0
github.com/yontech/ppob/wallet-service/internal/repository/wallet_repository.go:322.123,324.24 2 0
github.com/yontech/ppob/wallet-service/internal/repository/wallet_repository.go:324.24,326.3 1 0
github.com/yontech/ppob/wallet-service/internal/repository/wallet_repository.go:327.2,329.55 1 0
github.com/yontech/ppob/wallet-service/internal/repository/wallet_repository.go:332.136,333.50 1 0
github.com/yontech/ppob/wallet-service/internal/repository/wallet_repository.go:333.50,335.17 2 0
github.com/yontech/ppob/wallet-service/internal/repository/wallet_repository.go:335.17,337.4 1 0
github.com/yontech/ppob/wallet-service/internal/repository/wallet_repository.go:339.3,340.25 2 0
github.com/yontech/ppob/wallet-service/internal/repository/wallet_repository.go:340.25,342.4 1 0
github.com/yontech/ppob/wallet-service/internal/repository/wallet_repository.go:344.3,352.47 2 0
github.com/yontech/ppob/wallet-service/internal/repository/wallet_repository.go:352.47,354.4 1 0
github.com/yontech/ppob/wallet-service/internal/repository/wallet_repository.go:356.3,358.69 1 0
github.com/yontech/ppob/wallet-service/internal/repository/wallet_repository.go:362.85,363.50 1 0
github.com/yontech/ppob/wallet-service/internal/repository/wallet_repository.go:363.50,365.17 2 0
github.com/yontech/ppob/wallet-service/internal/repository/wallet_repository.go:365.17,367.4 1 0
github.com/yontech/ppob/wallet-service/internal/repository/wallet_repository.go:369.3,369.65 1 0
github.com/yontech/ppob/wallet-service/internal/repository/wallet_repository.go:369.65,371.4 1 0
github.com/yontech/ppob/wallet-service/internal/repository/wallet_repository.go:373.3,373.51 1 0
github.com/yontech/ppob/wallet-service/internal/repository/wallet_repository.go:373.51,375.4 1 0
github.com/yontech/ppob/wallet-service/internal/repository/wallet_repository.go:377.3,379.74 1 0
github.com/yontech/ppob/wallet-service/internal/repository/wallet_repository.go:389.36,391.2 1 0
github.com/yontech/ppob/wallet-service/cmd/main.go:27.13,41.16 3 0
github.com/yontech/ppob/wallet-service/cmd/main.go:41.16,43.3 1 0
github.com/yontech/ppob/wallet-service/cmd/main.go:45.2,60.12 11 0
github.com/yontech/ppob/wallet-service/cmd/main.go:60.12,62.92 2 0
github.com/yontech/ppob/wallet-service/cmd/main.go:62.92,64.4 1 0
github.com/yontech/ppob/wallet-service/cmd/main.go:67.2,68.12 2 0
github.com/yontech/ppob/wallet-service/cmd/main.go:68.12,70.99 2 0
github.com/yontech/ppob/wallet-service/cmd/main.go:70.99,72.4 1 0
github.com/yontech/ppob/wallet-service/cmd/main.go:76.2,77.16 2 0
github.com/yontech/ppob/wallet-service/cmd/main.go:77.16,79.3 1 0
github.com/yontech/ppob/wallet-service/cmd/main.go:80.2,83.12 3 0
github.com/yontech/ppob/wallet-service/cmd/main.go:83.12,85.47 2 0
github.com/yontech/ppob/wallet-service/cmd/main.go:85.47,87.4 1 0
github.com/yontech/ppob/wallet-service/cmd/main.go:90.2,96.40 6 0
github.com/yontech/ppob/wallet-service/cmd/main.go:96.40,98.3 1 0
github.com/yontech/ppob/wallet-service/cmd/main.go:99.2,99.45 1 0
github.com/yontech/ppob/wallet-service/cmd/main.go:99.45,101.3 1 0
github.com/yontech/ppob/wallet-service/cmd/main.go:102.2,102.46 1 0
github.com/yontech/ppob/wallet-service/cmd/main.go:102.46,104.40 2 0
github.com/yontech/ppob/wallet-service/cmd/main.go:104.40,107.4 2 0
github.com/yontech/ppob/wallet-service/cmd/main.go:108.3,108.47 1 0
github.com/yontech/ppob/wallet-service/cmd/main.go:110.2,114.2 4 0
github.com/yontech/ppob/wallet-service/cmd/main.go:114.2,116.3 2 0
github.com/yontech/ppob/wallet-service/cmd/main.go:116.3,128.4 11 0
github.com/yontech/ppob/wallet-service/cmd/main.go:129.3,130.3 2 0
github.com/yontech/ppob/wallet-service/cmd/main.go:130.3,134.4 3 0
github.com/yontech/ppob/wallet-service/cmd/main.go:137.2,142.12 2 0
github.com/yontech/ppob/wallet-service/cmd/main.go:142.12,144.77 2 0
github.com/yontech/ppob/wallet-service/cmd/main.go:144.77,146.4 1 0
github.com/yontech/ppob/wallet-service/cmd/main.go:149.2,157.42 8 0
github.com/yontech/ppob/wallet-service/cmd/main.go:157.42,159.3 1 0
github.com/yontech/ppob/wallet-service/cmd/main.go:160.2,160.30 1 0
