mode: set
github.com/yontech/ppob/transaction-service/internal/services/commission_worker.go:29.21,37.2 1 0
github.com/yontech/ppob/transaction-service/internal/services/commission_worker.go:43.55,45.6 2 0
github.com/yontech/ppob/transaction-service/internal/services/commission_worker.go:45.6,46.10 1 0
github.com/yontech/ppob/transaction-service/internal/services/commission_worker.go:47.21,48.10 1 0
github.com/yontech/ppob/transaction-service/internal/services/commission_worker.go:49.21,50.10 1 0
github.com/yontech/ppob/transaction-service/internal/services/commission_worker.go:51.11,54.18 2 0
github.com/yontech/ppob/transaction-service/internal/services/commission_worker.go:54.18,55.25 1 0
github.com/yontech/ppob/transaction-service/internal/services/commission_worker.go:55.25,57.6 1 0
github.com/yontech/ppob/transaction-service/internal/services/commission_worker.go:58.5,58.13 1 0
github.com/yontech/ppob/transaction-service/internal/services/commission_worker.go:61.4,62.64 2 0
github.com/yontech/ppob/transaction-service/internal/services/commission_worker.go:62.64,64.13 2 0
github.com/yontech/ppob/transaction-service/internal/services/commission_worker.go:67.4,67.65 1 0
github.com/yontech/ppob/transaction-service/internal/services/commission_worker.go:67.65,69.5 1 0
github.com/yontech/ppob/transaction-service/internal/services/commission_worker.go:74.35,76.2 1 0
github.com/yontech/ppob/transaction-service/internal/services/commission_worker.go:78.89,80.16 2 0
github.com/yontech/ppob/transaction-service/internal/services/commission_worker.go:80.16,82.3 1 0
github.com/yontech/ppob/transaction-service/internal/services/commission_worker.go:84.2,84.28 1 0
github.com/yontech/ppob/transaction-service/internal/services/commission_worker.go:84.28,86.3 1 0
github.com/yontech/ppob/transaction-service/internal/services/commission_worker.go:91.2,92.16 2 0
github.com/yontech/ppob/transaction-service/internal/services/commission_worker.go:92.16,94.59 1 0
github.com/yontech/ppob/transaction-service/internal/services/commission_worker.go:94.59,97.4 2 0
github.com/yontech/ppob/transaction-service/internal/services/commission_worker.go:98.3,98.13 1 0
github.com/yontech/ppob/transaction-service/internal/services/commission_worker.go:101.2,101.21 1 0
github.com/yontech/ppob/transaction-service/internal/services/commission_worker.go:101.21,103.3 1 0
github.com/yontech/ppob/transaction-service/internal/services/commission_worker.go:107.2,108.24 2 0
github.com/yontech/ppob/transaction-service/internal/services/commission_worker.go:108.24,110.3 1 0
github.com/yontech/ppob/transaction-service/internal/services/commission_worker.go:110.8,112.17 2 0
github.com/yontech/ppob/transaction-service/internal/services/commission_worker.go:112.17,114.4 1 0
github.com/yontech/ppob/transaction-service/internal/services/commission_worker.go:115.3,115.23 1 0
github.com/yontech/ppob/transaction-service/internal/services/commission_worker.go:120.2,121.16 2 0
github.com/yontech/ppob/transaction-service/internal/services/commission_worker.go:121.16,123.3 1 0
github.com/yontech/ppob/transaction-service/internal/services/commission_worker.go:125.2,126.12 2 0
github.com/yontech/ppob/transaction-service/internal/services/dailylimit_service.go:20.59,22.2 1 0
github.com/yontech/ppob/transaction-service/internal/services/dailylimit_service.go:24.105,30.35 4 0
github.com/yontech/ppob/transaction-service/internal/services/dailylimit_service.go:30.35,37.51 2 0
github.com/yontech/ppob/transaction-service/internal/services/dailylimit_service.go:37.51,39.4 1 0
github.com/yontech/ppob/transaction-service/internal/services/dailylimit_service.go:40.8,40.23 1 0
github.com/yontech/ppob/transaction-service/internal/services/dailylimit_service.go:40.23,42.3 1 0
github.com/yontech/ppob/transaction-service/internal/services/dailylimit_service.go:44.2,44.57 1 0
github.com/yontech/ppob/transaction-service/internal/services/dailylimit_service.go:44.57,46.3 1 0
github.com/yontech/ppob/transaction-service/internal/services/dailylimit_service.go:48.2,48.71 1 0
github.com/yontech/ppob/transaction-service/internal/services/dailylimit_service.go:48.71,50.3 1 0
github.com/yontech/ppob/transaction-service/internal/services/dailylimit_service.go:52.2,55.10 1 0
github.com/yontech/ppob/transaction-service/internal/services/dailylimit_service.go:58.84,63.16 4 0
github.com/yontech/ppob/transaction-service/internal/services/dailylimit_service.go:63.16,64.36 1 0
github.com/yontech/ppob/transaction-service/internal/services/dailylimit_service.go:64.36,66.4 1 0
github.com/yontech/ppob/transaction-service/internal/services/dailylimit_service.go:67.3,67.18 1 0
github.com/yontech/ppob/transaction-service/internal/services/dailylimit_service.go:70.2,70.20 1 0
github.com/yontech/ppob/transaction-service/internal/services/dailylimit_service.go:73.95,79.35 4 0
github.com/yontech/ppob/transaction-service/internal/services/dailylimit_service.go:79.35,89.3 2 0
github.com/yontech/ppob/transaction-service/internal/services/dailylimit_service.go:91.2,93.32 3 0
github.com/yontech/ppob/transaction-service/internal/services/dailylimit_service.go:96.117,98.16 2 0
github.com/yontech/ppob/transaction-service/internal/services/dailylimit_service.go:98.16,100.3 1 0
github.com/yontech/ppob/transaction-service/internal/services/dailylimit_service.go:102.2,102.18 1 0
github.com/yontech/ppob/transaction-service/internal/services/dailylimit_service.go:102.18,104.3 1 0
github.com/yontech/ppob/transaction-service/internal/services/dailylimit_service.go:106.2,107.24 2 0
github.com/yontech/ppob/transaction-service/internal/services/dailylimit_service.go:107.24,109.3 1 0
github.com/yontech/ppob/transaction-service/internal/services/dailylimit_service.go:111.2,112.25 2 0
github.com/yontech/ppob/transaction-service/internal/services/dailylimit_service.go:112.25,114.3 1 0
github.com/yontech/ppob/transaction-service/internal/services/dailylimit_service.go:116.2,116.45 1 0
github.com/yontech/ppob/transaction-service/internal/services/dailylimit_service.go:119.108,122.16 3 0
github.com/yontech/ppob/transaction-service/internal/services/dailylimit_service.go:122.16,123.36 1 0
github.com/yontech/ppob/transaction-service/internal/services/dailylimit_service.go:123.36,132.4 1 0
github.com/yontech/ppob/transaction-service/internal/services/dailylimit_service.go:133.3,133.18 1 0
github.com/yontech/ppob/transaction-service/internal/services/dailylimit_service.go:136.2,145.8 1 0
github.com/yontech/ppob/transaction-service/internal/services/integrity_service.go:16.57,18.2 1 0
github.com/yontech/ppob/transaction-service/internal/services/integrity_service.go:31.116,43.93 3 0
github.com/yontech/ppob/transaction-service/internal/services/integrity_service.go:43.93,45.3 1 0
github.com/yontech/ppob/transaction-service/internal/services/integrity_service.go:47.2,57.16 3 0
github.com/yontech/ppob/transaction-service/internal/services/integrity_service.go:57.16,59.3 1 0
github.com/yontech/ppob/transaction-service/internal/services/integrity_service.go:61.2,64.16 3 0
github.com/yontech/ppob/transaction-service/internal/services/integrity_service.go:64.16,67.3 2 0
github.com/yontech/ppob/transaction-service/internal/services/integrity_service.go:67.8,69.3 1 0
github.com/yontech/ppob/transaction-service/internal/services/integrity_service.go:71.2,80.27 3 0
github.com/yontech/ppob/transaction-service/internal/services/integrity_service.go:80.27,83.3 2 0
github.com/yontech/ppob/transaction-service/internal/services/integrity_service.go:83.8,85.3 1 0
github.com/yontech/ppob/transaction-service/internal/services/integrity_service.go:87.2,94.44 3 0
github.com/yontech/ppob/transaction-service/internal/services/integrity_service.go:94.44,97.3 2 0
github.com/yontech/ppob/transaction-service/internal/services/integrity_service.go:97.8,99.3 1 0
github.com/yontech/ppob/transaction-service/internal/services/integrity_service.go:101.2,103.20 2 0
github.com/yontech/ppob/transaction-service/internal/services/integrity_service.go:106.104,113.37 4 0
github.com/yontech/ppob/transaction-service/internal/services/integrity_service.go:113.37,115.17 2 0
github.com/yontech/ppob/transaction-service/internal/services/integrity_service.go:115.17,116.12 1 0
github.com/yontech/ppob/transaction-service/internal/services/integrity_service.go:118.3,118.37 1 0
github.com/yontech/ppob/transaction-service/internal/services/integrity_service.go:121.2,121.21 1 0
github.com/yontech/ppob/transaction-service/internal/services/integrity_service.go:124.122,136.98 3 0
github.com/yontech/ppob/transaction-service/internal/services/integrity_service.go:136.98,138.3 1 0
github.com/yontech/ppob/transaction-service/internal/services/integrity_service.go:140.2,142.39 2 0
github.com/yontech/ppob/transaction-service/internal/services/integrity_service.go:142.39,153.22 3 0
github.com/yontech/ppob/transaction-service/internal/services/integrity_service.go:153.22,155.4 1 0
github.com/yontech/ppob/transaction-service/internal/services/integrity_service.go:155.9,157.4 1 0
github.com/yontech/ppob/transaction-service/internal/services/integrity_service.go:159.3,159.30 1 0
github.com/yontech/ppob/transaction-service/internal/services/integrity_service.go:159.30,161.4 1 0
github.com/yontech/ppob/transaction-service/internal/services/integrity_service.go:161.9,163.4 1 0
github.com/yontech/ppob/transaction-service/internal/services/integrity_service.go:165.3,165.57 1 0
github.com/yontech/ppob/transaction-service/internal/services/integrity_service.go:168.2,168.18 1 0
github.com/yontech/ppob/transaction-service/internal/services/margin_service.go:28.100,30.2 1 1
github.com/yontech/ppob/transaction-service/internal/services/margin_service.go:50.137,52.16 2 0
github.com/yontech/ppob/transaction-service/internal/services/margin_service.go:52.16,54.3 1 0
github.com/yontech/ppob/transaction-service/internal/services/margin_service.go:56.2,59.16 3 0
github.com/yontech/ppob/transaction-service/internal/services/margin_service.go:59.16,61.3 1 0
github.com/yontech/ppob/transaction-service/internal/services/margin_service.go:63.2,64.16 2 0
github.com/yontech/ppob/transaction-service/internal/services/margin_service.go:64.16,66.3 1 0
github.com/yontech/ppob/transaction-service/internal/services/margin_service.go:68.2,73.54 4 0
github.com/yontech/ppob/transaction-service/internal/services/margin_service.go:73.54,77.3 3 0
github.com/yontech/ppob/transaction-service/internal/services/margin_service.go:77.8,80.43 3 0
github.com/yontech/ppob/transaction-service/internal/services/margin_service.go:80.43,82.4 1 0
github.com/yontech/ppob/transaction-service/internal/services/margin_service.go:84.3,85.27 2 0
github.com/yontech/ppob/transaction-service/internal/services/margin_service.go:88.2,96.8 1 0
github.com/yontech/ppob/transaction-service/internal/services/margin_service.go:99.87,102.16 3 0
github.com/yontech/ppob/transaction-service/internal/services/margin_service.go:102.16,104.3 1 0
github.com/yontech/ppob/transaction-service/internal/services/margin_service.go:105.2,105.22 1 0
github.com/yontech/ppob/transaction-service/internal/services/margin_service.go:108.86,111.16 3 0
github.com/yontech/ppob/transaction-service/internal/services/margin_service.go:111.16,112.36 1 0
github.com/yontech/ppob/transaction-service/internal/services/margin_service.go:112.36,120.4 1 0
github.com/yontech/ppob/transaction-service/internal/services/margin_service.go:121.3,121.18 1 0
github.com/yontech/ppob/transaction-service/internal/services/margin_service.go:123.2,123.23 1 0
github.com/yontech/ppob/transaction-service/internal/services/margin_service.go:126.109,129.16 3 0
github.com/yontech/ppob/transaction-service/internal/services/margin_service.go:129.16,131.3 1 0
github.com/yontech/ppob/transaction-service/internal/services/margin_service.go:132.2,132.23 1 0
github.com/yontech/ppob/transaction-service/internal/services/margin_service.go:135.152,141.16 2 0
github.com/yontech/ppob/transaction-service/internal/services/margin_service.go:141.16,143.3 1 0
github.com/yontech/ppob/transaction-service/internal/services/margin_service.go:145.2,145.54 1 0
github.com/yontech/ppob/transaction-service/internal/services/margin_service.go:154.109,160.2 1 0
github.com/yontech/ppob/transaction-service/internal/services/margin_service.go:162.204,164.15 2 0
github.com/yontech/ppob/transaction-service/internal/services/margin_service.go:164.15,165.31 1 0
github.com/yontech/ppob/transaction-service/internal/services/margin_service.go:165.31,167.4 1 0
github.com/yontech/ppob/transaction-service/internal/services/margin_service.go:170.2,186.52 4 0
github.com/yontech/ppob/transaction-service/internal/services/margin_service.go:186.52,189.3 2 0
github.com/yontech/ppob/transaction-service/internal/services/margin_service.go:191.2,191.24 1 0
github.com/yontech/ppob/transaction-service/internal/services/margin_service.go:191.24,193.98 2 0
github.com/yontech/ppob/transaction-service/internal/services/margin_service.go:193.98,196.4 2 0
github.com/yontech/ppob/transaction-service/internal/services/margin_service.go:199.2,199.42 1 0
github.com/yontech/ppob/transaction-service/internal/services/margin_service.go:199.42,201.3 1 0
github.com/yontech/ppob/transaction-service/internal/services/margin_service.go:203.2,203.24 1 0
github.com/yontech/ppob/transaction-service/internal/services/margin_service.go:206.180,219.54 4 0
github.com/yontech/ppob/transaction-service/internal/services/margin_service.go:219.54,221.3 1 0
github.com/yontech/ppob/transaction-service/internal/services/margin_service.go:223.2,223.24 1 0
github.com/yontech/ppob/transaction-service/internal/services/margin_service.go:226.107,230.2 3 0
github.com/yontech/ppob/transaction-service/internal/services/margin_service.go:232.84,241.2 3 0
github.com/yontech/ppob/transaction-service/internal/services/postpaid_service.go:21.69,23.2 1 0
github.com/yontech/ppob/transaction-service/internal/services/postpaid_service.go:25.110,42.2 4 0
github.com/yontech/ppob/transaction-service/internal/services/postpaid_service.go:44.92,47.16 3 0
github.com/yontech/ppob/transaction-service/internal/services/postpaid_service.go:47.16,48.45 1 0
github.com/yontech/ppob/transaction-service/internal/services/postpaid_service.go:48.45,50.4 1 0
github.com/yontech/ppob/transaction-service/internal/services/postpaid_service.go:51.3,51.18 1 0
github.com/yontech/ppob/transaction-service/internal/services/postpaid_service.go:53.2,53.22 1 0
github.com/yontech/ppob/transaction-service/internal/services/postpaid_service.go:56.112,58.16 2 0
github.com/yontech/ppob/transaction-service/internal/services/postpaid_service.go:58.16,60.3 1 0
github.com/yontech/ppob/transaction-service/internal/services/postpaid_service.go:62.2,62.41 1 0
github.com/yontech/ppob/transaction-service/internal/services/postpaid_service.go:62.41,64.3 1 0
github.com/yontech/ppob/transaction-service/internal/services/postpaid_service.go:66.2,66.38 1 0
github.com/yontech/ppob/transaction-service/internal/services/postpaid_service.go:66.38,68.3 1 0
github.com/yontech/ppob/transaction-service/internal/services/postpaid_service.go:70.2,70.21 1 0
github.com/yontech/ppob/transaction-service/internal/services/postpaid_service.go:73.66,76.2 2 0
github.com/yontech/ppob/transaction-service/internal/services/reconciliation_service.go:26.103,31.2 1 0
github.com/yontech/ppob/transaction-service/internal/services/reconciliation_service.go:39.107,53.16 5 0
github.com/yontech/ppob/transaction-service/internal/services/reconciliation_service.go:53.16,55.3 1 0
github.com/yontech/ppob/transaction-service/internal/services/reconciliation_service.go:57.2,59.34 2 0
github.com/yontech/ppob/transaction-service/internal/services/reconciliation_service.go:59.34,60.55 1 0
github.com/yontech/ppob/transaction-service/internal/services/reconciliation_service.go:60.55,63.12 3 0
github.com/yontech/ppob/transaction-service/internal/services/reconciliation_service.go:65.3,65.27 1 0
github.com/yontech/ppob/transaction-service/internal/services/reconciliation_service.go:68.2,71.20 2 0
github.com/yontech/ppob/transaction-service/internal/services/reconciliation_service.go:74.95,76.27 1 0
github.com/yontech/ppob/transaction-service/internal/services/reconciliation_service.go:76.27,77.100 1 0
github.com/yontech/ppob/transaction-service/internal/services/reconciliation_service.go:77.100,81.4 1 0
github.com/yontech/ppob/transaction-service/internal/services/reconciliation_service.go:84.2,84.69 1 0
github.com/yontech/ppob/transaction-service/internal/services/reconciliation_service.go:84.69,94.45 9 0
github.com/yontech/ppob/transaction-service/internal/services/reconciliation_service.go:94.45,96.4 1 0
github.com/yontech/ppob/transaction-service/internal/services/reconciliation_service.go:98.3,100.13 2 0
github.com/yontech/ppob/transaction-service/internal/services/reconciliation_service.go:104.145,116.2 2 0
github.com/yontech/ppob/transaction-service/internal/services/reconciliation_service.go:118.84,142.25 4 0
github.com/yontech/ppob/transaction-service/internal/services/reconciliation_service.go:142.25,144.32 2 0
github.com/yontech/ppob/transaction-service/internal/services/reconciliation_service.go:144.32,148.4 2 0
github.com/yontech/ppob/transaction-service/internal/services/reconciliation_service.go:151.2,152.12 2 0
github.com/yontech/ppob/transaction-service/internal/services/reconciliation_service.go:155.81,156.77 1 0
github.com/yontech/ppob/transaction-service/internal/services/reconciliation_service.go:156.77,159.3 2 0
github.com/yontech/ppob/transaction-service/internal/services/reconciliation_service.go:161.2,169.16 4 0
github.com/yontech/ppob/transaction-service/internal/services/reconciliation_service.go:169.16,171.3 1 0
github.com/yontech/ppob/transaction-service/internal/services/reconciliation_service.go:172.2,176.16 4 0
github.com/yontech/ppob/transaction-service/internal/services/reconciliation_service.go:176.16,178.3 1 0
github.com/yontech/ppob/transaction-service/internal/services/reconciliation_service.go:179.2,181.38 2 0
github.com/yontech/ppob/transaction-service/internal/services/reconciliation_service.go:181.38,183.3 1 0
github.com/yontech/ppob/transaction-service/internal/services/reconciliation_service.go:185.2,192.67 2 0
github.com/yontech/ppob/transaction-service/internal/services/reconciliation_service.go:192.67,194.3 1 0
github.com/yontech/ppob/transaction-service/internal/services/reconciliation_service.go:196.2,196.21 1 0
github.com/yontech/ppob/transaction-service/internal/services/reconciliation_service.go:196.21,199.3 2 0
github.com/yontech/ppob/transaction-service/internal/services/reconciliation_service.go:201.2,202.12 2 0
github.com/yontech/ppob/transaction-service/internal/services/reconciliation_service.go:205.99,214.2 8 0
github.com/yontech/ppob/transaction-service/internal/services/refund_service.go:28.117,34.2 1 0
github.com/yontech/ppob/transaction-service/internal/services/refund_service.go:36.67,38.15 2 0
github.com/yontech/ppob/transaction-service/internal/services/refund_service.go:38.15,39.31 1 0
github.com/yontech/ppob/transaction-service/internal/services/refund_service.go:39.31,41.4 1 0
github.com/yontech/ppob/transaction-service/internal/services/refund_service.go:44.2,46.16 3 0
github.com/yontech/ppob/transaction-service/internal/services/refund_service.go:46.16,48.3 1 0
github.com/yontech/ppob/transaction-service/internal/services/refund_service.go:50.2,50.38 1 0
github.com/yontech/ppob/transaction-service/internal/services/refund_service.go:50.38,52.3 1 0
github.com/yontech/ppob/transaction-service/internal/services/refund_service.go:54.2,57.21 3 0
github.com/yontech/ppob/transaction-service/internal/services/refund_service.go:57.21,59.17 2 0
github.com/yontech/ppob/transaction-service/internal/services/refund_service.go:59.17,62.4 2 0
github.com/yontech/ppob/transaction-service/internal/services/refund_service.go:65.2,67.16 3 0
github.com/yontech/ppob/transaction-service/internal/services/refund_service.go:67.16,70.3 2 0
github.com/yontech/ppob/transaction-service/internal/services/refund_service.go:72.2,72.41 1 0
github.com/yontech/ppob/transaction-service/internal/services/refund_service.go:72.41,83.17 3 0
github.com/yontech/ppob/transaction-service/internal/services/refund_service.go:83.17,86.4 2 0
github.com/yontech/ppob/transaction-service/internal/services/refund_service.go:88.3,89.40 2 0
github.com/yontech/ppob/transaction-service/internal/services/refund_service.go:89.40,91.18 2 0
github.com/yontech/ppob/transaction-service/internal/services/refund_service.go:91.18,94.5 2 0
github.com/yontech/ppob/transaction-service/internal/services/refund_service.go:98.2,102.16 5 0
github.com/yontech/ppob/transaction-service/internal/services/refund_service.go:102.16,105.3 2 0
github.com/yontech/ppob/transaction-service/internal/services/refund_service.go:107.2,107.26 1 0
github.com/yontech/ppob/transaction-service/internal/services/refund_service.go:110.115,115.2 3 0
github.com/yontech/ppob/transaction-service/internal/services/transaction_service.go:79.23,92.2 1 1
github.com/yontech/ppob/transaction-service/internal/services/transaction_service.go:94.124,95.17 1 1
github.com/yontech/ppob/transaction-service/internal/services/transaction_service.go:95.17,97.3 1 0
github.com/yontech/ppob/transaction-service/internal/services/transaction_service.go:99.2,110.60 2 1
github.com/yontech/ppob/transaction-service/internal/services/transaction_service.go:113.176,115.20 1 1
github.com/yontech/ppob/transaction-service/internal/services/transaction_service.go:115.20,118.62 3 1
github.com/yontech/ppob/transaction-service/internal/services/transaction_service.go:118.62,120.4 1 1
github.com/yontech/ppob/transaction-service/internal/services/transaction_service.go:122.3,122.28 1 1
github.com/yontech/ppob/transaction-service/internal/services/transaction_service.go:125.2,125.26 1 1
github.com/yontech/ppob/transaction-service/internal/services/transaction_service.go:125.26,128.35 3 0
github.com/yontech/ppob/transaction-service/internal/services/transaction_service.go:128.35,130.17 2 0
github.com/yontech/ppob/transaction-service/internal/services/transaction_service.go:130.17,132.5 1 0
github.com/yontech/ppob/transaction-service/internal/services/transaction_service.go:136.2,139.114 3 1
github.com/yontech/ppob/transaction-service/internal/services/transaction_service.go:139.114,141.3 1 0
github.com/yontech/ppob/transaction-service/internal/services/transaction_service.go:141.8,141.34 1 1
github.com/yontech/ppob/transaction-service/internal/services/transaction_service.go:141.34,143.3 1 0
github.com/yontech/ppob/transaction-service/internal/services/transaction_service.go:143.8,146.3 2 1
github.com/yontech/ppob/transaction-service/internal/services/transaction_service.go:148.2,149.23 2 1
github.com/yontech/ppob/transaction-service/internal/services/transaction_service.go:149.23,151.3 1 1
github.com/yontech/ppob/transaction-service/internal/services/transaction_service.go:152.2,157.27 3 1
github.com/yontech/ppob/transaction-service/internal/services/transaction_service.go:157.27,158.106 1 1
github.com/yontech/ppob/transaction-service/internal/services/transaction_service.go:158.106,161.4 2 0
github.com/yontech/ppob/transaction-service/internal/services/transaction_service.go:164.2,177.53 2 1
github.com/yontech/ppob/transaction-service/internal/services/transaction_service.go:177.53,179.28 1 0
github.com/yontech/ppob/transaction-service/internal/services/transaction_service.go:179.28,181.4 1 0
github.com/yontech/ppob/transaction-service/internal/services/transaction_service.go:182.3,182.18 1 0
github.com/yontech/ppob/transaction-service/internal/services/transaction_service.go:185.2,185.26 1 1
github.com/yontech/ppob/transaction-service/internal/services/transaction_service.go:185.26,188.3 2 0
github.com/yontech/ppob/transaction-service/internal/services/transaction_service.go:191.2,193.30 2 1
github.com/yontech/ppob/transaction-service/internal/services/transaction_service.go:196.102,197.32 1 1
github.com/yontech/ppob/transaction-service/internal/services/transaction_service.go:197.32,199.3 1 0
github.com/yontech/ppob/transaction-service/internal/services/transaction_service.go:202.2,208.16 2 1
github.com/yontech/ppob/transaction-service/internal/services/transaction_service.go:208.16,215.3 3 0
github.com/yontech/ppob/transaction-service/internal/services/transaction_service.go:217.2,217.17 1 1
github.com/yontech/ppob/transaction-service/internal/services/transaction_service.go:217.17,224.3 3 0
github.com/yontech/ppob/transaction-service/internal/services/transaction_service.go:226.2,226.18 1 1
github.com/yontech/ppob/transaction-service/internal/services/transaction_service.go:226.18,232.3 1 1
github.com/yontech/ppob/transaction-service/internal/services/transaction_service.go:232.8,237.3 1 0
github.com/yontech/ppob/transaction-service/internal/services/transaction_service.go:240.109,242.16 2 0
github.com/yontech/ppob/transaction-service/internal/services/transaction_service.go:242.16,244.3 1 0
github.com/yontech/ppob/transaction-service/internal/services/transaction_service.go:246.2,246.30 1 0
github.com/yontech/ppob/transaction-service/internal/services/transaction_service.go:249.126,251.16 2 0
github.com/yontech/ppob/transaction-service/internal/services/transaction_service.go:251.16,253.3 1 0
github.com/yontech/ppob/transaction-service/internal/services/transaction_service.go:255.2,255.30 1 0
github.com/yontech/ppob/transaction-service/internal/services/transaction_service.go:258.148,260.16 2 1
github.com/yontech/ppob/transaction-service/internal/services/transaction_service.go:260.16,262.3 1 0
github.com/yontech/ppob/transaction-service/internal/services/transaction_service.go:264.2,266.65 3 1
github.com/yontech/ppob/transaction-service/internal/services/transaction_service.go:266.65,268.3 1 1
github.com/yontech/ppob/transaction-service/internal/services/transaction_service.go:270.2,271.27 2 1
github.com/yontech/ppob/transaction-service/internal/services/transaction_service.go:271.27,273.3 1 0
github.com/yontech/ppob/transaction-service/internal/services/transaction_service.go:274.2,274.30 1 1
github.com/yontech/ppob/transaction-service/internal/services/transaction_service.go:274.30,276.3 1 0
github.com/yontech/ppob/transaction-service/internal/services/transaction_service.go:277.2,277.23 1 1
github.com/yontech/ppob/transaction-service/internal/services/transaction_service.go:277.23,279.3 1 0
github.com/yontech/ppob/transaction-service/internal/services/transaction_service.go:281.2,281.115 1 1
github.com/yontech/ppob/transaction-service/internal/services/transaction_service.go:281.115,284.3 2 0
github.com/yontech/ppob/transaction-service/internal/services/transaction_service.go:286.2,286.53 1 1
github.com/yontech/ppob/transaction-service/internal/services/transaction_service.go:286.53,288.3 1 0
github.com/yontech/ppob/transaction-service/internal/services/transaction_service.go:291.2,291.30 1 1
github.com/yontech/ppob/transaction-service/internal/services/transaction_service.go:291.30,292.28 1 0
github.com/yontech/ppob/transaction-service/internal/services/transaction_service.go:292.28,293.112 1 0
github.com/yontech/ppob/transaction-service/internal/services/transaction_service.go:293.112,295.5 1 0
github.com/yontech/ppob/transaction-service/internal/services/transaction_service.go:299.3,300.29 2 0
github.com/yontech/ppob/transaction-service/internal/services/transaction_service.go:300.29,302.4 1 0
github.com/yontech/ppob/transaction-service/internal/services/transaction_service.go:305.3,314.49 2 0
github.com/yontech/ppob/transaction-service/internal/services/transaction_service.go:315.8,315.94 1 1
github.com/yontech/ppob/transaction-service/internal/services/transaction_service.go:315.94,316.28 1 0
github.com/yontech/ppob/transaction-service/internal/services/transaction_service.go:316.28,317.101 1 0
github.com/yontech/ppob/transaction-service/internal/services/transaction_service.go:317.101,319.5 1 0
github.com/yontech/ppob/transaction-service/internal/services/transaction_service.go:323.2,325.30 2 1
github.com/yontech/ppob/transaction-service/internal/services/transaction_service.go:329.196,331.16 2 0
github.com/yontech/ppob/transaction-service/internal/services/transaction_service.go:331.16,333.3 1 0
github.com/yontech/ppob/transaction-service/internal/services/transaction_service.go:335.2,337.65 3 0
github.com/yontech/ppob/transaction-service/internal/services/transaction_service.go:337.65,339.3 1 0
github.com/yontech/ppob/transaction-service/internal/services/transaction_service.go:341.2,345.57 4 0
github.com/yontech/ppob/transaction-service/internal/services/transaction_service.go:345.57,348.3 2 0
github.com/yontech/ppob/transaction-service/internal/services/transaction_service.go:350.2,350.53 1 0
github.com/yontech/ppob/transaction-service/internal/services/transaction_service.go:350.53,352.3 1 0
github.com/yontech/ppob/transaction-service/internal/services/transaction_service.go:354.2,354.30 1 0
github.com/yontech/ppob/transaction-service/internal/services/transaction_service.go:354.30,356.3 1 0
github.com/yontech/ppob/transaction-service/internal/services/transaction_service.go:358.2,360.30 2 0
github.com/yontech/ppob/transaction-service/internal/services/transaction_service.go:363.95,364.20 1 0
github.com/yontech/ppob/transaction-service/internal/services/transaction_service.go:364.20,366.3 1 0
github.com/yontech/ppob/transaction-service/internal/services/transaction_service.go:368.2,373.78 3 0
github.com/yontech/ppob/transaction-service/internal/services/transaction_service.go:373.78,375.3 1 0
github.com/yontech/ppob/transaction-service/internal/services/transaction_service.go:375.8,377.3 1 0
github.com/yontech/ppob/transaction-service/internal/services/transaction_service.go:380.80,392.13 3 1
github.com/yontech/ppob/transaction-service/internal/services/transaction_service.go:392.13,394.3 1 0
github.com/yontech/ppob/transaction-service/internal/services/transaction_service.go:396.2,396.32 1 1
github.com/yontech/ppob/transaction-service/internal/services/transaction_service.go:396.32,397.18 1 1
github.com/yontech/ppob/transaction-service/internal/services/transaction_service.go:397.18,399.4 1 1
github.com/yontech/ppob/transaction-service/internal/services/transaction_service.go:402.2,402.14 1 1
github.com/yontech/ppob/transaction-service/internal/services/transaction_service.go:405.181,407.16 2 1
github.com/yontech/ppob/transaction-service/internal/services/transaction_service.go:407.16,409.3 1 0
github.com/yontech/ppob/transaction-service/internal/services/transaction_service.go:411.2,412.34 2 1
github.com/yontech/ppob/transaction-service/internal/services/transaction_service.go:412.34,414.3 1 1
github.com/yontech/ppob/transaction-service/internal/services/transaction_service.go:416.2,421.8 1 1
github.com/yontech/ppob/transaction-service/internal/services/transaction_service.go:424.90,441.38 2 1
github.com/yontech/ppob/transaction-service/internal/services/transaction_service.go:441.38,443.3 1 1
github.com/yontech/ppob/transaction-service/internal/services/transaction_service.go:445.2,445.13 1 1
github.com/yontech/ppob/transaction-service/internal/services/transaction_service.go:448.153,449.18 1 0
github.com/yontech/ppob/transaction-service/internal/services/transaction_service.go:449.18,451.3 1 0
github.com/yontech/ppob/transaction-service/internal/services/transaction_service.go:453.2,456.16 3 0
github.com/yontech/ppob/transaction-service/internal/services/transaction_service.go:456.16,458.3 1 0
github.com/yontech/ppob/transaction-service/internal/services/transaction_service.go:460.2,461.32 2 0
github.com/yontech/ppob/transaction-service/internal/services/transaction_service.go:461.32,463.3 1 0
github.com/yontech/ppob/transaction-service/internal/services/transaction_service.go:465.2,466.34 2 0
github.com/yontech/ppob/transaction-service/internal/services/transaction_service.go:466.34,468.3 1 0
github.com/yontech/ppob/transaction-service/internal/services/transaction_service.go:470.2,475.8 1 0
github.com/yontech/ppob/transaction-service/internal/services/transaction_service.go:478.132,480.9 2 0
github.com/yontech/ppob/transaction-service/internal/services/transaction_service.go:480.9,482.3 1 0
github.com/yontech/ppob/transaction-service/internal/services/transaction_service.go:484.2,485.9 2 0
github.com/yontech/ppob/transaction-service/internal/services/transaction_service.go:485.9,487.3 1 0
github.com/yontech/ppob/transaction-service/internal/services/transaction_service.go:489.2,491.31 3 0
github.com/yontech/ppob/transaction-service/internal/services/transaction_service.go:491.31,493.16 2 0
github.com/yontech/ppob/transaction-service/internal/services/transaction_service.go:493.16,495.4 1 0
github.com/yontech/ppob/transaction-service/internal/services/transaction_service.go:498.2,502.18 4 0
github.com/yontech/ppob/transaction-service/internal/services/transaction_service.go:502.18,507.21 4 0
github.com/yontech/ppob/transaction-service/internal/services/transaction_service.go:507.21,509.4 1 0
github.com/yontech/ppob/transaction-service/internal/services/transaction_service.go:511.3,512.17 2 0
github.com/yontech/ppob/transaction-service/internal/services/transaction_service.go:512.17,514.4 1 0
github.com/yontech/ppob/transaction-service/internal/services/transaction_service.go:514.9,514.52 1 0
github.com/yontech/ppob/transaction-service/internal/services/transaction_service.go:514.52,516.4 1 0
github.com/yontech/ppob/transaction-service/internal/services/transaction_service.go:517.3,517.19 1 0
github.com/yontech/ppob/transaction-service/internal/services/transaction_service.go:520.2,523.16 3 0
github.com/yontech/ppob/transaction-service/internal/services/transaction_service.go:523.16,525.3 1 0
github.com/yontech/ppob/transaction-service/internal/services/transaction_service.go:525.8,525.51 1 0
github.com/yontech/ppob/transaction-service/internal/services/transaction_service.go:525.51,527.3 1 0
github.com/yontech/ppob/transaction-service/internal/services/transaction_service.go:529.2,529.18 1 0
github.com/yontech/ppob/transaction-service/internal/services/transaction_service.go:532.103,533.27 1 0
github.com/yontech/ppob/transaction-service/internal/services/transaction_service.go:533.27,535.3 1 0
github.com/yontech/ppob/transaction-service/internal/services/transaction_service.go:536.2,539.30 4 0
github.com/yontech/ppob/transaction-service/internal/services/transaction_service.go:542.143,543.20 1 0
github.com/yontech/ppob/transaction-service/internal/services/transaction_service.go:543.20,545.3 1 0
github.com/yontech/ppob/transaction-service/internal/services/transaction_service.go:546.2,554.56 3 0
github.com/yontech/ppob/transaction-service/internal/services/transaction_service.go:557.63,559.2 1 0
github.com/yontech/ppob/transaction-service/internal/services/transaction_service.go:561.55,562.16 1 0
github.com/yontech/ppob/transaction-service/internal/services/transaction_service.go:563.27,564.30 1 0
github.com/yontech/ppob/transaction-service/internal/services/transaction_service.go:565.25,566.29 1 0
github.com/yontech/ppob/transaction-service/internal/services/transaction_service.go:567.31,568.30 1 0
github.com/yontech/ppob/transaction-service/internal/services/transaction_service.go:569.28,570.30 1 0
github.com/yontech/ppob/transaction-service/internal/services/transaction_service.go:571.32,572.32 1 0
github.com/yontech/ppob/transaction-service/internal/services/transaction_service.go:573.26,574.31 1 0
github.com/yontech/ppob/transaction-service/internal/services/transaction_service.go:575.10,576.21 1 0
github.com/yontech/ppob/transaction-service/internal/services/transaction_service.go:576.21,578.4 1 0
github.com/yontech/ppob/transaction-service/internal/services/transaction_service.go:579.3,579.21 1 0
github.com/yontech/ppob/transaction-service/internal/services/transaction_service.go:579.21,581.4 1 0
github.com/yontech/ppob/transaction-service/internal/services/transaction_service.go:582.3,582.29 1 0
github.com/yontech/ppob/transaction-service/internal/services/transaction_service.go:641.83,642.48 1 0
github.com/yontech/ppob/transaction-service/internal/services/transaction_service.go:642.48,644.3 1 0
github.com/yontech/ppob/transaction-service/internal/services/transaction_service.go:645.2,645.38 1 0
github.com/yontech/ppob/transaction-service/internal/services/transaction_service.go:648.39,649.48 1 0
github.com/yontech/ppob/transaction-service/internal/services/transaction_service.go:649.48,651.3 1 0
github.com/yontech/ppob/transaction-service/internal/services/transaction_service.go:652.2,652.34 1 0
github.com/yontech/ppob/transaction-service/internal/services/transaction_service.go:659.79,661.2 1 1
github.com/yontech/ppob/transaction-service/internal/services/transaction_service.go:663.84,666.2 2 1
github.com/yontech/ppob/transaction-service/internal/services/transaction_service.go:668.82,670.54 2 0
github.com/yontech/ppob/transaction-service/internal/services/transaction_service.go:670.54,672.3 1 0
github.com/yontech/ppob/transaction-service/internal/services/transaction_service.go:673.2,674.12 2 0
github.com/yontech/ppob/transaction-service/internal/services/transaction_service.go:677.71,679.2 1 0
github.com/yontech/ppob/transaction-service/internal/services/transaction_service.go:681.54,687.2 1 1
github.com/yontech/ppob/transaction-service/internal/services/transaction_service.go:689.140,691.16 2 0
github.com/yontech/ppob/transaction-service/internal/services/transaction_service.go:691.16,693.3 1 0
github.com/yontech/ppob/transaction-service/internal/services/transaction_service.go:695.2,695.25 1 0
github.com/yontech/ppob/transaction-service/internal/services/transaction_service.go:695.25,697.3 1 0
github.com/yontech/ppob/transaction-service/internal/services/transaction_service.go:699.2,702.65 3 0
github.com/yontech/ppob/transaction-service/internal/services/transaction_service.go:702.65,704.3 1 0
github.com/yontech/ppob/transaction-service/internal/services/transaction_service.go:706.2,710.53 4 0
github.com/yontech/ppob/transaction-service/internal/services/transaction_service.go:710.53,712.3 1 0
github.com/yontech/ppob/transaction-service/internal/services/transaction_service.go:714.2,716.30 2 0
github.com/yontech/ppob/transaction-service/internal/services/transaction_service.go:721.95,722.14 1 0
github.com/yontech/ppob/transaction-service/internal/services/transaction_service.go:723.22,724.76 1 0
github.com/yontech/ppob/transaction-service/internal/services/transaction_service.go:724.76,726.4 1 0
github.com/yontech/ppob/transaction-service/internal/services/transaction_service.go:727.3,727.43 1 0
github.com/yontech/ppob/transaction-service/internal/services/transaction_service.go:727.43,729.4 1 0
github.com/yontech/ppob/transaction-service/internal/services/transaction_service.go:730.20,731.70 1 0
github.com/yontech/ppob/transaction-service/internal/services/transaction_service.go:731.70,733.4 1 0
github.com/yontech/ppob/transaction-service/internal/services/transaction_service.go:734.20,735.69 1 0
github.com/yontech/ppob/transaction-service/internal/services/transaction_service.go:735.69,737.4 1 0
github.com/yontech/ppob/transaction-service/internal/services/transaction_service.go:739.2,739.12 1 0
github.com/yontech/ppob/transaction-service/internal/services/transaction_service.go:743.132,745.21 1 0
github.com/yontech/ppob/transaction-service/internal/services/transaction_service.go:745.21,747.3 1 0
github.com/yontech/ppob/transaction-service/internal/services/transaction_service.go:748.2,748.19 1 0
github.com/yontech/ppob/transaction-service/internal/services/transaction_service.go:748.19,750.3 1 0
github.com/yontech/ppob/transaction-service/internal/services/transaction_service.go:753.2,754.16 2 0
github.com/yontech/ppob/transaction-service/internal/services/transaction_service.go:754.16,756.3 1 0
github.com/yontech/ppob/transaction-service/internal/services/transaction_service.go:758.2,771.16 4 0
github.com/yontech/ppob/transaction-service/internal/services/transaction_service.go:771.16,773.3 1 0
github.com/yontech/ppob/transaction-service/internal/services/transaction_service.go:774.2,775.34 2 0
github.com/yontech/ppob/transaction-service/internal/services/transaction_service.go:775.34,781.3 1 0
github.com/yontech/ppob/transaction-service/internal/services/transaction_service.go:784.2,785.16 2 0
github.com/yontech/ppob/transaction-service/internal/services/transaction_service.go:785.16,787.3 1 0
github.com/yontech/ppob/transaction-service/internal/services/transaction_service.go:788.2,789.33 2 0
github.com/yontech/ppob/transaction-service/internal/services/transaction_service.go:789.33,798.3 1 0
github.com/yontech/ppob/transaction-service/internal/services/transaction_service.go:800.2,804.8 1 0
github.com/yontech/ppob/transaction-service/internal/services/transaction_service.go:807.89,808.21 1 0
github.com/yontech/ppob/transaction-service/internal/services/transaction_service.go:808.21,810.3 1 0
github.com/yontech/ppob/transaction-service/internal/services/transaction_service.go:811.2,811.58 1 0
github.com/yontech/ppob/transaction-service/internal/services/validation_service.go:33.33,39.2 1 0
github.com/yontech/ppob/transaction-service/internal/services/validation_service.go:53.155,57.34 3 0
github.com/yontech/ppob/transaction-service/internal/services/validation_service.go:57.34,60.3 2 0
github.com/yontech/ppob/transaction-service/internal/services/validation_service.go:62.2,63.37 2 0
github.com/yontech/ppob/transaction-service/internal/services/validation_service.go:63.37,66.3 2 0
github.com/yontech/ppob/transaction-service/internal/services/validation_service.go:68.2,72.34 4 0
github.com/yontech/ppob/transaction-service/internal/services/validation_service.go:72.34,74.3 1 0
github.com/yontech/ppob/transaction-service/internal/services/validation_service.go:76.2,76.43 1 0
github.com/yontech/ppob/transaction-service/internal/services/validation_service.go:76.43,81.3 4 0
github.com/yontech/ppob/transaction-service/internal/services/validation_service.go:83.2,84.16 2 0
github.com/yontech/ppob/transaction-service/internal/services/validation_service.go:84.16,87.3 2 0
github.com/yontech/ppob/transaction-service/internal/services/validation_service.go:89.2,91.48 2 0
github.com/yontech/ppob/transaction-service/internal/services/validation_service.go:91.48,94.3 2 0
github.com/yontech/ppob/transaction-service/internal/services/validation_service.go:96.2,97.37 2 0
github.com/yontech/ppob/transaction-service/internal/services/validation_service.go:97.37,103.46 5 0
github.com/yontech/ppob/transaction-service/internal/services/validation_service.go:103.46,106.4 2 0
github.com/yontech/ppob/transaction-service/internal/services/validation_service.go:108.3,108.69 1 0
github.com/yontech/ppob/transaction-service/internal/services/validation_service.go:108.69,111.4 2 0
github.com/yontech/ppob/transaction-service/internal/services/validation_service.go:114.2,115.26 2 0
github.com/yontech/ppob/transaction-service/internal/services/validation_service.go:115.26,117.35 2 0
github.com/yontech/ppob/transaction-service/internal/services/validation_service.go:117.35,120.4 2 0
github.com/yontech/ppob/transaction-service/internal/services/validation_service.go:123.2,127.20 4 0
github.com/yontech/ppob/transaction-service/internal/services/validation_service.go:130.97,135.52 4 0
github.com/yontech/ppob/transaction-service/internal/services/validation_service.go:135.52,137.3 1 0
github.com/yontech/ppob/transaction-service/internal/services/validation_service.go:139.2,139.12 1 0
github.com/yontech/ppob/transaction-service/internal/repository/transaction_repository.go:14.67,16.2 1 0
github.com/yontech/ppob/transaction-service/internal/repository/transaction_repository.go:18.70,20.2 1 0
github.com/yontech/ppob/transaction-service/internal/repository/transaction_repository.go:22.80,25.16 3 0
github.com/yontech/ppob/transaction-service/internal/repository/transaction_repository.go:25.16,27.3 1 0
github.com/yontech/ppob/transaction-service/internal/repository/transaction_repository.go:28.2,28.17 1 0
github.com/yontech/ppob/transaction-service/internal/repository/transaction_repository.go:31.104,34.16 3 0
github.com/yontech/ppob/transaction-service/internal/repository/transaction_repository.go:34.16,36.3 1 0
github.com/yontech/ppob/transaction-service/internal/repository/transaction_repository.go:37.2,37.17 1 0
github.com/yontech/ppob/transaction-service/internal/repository/transaction_repository.go:40.70,42.2 1 0
github.com/yontech/ppob/transaction-service/internal/repository/transaction_repository.go:44.149,49.16 4 0
github.com/yontech/ppob/transaction-service/internal/repository/transaction_repository.go:49.16,51.3 1 0
github.com/yontech/ppob/transaction-service/internal/repository/transaction_repository.go:52.2,52.18 1 0
github.com/yontech/ppob/transaction-service/internal/repository/transaction_repository.go:52.18,54.3 1 0
github.com/yontech/ppob/transaction-service/internal/repository/transaction_repository.go:55.2,55.21 1 0
github.com/yontech/ppob/transaction-service/internal/repository/transaction_repository.go:55.21,57.3 1 0
github.com/yontech/ppob/transaction-service/internal/repository/transaction_repository.go:58.2,58.19 1 0
github.com/yontech/ppob/transaction-service/internal/repository/transaction_repository.go:58.19,60.3 1 0
github.com/yontech/ppob/transaction-service/internal/repository/transaction_repository.go:62.2,65.33 3 0
github.com/yontech/ppob/transaction-service/internal/repository/transaction_repository.go:68.100,71.16 3 0
github.com/yontech/ppob/transaction-service/internal/repository/transaction_repository.go:71.16,73.3 1 0
github.com/yontech/ppob/transaction-service/internal/repository/transaction_repository.go:74.2,74.17 1 0
github.com/yontech/ppob/transaction-service/internal/repository/transaction_repository.go:77.118,81.2 3 0
github.com/yontech/ppob/transaction-service/internal/repository/transaction_repository.go:83.101,86.16 3 0
github.com/yontech/ppob/transaction-service/internal/repository/transaction_repository.go:86.16,88.3 1 0
github.com/yontech/ppob/transaction-service/internal/repository/transaction_repository.go:89.2,89.19 1 0
github.com/yontech/ppob/transaction-service/internal/repository/transaction_repository.go:92.110,95.16 3 0
github.com/yontech/ppob/transaction-service/internal/repository/transaction_repository.go:95.16,97.3 1 0
github.com/yontech/ppob/transaction-service/internal/repository/transaction_repository.go:98.2,98.22 1 0
github.com/yontech/ppob/transaction-service/internal/repository/transaction_repository.go:101.109,104.16 3 0
github.com/yontech/ppob/transaction-service/internal/repository/transaction_repository.go:104.16,106.3 1 0
github.com/yontech/ppob/transaction-service/internal/repository/transaction_repository.go:107.2,107.22 1 0
github.com/yontech/ppob/transaction-service/internal/repository/transaction_repository.go:110.126,112.2 1 0
github.com/yontech/ppob/transaction-service/internal/repository/transaction_repository.go:114.107,117.16 3 0
github.com/yontech/ppob/transaction-service/internal/repository/transaction_repository.go:117.16,119.3 1 0
github.com/yontech/ppob/transaction-service/internal/repository/transaction_repository.go:120.2,120.21 1 0
github.com/yontech/ppob/transaction-service/internal/repository/transaction_repository.go:123.122,126.16 3 0
github.com/yontech/ppob/transaction-service/internal/repository/transaction_repository.go:126.16,128.3 1 0
github.com/yontech/ppob/transaction-service/internal/repository/transaction_repository.go:129.2,129.20 1 0
github.com/yontech/ppob/transaction-service/internal/repository/transaction_repository.go:132.100,134.2 1 0
github.com/yontech/ppob/transaction-service/internal/repository/transaction_repository.go:144.102,154.2 3 0
github.com/yontech/ppob/transaction-service/internal/repository/transaction_repository.go:165.114,175.16 3 0
github.com/yontech/ppob/transaction-service/internal/repository/transaction_repository.go:175.16,177.3 1 0
github.com/yontech/ppob/transaction-service/internal/repository/transaction_repository.go:179.2,179.21 1 0
github.com/yontech/ppob/transaction-service/internal/repository/transaction_repository.go:190.101,193.16 3 0
github.com/yontech/ppob/transaction-service/internal/repository/transaction_repository.go:193.16,195.3 1 0
github.com/yontech/ppob/transaction-service/internal/repository/transaction_repository.go:198.2,201.16 2 0
github.com/yontech/ppob/transaction-service/internal/repository/transaction_repository.go:201.16,203.3 1 0
github.com/yontech/ppob/transaction-service/internal/repository/transaction_repository.go:206.2,209.16 2 0
github.com/yontech/ppob/transaction-service/internal/repository/transaction_repository.go:209.16,211.3 1 0
github.com/yontech/ppob/transaction-service/internal/repository/transaction_repository.go:214.2,216.16 3 0
github.com/yontech/ppob/transaction-service/internal/repository/transaction_repository.go:216.16,218.3 1 0
github.com/yontech/ppob/transaction-service/internal/repository/transaction_repository.go:219.2,224.16 4 0
github.com/yontech/ppob/transaction-service/internal/repository/transaction_repository.go:224.16,226.3 1 0
github.com/yontech/ppob/transaction-service/internal/repository/transaction_repository.go:227.2,232.16 4 0
github.com/yontech/ppob/transaction-service/internal/repository/transaction_repository.go:232.16,234.3 1 0
github.com/yontech/ppob/transaction-service/internal/repository/transaction_repository.go:235.2,237.21 2 0
github.com/yontech/ppob/transaction-service/internal/repository/transaction_repository.go:245.57,247.2 1 0
github.com/yontech/ppob/transaction-service/internal/repository/transaction_repository.go:249.88,256.2 3 0
github.com/yontech/ppob/transaction-service/internal/repository/transaction_repository.go:258.88,265.2 3 0
github.com/yontech/ppob/transaction-service/internal/repository/transaction_repository.go:271.65,273.2 1 0
github.com/yontech/ppob/transaction-service/internal/repository/transaction_repository.go:275.98,278.16 3 0
github.com/yontech/ppob/transaction-service/internal/repository/transaction_repository.go:278.16,281.3 2 0
github.com/yontech/ppob/transaction-service/internal/repository/transaction_repository.go:282.2,282.20 1 0
github.com/yontech/ppob/transaction-service/internal/repository/transaction_repository.go:285.90,289.2 1 0
github.com/yontech/ppob/transaction-service/internal/middleware/metrics.go:38.42,39.30 1 0
github.com/yontech/ppob/transaction-service/internal/middleware/metrics.go:39.30,43.44 1 0
github.com/yontech/ppob/transaction-service/internal/middleware/metrics.go:43.44,46.4 2 0
github.com/yontech/ppob/transaction-service/internal/middleware/metrics.go:48.3,59.17 9 0
github.com/yontech/ppob/transaction-service/internal/middleware/metrics.go:59.17,61.4 1 0
github.com/yontech/ppob/transaction-service/internal/middleware/metrics.go:63.3,64.70 2 0
github.com/yontech/ppob/transaction-service/internal/middleware/metrics.go:68.43,69.41 1 0
github.com/yontech/ppob/transaction-service/internal/middleware/metrics.go:69.42,70.3 0 0
github.com/yontech/ppob/transaction-service/internal/middleware/middleware.go:16.57,17.30 1 0
github.com/yontech/ppob/transaction-service/internal/middleware/middleware.go:17.30,19.23 2 0
github.com/yontech/ppob/transaction-service/internal/middleware/middleware.go:19.23,23.4 3 0
github.com/yontech/ppob/transaction-service/internal/middleware/middleware.go:25.3,26.46 2 0
github.com/yontech/ppob/transaction-service/internal/middleware/middleware.go:26.46,30.4 3 0
github.com/yontech/ppob/transaction-service/internal/middleware/middleware.go:32.3,34.17 3 0
github.com/yontech/ppob/transaction-service/internal/middleware/middleware.go:34.17,38.4 3 0
github.com/yontech/ppob/transaction-service/internal/middleware/middleware.go:40.3,48.11 6 0
github.com/yontech/ppob/transaction-service/internal/middleware/middleware.go:52.39,53.30 1 0
github.com/yontech/ppob/transaction-service/internal/middleware/middleware.go:53.30,59.36 5 0
github.com/yontech/ppob/transaction-service/internal/middleware/middleware.go:59.36,62.4 2 0
github.com/yontech/ppob/transaction-service/internal/middleware/middleware.go:64.3,64.11 1 0
github.com/yontech/ppob/transaction-service/internal/middleware/middleware.go:68.89,69.22 1 0
github.com/yontech/ppob/transaction-service/internal/middleware/middleware.go:69.22,71.3 1 0
github.com/yontech/ppob/transaction-service/internal/middleware/middleware.go:73.2,73.83 1 0
github.com/yontech/ppob/transaction-service/internal/middleware/middleware.go:73.83,74.57 1 0
github.com/yontech/ppob/transaction-service/internal/middleware/middleware.go:74.57,76.4 1 0
github.com/yontech/ppob/transaction-service/internal/middleware/middleware.go:77.3,77.24 1 0
github.com/yontech/ppob/transaction-service/internal/middleware/middleware.go:80.2,80.16 1 0
github.com/yontech/ppob/transaction-service/internal/middleware/middleware.go:80.16,82.3 1 0
github.com/yontech/ppob/transaction-service/internal/middleware/middleware.go:84.2,84.67 1 0
github.com/yontech/ppob/transaction-service/internal/middleware/middleware.go:84.67,86.3 1 0
github.com/yontech/ppob/transaction-service/internal/middleware/middleware.go:88.2,88.37 1 0
github.com/yontech/ppob/transaction-service/internal/middleware/rate_limit.go:19.67,29.2 3 0
github.com/yontech/ppob/transaction-service/internal/middleware/rate_limit.go:31.38,35.21 3 0
github.com/yontech/ppob/transaction-service/internal/middleware/rate_limit.go:35.21,38.39 3 0
github.com/yontech/ppob/transaction-service/internal/middleware/rate_limit.go:38.39,40.28 2 0
github.com/yontech/ppob/transaction-service/internal/middleware/rate_limit.go:40.28,41.31 1 0
github.com/yontech/ppob/transaction-service/internal/middleware/rate_limit.go:41.31,43.6 1 0
github.com/yontech/ppob/transaction-service/internal/middleware/rate_limit.go:45.4,45.23 1 0
github.com/yontech/ppob/transaction-service/internal/middleware/rate_limit.go:45.23,47.5 1 0
github.com/yontech/ppob/transaction-service/internal/middleware/rate_limit.go:47.10,49.5 1 0
github.com/yontech/ppob/transaction-service/internal/middleware/rate_limit.go:51.3,51.17 1 0
github.com/yontech/ppob/transaction-service/internal/middleware/rate_limit.go:55.47,63.37 6 0
github.com/yontech/ppob/transaction-service/internal/middleware/rate_limit.go:63.37,64.27 1 0
github.com/yontech/ppob/transaction-service/internal/middleware/rate_limit.go:64.27,66.4 1 0
github.com/yontech/ppob/transaction-service/internal/middleware/rate_limit.go:69.2,69.28 1 0
github.com/yontech/ppob/transaction-service/internal/middleware/rate_limit.go:69.28,72.3 2 0
github.com/yontech/ppob/transaction-service/internal/middleware/rate_limit.go:74.2,75.13 2 0
github.com/yontech/ppob/transaction-service/internal/middleware/rate_limit.go:78.65,81.30 2 0
github.com/yontech/ppob/transaction-service/internal/middleware/rate_limit.go:81.30,84.25 2 0
github.com/yontech/ppob/transaction-service/internal/middleware/rate_limit.go:84.25,92.4 4 0
github.com/yontech/ppob/transaction-service/internal/middleware/rate_limit.go:94.3,94.11 1 0
github.com/yontech/ppob/transaction-service/internal/middleware/rate_limit.go:98.69,101.30 2 0
github.com/yontech/ppob/transaction-service/internal/middleware/rate_limit.go:101.30,103.14 2 0
github.com/yontech/ppob/transaction-service/internal/middleware/rate_limit.go:103.14,106.4 2 0
github.com/yontech/ppob/transaction-service/internal/middleware/rate_limit.go:108.3,110.26 2 0
github.com/yontech/ppob/transaction-service/internal/middleware/rate_limit.go:110.26,118.4 4 0
github.com/yontech/ppob/transaction-service/internal/middleware/rate_limit.go:120.3,120.11 1 0
github.com/yontech/ppob/transaction-service/internal/middleware/tracing.go:10.42,13.30 2 0
github.com/yontech/ppob/transaction-service/internal/middleware/tracing.go:13.30,17.16 3 0
github.com/yontech/ppob/transaction-service/internal/middleware/tracing.go:17.16,21.4 3 0
github.com/yontech/ppob/transaction-service/internal/middleware/tracing.go:23.3,26.24 3 0
github.com/yontech/ppob/transaction-service/internal/middleware/tracing.go:26.24,28.4 1 0
github.com/yontech/ppob/transaction-service/config/config.go:39.21,60.28 2 0
github.com/yontech/ppob/transaction-service/config/config.go:60.28,62.17 2 0
github.com/yontech/ppob/transaction-service/config/config.go:62.17,64.4 1 0
github.com/yontech/ppob/transaction-service/config/config.go:64.9,66.4 1 0
github.com/yontech/ppob/transaction-service/config/config.go:69.2,69.12 1 0
github.com/yontech/ppob/transaction-service/config/config.go:72.46,73.42 1 0
github.com/yontech/ppob/transaction-service/config/config.go:73.42,75.3 1 0
github.com/yontech/ppob/transaction-service/config/config.go:76.2,76.21 1 0
github.com/yontech/ppob/transaction-service/config/config.go:79.44,88.16 3 0
github.com/yontech/ppob/transaction-service/config/config.go:88.16,90.3 1 0
github.com/yontech/ppob/transaction-service/config/config.go:92.2,93.16 2 0
github.com/yontech/ppob/transaction-service/config/config.go:93.16,95.3 1 0
github.com/yontech/ppob/transaction-service/config/config.go:97.2,102.16 5 0
github.com/yontech/ppob/transaction-service/config/config.go:105.43,115.47 4 0
github.com/yontech/ppob/transaction-service/config/config.go:115.47,117.3 1 0
github.com/yontech/ppob/transaction-service/config/config.go:119.2,120.15 2 0
github.com/yontech/ppob/transaction-service/cmd/main.go:30.67,31.12 1 0
github.com/yontech/ppob/transaction-service/cmd/main.go:31.12,35.7 3 0
github.com/yontech/ppob/transaction-service/cmd/main.go:35.7,36.11 1 0
github.com/yontech/ppob/transaction-service/cmd/main.go:37.20,40.19 3 0
github.com/yontech/ppob/transaction-service/cmd/main.go:40.19,42.6 1 0
github.com/yontech/ppob/transaction-service/cmd/main.go:42.11,45.6 1 0
github.com/yontech/ppob/transaction-service/cmd/main.go:46.5,46.13 1 0
github.com/yontech/ppob/transaction-service/cmd/main.go:52.87,56.26 3 0
github.com/yontech/ppob/transaction-service/cmd/main.go:56.26,58.17 2 0
github.com/yontech/ppob/transaction-service/cmd/main.go:58.17,60.4 1 0
github.com/yontech/ppob/transaction-service/cmd/main.go:63.2,68.16 2 0
github.com/yontech/ppob/transaction-service/cmd/main.go:68.16,70.3 1 0
github.com/yontech/ppob/transaction-service/cmd/main.go:72.2,83.16 4 0
github.com/yontech/ppob/transaction-service/cmd/main.go:86.13,89.30 2 0
github.com/yontech/ppob/transaction-service/cmd/main.go:89.30,91.17 2 0
github.com/yontech/ppob/transaction-service/cmd/main.go:91.17,93.4 1 0
github.com/yontech/ppob/transaction-service/cmd/main.go:93.9,95.4 1 0
github.com/yontech/ppob/transaction-service/cmd/main.go:98.2,99.16 2 0
github.com/yontech/ppob/transaction-service/cmd/main.go:99.16,101.3 1 0
github.com/yontech/ppob/transaction-service/cmd/main.go:103.2,112.16 6 0
github.com/yontech/ppob/transaction-service/cmd/main.go:112.16,114.3 1 0
github.com/yontech/ppob/transaction-service/cmd/main.go:115.2,118.16 3 0
github.com/yontech/ppob/transaction-service/cmd/main.go:118.16,120.3 1 0
github.com/yontech/ppob/transaction-service/cmd/main.go:121.2,144.40 16 0
github.com/yontech/ppob/transaction-service/cmd/main.go:144.40,146.3 1 0
github.com/yontech/ppob/transaction-service/cmd/main.go:147.2,147.45 1 0
github.com/yontech/ppob/transaction-service/cmd/main.go:147.45,149.3 1 0
github.com/yontech/ppob/transaction-service/cmd/main.go:150.2,150.46 1 0
github.com/yontech/ppob/transaction-service/cmd/main.go:150.46,152.40 2 0
github.com/yontech/ppob/transaction-service/cmd/main.go:152.40,155.4 2 0
github.com/yontech/ppob/transaction-service/cmd/main.go:156.3,156.47 1 0
github.com/yontech/ppob/transaction-service/cmd/main.go:158.2,180.12 13 0
github.com/yontech/ppob/transaction-service/cmd/main.go:180.12,182.77 2 0
github.com/yontech/ppob/transaction-service/cmd/main.go:182.77,184.4 1 0
github.com/yontech/ppob/transaction-service/cmd/main.go:187.2,194.42 7 0
github.com/yontech/ppob/transaction-service/cmd/main.go:194.42,196.3 1 0
github.com/yontech/ppob/transaction-service/cmd/main.go:197.2,197.30 1 0
github.com/yontech/ppob/transaction-service/internal/clients/integration_client.go:17.62,24.2 1 0
github.com/yontech/ppob/transaction-service/internal/clients/integration_client.go:44.105,52.16 6 0
github.com/yontech/ppob/transaction-service/internal/clients/integration_client.go:52.16,54.3 1 0
github.com/yontech/ppob/transaction-service/internal/clients/integration_client.go:55.2,58.67 3 0
github.com/yontech/ppob/transaction-service/internal/clients/integration_client.go:58.67,60.3 1 0
github.com/yontech/ppob/transaction-service/internal/clients/integration_client.go:62.2,62.21 1 0
github.com/yontech/ppob/transaction-service/internal/clients/product_client.go:17.63,19.16 2 0
github.com/yontech/ppob/transaction-service/internal/clients/product_client.go:19.16,21.3 1 0
github.com/yontech/ppob/transaction-service/internal/clients/product_client.go:23.2,26.8 1 0
github.com/yontech/ppob/transaction-service/internal/clients/product_client.go:29.39,31.2 1 0
github.com/yontech/ppob/transaction-service/internal/clients/product_client.go:33.116,37.2 1 0
github.com/yontech/ppob/transaction-service/internal/clients/product_client.go:39.143,44.2 1 0
github.com/yontech/ppob/transaction-service/internal/clients/wallet_client.go:17.61,19.16 2 0
github.com/yontech/ppob/transaction-service/internal/clients/wallet_client.go:19.16,21.3 1 0
github.com/yontech/ppob/transaction-service/internal/clients/wallet_client.go:23.2,26.8 1 0
github.com/yontech/ppob/transaction-service/internal/clients/wallet_client.go:29.38,31.2 1 0
github.com/yontech/ppob/transaction-service/internal/clients/wallet_client.go:33.128,41.2 2 0
github.com/yontech/ppob/transaction-service/internal/clients/wallet_client.go:43.127,51.2 2 0
github.com/yontech/ppob/transaction-service/internal/clients/wallet_client.go:53.126,61.2 2 0
github.com/yontech/ppob/transaction-service/internal/clients/wallet_client.go:63.112,70.2 2 0
github.com/yontech/ppob/transaction-service/internal/clients/wallet_client.go:72.122,81.2 2 0
github.com/yontech/ppob/transaction-service/internal/handlers/transaction_handler.go:17.97,19.2 1 0
github.com/yontech/ppob/transaction-service/internal/handlers/transaction_handler.go:21.66,27.47 4 0
github.com/yontech/ppob/transaction-service/internal/handlers/transaction_handler.go:27.47,30.3 2 0
github.com/yontech/ppob/transaction-service/internal/handlers/transaction_handler.go:32.2,40.16 2 0
github.com/yontech/ppob/transaction-service/internal/handlers/transaction_handler.go:40.16,41.44 1 0
github.com/yontech/ppob/transaction-service/internal/handlers/transaction_handler.go:41.44,44.4 2 0
github.com/yontech/ppob/transaction-service/internal/handlers/transaction_handler.go:45.3,45.49 1 0
github.com/yontech/ppob/transaction-service/internal/handlers/transaction_handler.go:45.49,48.4 2 0
github.com/yontech/ppob/transaction-service/internal/handlers/transaction_handler.go:49.3,50.9 2 0
github.com/yontech/ppob/transaction-service/internal/handlers/transaction_handler.go:53.2,53.34 1 0
github.com/yontech/ppob/transaction-service/internal/handlers/transaction_handler.go:56.64,60.47 3 0
github.com/yontech/ppob/transaction-service/internal/handlers/transaction_handler.go:60.47,63.3 2 0
github.com/yontech/ppob/transaction-service/internal/handlers/transaction_handler.go:65.2,68.16 3 0
github.com/yontech/ppob/transaction-service/internal/handlers/transaction_handler.go:68.16,69.49 1 0
github.com/yontech/ppob/transaction-service/internal/handlers/transaction_handler.go:69.49,72.4 2 0
github.com/yontech/ppob/transaction-service/internal/handlers/transaction_handler.go:73.3,74.9 2 0
github.com/yontech/ppob/transaction-service/internal/handlers/transaction_handler.go:77.2,77.34 1 0
github.com/yontech/ppob/transaction-service/internal/handlers/transaction_handler.go:80.61,83.16 3 0
github.com/yontech/ppob/transaction-service/internal/handlers/transaction_handler.go:83.16,86.3 2 0
github.com/yontech/ppob/transaction-service/internal/handlers/transaction_handler.go:88.2,89.16 2 0
github.com/yontech/ppob/transaction-service/internal/handlers/transaction_handler.go:89.16,92.3 2 0
github.com/yontech/ppob/transaction-service/internal/handlers/transaction_handler.go:94.2,94.29 1 0
github.com/yontech/ppob/transaction-service/internal/handlers/transaction_handler.go:97.65,101.16 3 0
github.com/yontech/ppob/transaction-service/internal/handlers/transaction_handler.go:101.16,104.3 2 0
github.com/yontech/ppob/transaction-service/internal/handlers/transaction_handler.go:106.2,106.29 1 0
github.com/yontech/ppob/transaction-service/internal/handlers/transaction_handler.go:109.70,112.16 3 0
github.com/yontech/ppob/transaction-service/internal/handlers/transaction_handler.go:112.16,115.3 2 0
github.com/yontech/ppob/transaction-service/internal/handlers/transaction_handler.go:117.2,118.47 2 0
github.com/yontech/ppob/transaction-service/internal/handlers/transaction_handler.go:118.47,121.3 2 0
github.com/yontech/ppob/transaction-service/internal/handlers/transaction_handler.go:123.2,124.16 2 0
github.com/yontech/ppob/transaction-service/internal/handlers/transaction_handler.go:124.16,125.38 1 0
github.com/yontech/ppob/transaction-service/internal/handlers/transaction_handler.go:125.38,128.4 2 0
github.com/yontech/ppob/transaction-service/internal/handlers/transaction_handler.go:129.3,130.9 2 0
github.com/yontech/ppob/transaction-service/internal/handlers/transaction_handler.go:133.2,133.29 1 0
github.com/yontech/ppob/transaction-service/internal/handlers/transaction_handler.go:136.63,145.16 8 0
github.com/yontech/ppob/transaction-service/internal/handlers/transaction_handler.go:145.16,148.3 2 0
github.com/yontech/ppob/transaction-service/internal/handlers/transaction_handler.go:150.2,150.29 1 0
github.com/yontech/ppob/transaction-service/internal/handlers/transaction_handler.go:153.68,159.16 5 0
github.com/yontech/ppob/transaction-service/internal/handlers/transaction_handler.go:159.16,162.3 2 0
github.com/yontech/ppob/transaction-service/internal/handlers/transaction_handler.go:164.2,164.29 1 0
github.com/yontech/ppob/transaction-service/internal/handlers/transaction_handler.go:167.61,169.51 2 0
github.com/yontech/ppob/transaction-service/internal/handlers/transaction_handler.go:169.51,172.3 2 0
github.com/yontech/ppob/transaction-service/internal/handlers/transaction_handler.go:174.2,175.16 2 0
github.com/yontech/ppob/transaction-service/internal/handlers/transaction_handler.go:175.16,178.3 2 0
github.com/yontech/ppob/transaction-service/internal/handlers/transaction_handler.go:180.2,180.29 1 0
github.com/yontech/ppob/transaction-service/internal/handlers/transaction_handler.go:183.64,186.16 3 0
github.com/yontech/ppob/transaction-service/internal/handlers/transaction_handler.go:186.16,189.3 2 0
github.com/yontech/ppob/transaction-service/internal/handlers/transaction_handler.go:191.2,192.47 2 0
github.com/yontech/ppob/transaction-service/internal/handlers/transaction_handler.go:192.47,194.3 1 0
github.com/yontech/ppob/transaction-service/internal/handlers/transaction_handler.go:196.2,198.16 3 0
github.com/yontech/ppob/transaction-service/internal/handlers/transaction_handler.go:198.16,199.38 1 0
github.com/yontech/ppob/transaction-service/internal/handlers/transaction_handler.go:199.38,202.4 2 0
github.com/yontech/ppob/transaction-service/internal/handlers/transaction_handler.go:203.3,203.45 1 0
github.com/yontech/ppob/transaction-service/internal/handlers/transaction_handler.go:203.45,206.4 2 0
github.com/yontech/ppob/transaction-service/internal/handlers/transaction_handler.go:207.3,208.9 2 0
github.com/yontech/ppob/transaction-service/internal/handlers/transaction_handler.go:211.2,211.29 1 0
github.com/yontech/ppob/transaction-service/internal/handlers/transaction_handler.go:215.57,223.40 5 0
github.com/yontech/ppob/transaction-service/internal/handlers/transaction_handler.go:223.40,226.3 2 0
github.com/yontech/ppob/transaction-service/internal/handlers/transaction_handler.go:228.2,229.21 2 0
github.com/yontech/ppob/transaction-service/internal/handlers/transaction_handler.go:229.21,231.3 1 0
github.com/yontech/ppob/transaction-service/internal/handlers/transaction_handler.go:231.8,233.43 1 0
github.com/yontech/ppob/transaction-service/internal/handlers/transaction_handler.go:233.43,234.65 1 0
github.com/yontech/ppob/transaction-service/internal/handlers/transaction_handler.go:234.65,236.5 1 0
github.com/yontech/ppob/transaction-service/internal/handlers/transaction_handler.go:240.2,241.16 2 0
github.com/yontech/ppob/transaction-service/internal/handlers/transaction_handler.go:241.16,244.3 2 0
github.com/yontech/ppob/transaction-service/internal/handlers/transaction_handler.go:246.2,246.29 1 0
