mode: set
github.com/yontech/ppob/auth-service/internal/services/auth_service.go:58.16,69.29 2 1
github.com/yontech/ppob/auth-service/internal/services/auth_service.go:69.29,71.17 2 1
github.com/yontech/ppob/auth-service/internal/services/auth_service.go:71.17,73.4 1 0
github.com/yontech/ppob/auth-service/internal/services/auth_service.go:73.9,75.4 1 1
github.com/yontech/ppob/auth-service/internal/services/auth_service.go:78.2,78.28 1 1
github.com/yontech/ppob/auth-service/internal/services/auth_service.go:78.28,80.17 2 1
github.com/yontech/ppob/auth-service/internal/services/auth_service.go:80.17,82.4 1 0
github.com/yontech/ppob/auth-service/internal/services/auth_service.go:82.9,84.4 1 1
github.com/yontech/ppob/auth-service/internal/services/auth_service.go:87.2,87.12 1 1
github.com/yontech/ppob/auth-service/internal/services/auth_service.go:90.122,92.16 2 0
github.com/yontech/ppob/auth-service/internal/services/auth_service.go:92.16,98.3 1 0
github.com/yontech/ppob/auth-service/internal/services/auth_service.go:100.2,102.60 3 0
github.com/yontech/ppob/auth-service/internal/services/auth_service.go:102.60,104.3 1 0
github.com/yontech/ppob/auth-service/internal/services/auth_service.go:106.2,111.8 1 0
github.com/yontech/ppob/auth-service/internal/services/auth_service.go:114.119,117.46 2 0
github.com/yontech/ppob/auth-service/internal/services/auth_service.go:117.46,119.3 1 0
github.com/yontech/ppob/auth-service/internal/services/auth_service.go:121.2,122.16 2 0
github.com/yontech/ppob/auth-service/internal/services/auth_service.go:122.16,124.3 1 0
github.com/yontech/ppob/auth-service/internal/services/auth_service.go:126.2,126.103 1 0
github.com/yontech/ppob/auth-service/internal/services/auth_service.go:126.103,128.3 1 0
github.com/yontech/ppob/auth-service/internal/services/auth_service.go:131.2,136.34 3 0
github.com/yontech/ppob/auth-service/internal/services/auth_service.go:139.116,141.16 2 0
github.com/yontech/ppob/auth-service/internal/services/auth_service.go:141.16,143.3 1 0
github.com/yontech/ppob/auth-service/internal/services/auth_service.go:146.2,147.54 2 0
github.com/yontech/ppob/auth-service/internal/services/auth_service.go:147.54,149.3 1 0
github.com/yontech/ppob/auth-service/internal/services/auth_service.go:151.2,151.79 1 0
github.com/yontech/ppob/auth-service/internal/services/auth_service.go:151.79,153.3 1 0
github.com/yontech/ppob/auth-service/internal/services/auth_service.go:155.2,155.34 1 0
github.com/yontech/ppob/auth-service/internal/services/auth_service.go:158.123,161.46 2 0
github.com/yontech/ppob/auth-service/internal/services/auth_service.go:161.46,163.3 1 0
github.com/yontech/ppob/auth-service/internal/services/auth_service.go:165.2,166.16 2 0
github.com/yontech/ppob/auth-service/internal/services/auth_service.go:166.16,168.3 1 0
github.com/yontech/ppob/auth-service/internal/services/auth_service.go:171.2,171.24 1 0
github.com/yontech/ppob/auth-service/internal/services/auth_service.go:172.18,173.101 1 0
github.com/yontech/ppob/auth-service/internal/services/auth_service.go:173.101,175.4 1 0
github.com/yontech/ppob/auth-service/internal/services/auth_service.go:176.13,177.86 1 0
github.com/yontech/ppob/auth-service/internal/services/auth_service.go:177.86,179.4 1 0
github.com/yontech/ppob/auth-service/internal/services/auth_service.go:180.10,181.36 1 0
github.com/yontech/ppob/auth-service/internal/services/auth_service.go:185.2,190.34 3 0
github.com/yontech/ppob/auth-service/internal/services/auth_service.go:193.92,194.20 1 0
github.com/yontech/ppob/auth-service/internal/services/auth_service.go:194.20,196.3 1 0
github.com/yontech/ppob/auth-service/internal/services/auth_service.go:198.2,199.16 2 0
github.com/yontech/ppob/auth-service/internal/services/auth_service.go:199.16,209.24 2 0
github.com/yontech/ppob/auth-service/internal/services/auth_service.go:209.24,211.4 1 0
github.com/yontech/ppob/auth-service/internal/services/auth_service.go:212.8,215.30 2 0
github.com/yontech/ppob/auth-service/internal/services/auth_service.go:215.30,217.4 1 0
github.com/yontech/ppob/auth-service/internal/services/auth_service.go:220.3,220.30 1 0
github.com/yontech/ppob/auth-service/internal/services/auth_service.go:220.30,222.4 1 0
github.com/yontech/ppob/auth-service/internal/services/auth_service.go:224.3,225.65 2 0
github.com/yontech/ppob/auth-service/internal/services/auth_service.go:225.65,227.4 1 0
github.com/yontech/ppob/auth-service/internal/services/auth_service.go:231.104,234.48 3 0
github.com/yontech/ppob/auth-service/internal/services/auth_service.go:234.48,236.3 1 0
github.com/yontech/ppob/auth-service/internal/services/auth_service.go:238.2,239.16 2 0
github.com/yontech/ppob/auth-service/internal/services/auth_service.go:239.16,241.3 1 0
github.com/yontech/ppob/auth-service/internal/services/auth_service.go:243.2,244.16 2 0
github.com/yontech/ppob/auth-service/internal/services/auth_service.go:244.16,246.3 1 0
github.com/yontech/ppob/auth-service/internal/services/auth_service.go:248.2,258.8 2 0
github.com/yontech/ppob/auth-service/internal/services/auth_service.go:261.110,264.46 2 1
github.com/yontech/ppob/auth-service/internal/services/auth_service.go:264.46,266.3 1 0
github.com/yontech/ppob/auth-service/internal/services/auth_service.go:268.2,269.25 2 1
github.com/yontech/ppob/auth-service/internal/services/auth_service.go:269.25,271.3 1 1
github.com/yontech/ppob/auth-service/internal/services/auth_service.go:273.2,274.16 2 1
github.com/yontech/ppob/auth-service/internal/services/auth_service.go:274.16,276.3 1 0
github.com/yontech/ppob/auth-service/internal/services/auth_service.go:278.2,279.16 2 1
github.com/yontech/ppob/auth-service/internal/services/auth_service.go:279.16,281.3 1 0
github.com/yontech/ppob/auth-service/internal/services/auth_service.go:283.2,295.60 2 1
github.com/yontech/ppob/auth-service/internal/services/auth_service.go:295.60,297.49 2 1
github.com/yontech/ppob/auth-service/internal/services/auth_service.go:297.49,299.4 1 0
github.com/yontech/ppob/auth-service/internal/services/auth_service.go:301.3,301.25 1 1
github.com/yontech/ppob/auth-service/internal/services/auth_service.go:301.25,310.54 3 0
github.com/yontech/ppob/auth-service/internal/services/auth_service.go:310.54,312.5 1 0
github.com/yontech/ppob/auth-service/internal/services/auth_service.go:314.3,314.13 1 1
github.com/yontech/ppob/auth-service/internal/services/auth_service.go:317.2,317.16 1 1
github.com/yontech/ppob/auth-service/internal/services/auth_service.go:317.16,319.3 1 0
github.com/yontech/ppob/auth-service/internal/services/auth_service.go:322.2,333.16 4 1
github.com/yontech/ppob/auth-service/internal/services/auth_service.go:333.16,335.3 1 0
github.com/yontech/ppob/auth-service/internal/services/auth_service.go:337.2,338.16 2 1
github.com/yontech/ppob/auth-service/internal/services/auth_service.go:338.16,340.3 1 0
github.com/yontech/ppob/auth-service/internal/services/auth_service.go:342.2,353.8 2 1
github.com/yontech/ppob/auth-service/internal/services/auth_service.go:356.101,360.21 3 1
github.com/yontech/ppob/auth-service/internal/services/auth_service.go:360.21,362.3 1 1
github.com/yontech/ppob/auth-service/internal/services/auth_service.go:362.8,364.3 1 0
github.com/yontech/ppob/auth-service/internal/services/auth_service.go:366.2,366.16 1 1
github.com/yontech/ppob/auth-service/internal/services/auth_service.go:366.16,368.3 1 1
github.com/yontech/ppob/auth-service/internal/services/auth_service.go:370.2,370.103 1 1
github.com/yontech/ppob/auth-service/internal/services/auth_service.go:370.103,372.3 1 1
github.com/yontech/ppob/auth-service/internal/services/auth_service.go:374.2,376.48 3 1
github.com/yontech/ppob/auth-service/internal/services/auth_service.go:376.48,378.3 1 0
github.com/yontech/ppob/auth-service/internal/services/auth_service.go:380.2,381.16 2 1
github.com/yontech/ppob/auth-service/internal/services/auth_service.go:381.16,383.3 1 0
github.com/yontech/ppob/auth-service/internal/services/auth_service.go:385.2,386.16 2 1
github.com/yontech/ppob/auth-service/internal/services/auth_service.go:386.16,388.3 1 0
github.com/yontech/ppob/auth-service/internal/services/auth_service.go:390.2,400.8 2 1
github.com/yontech/ppob/auth-service/internal/services/auth_service.go:403.107,410.16 5 0
github.com/yontech/ppob/auth-service/internal/services/auth_service.go:410.16,412.3 1 0
github.com/yontech/ppob/auth-service/internal/services/auth_service.go:414.2,419.8 2 0
github.com/yontech/ppob/auth-service/internal/services/auth_service.go:422.113,424.16 2 1
github.com/yontech/ppob/auth-service/internal/services/auth_service.go:424.16,426.3 1 1
github.com/yontech/ppob/auth-service/internal/services/auth_service.go:428.2,429.21 2 1
github.com/yontech/ppob/auth-service/internal/services/auth_service.go:429.21,431.3 1 0
github.com/yontech/ppob/auth-service/internal/services/auth_service.go:433.2,437.82 4 1
github.com/yontech/ppob/auth-service/internal/services/auth_service.go:437.82,439.3 1 0
github.com/yontech/ppob/auth-service/internal/services/auth_service.go:442.2,446.16 3 1
github.com/yontech/ppob/auth-service/internal/services/auth_service.go:446.16,448.3 1 0
github.com/yontech/ppob/auth-service/internal/services/auth_service.go:451.2,458.8 3 1
github.com/yontech/ppob/auth-service/internal/services/auth_service.go:461.113,463.16 2 1
github.com/yontech/ppob/auth-service/internal/services/auth_service.go:463.16,465.3 1 0
github.com/yontech/ppob/auth-service/internal/services/auth_service.go:467.2,469.47 3 1
github.com/yontech/ppob/auth-service/internal/services/auth_service.go:469.47,471.3 1 0
github.com/yontech/ppob/auth-service/internal/services/auth_service.go:473.2,474.16 2 1
github.com/yontech/ppob/auth-service/internal/services/auth_service.go:474.16,476.3 1 0
github.com/yontech/ppob/auth-service/internal/services/auth_service.go:478.2,479.16 2 1
github.com/yontech/ppob/auth-service/internal/services/auth_service.go:479.16,481.3 1 0
github.com/yontech/ppob/auth-service/internal/services/auth_service.go:483.2,486.8 1 1
github.com/yontech/ppob/auth-service/internal/services/auth_service.go:489.87,491.57 2 0
github.com/yontech/ppob/auth-service/internal/services/auth_service.go:491.57,493.3 1 0
github.com/yontech/ppob/auth-service/internal/services/auth_service.go:495.2,495.20 1 0
github.com/yontech/ppob/auth-service/internal/services/auth_service.go:495.20,499.3 3 0
github.com/yontech/ppob/auth-service/internal/services/auth_service.go:501.2,501.12 1 0
github.com/yontech/ppob/auth-service/internal/services/auth_service.go:504.111,506.16 2 1
github.com/yontech/ppob/auth-service/internal/services/auth_service.go:506.16,508.3 1 0
github.com/yontech/ppob/auth-service/internal/services/auth_service.go:510.2,510.102 1 1
github.com/yontech/ppob/auth-service/internal/services/auth_service.go:510.102,512.3 1 1
github.com/yontech/ppob/auth-service/internal/services/auth_service.go:514.2,515.16 2 1
github.com/yontech/ppob/auth-service/internal/services/auth_service.go:515.16,517.3 1 0
github.com/yontech/ppob/auth-service/internal/services/auth_service.go:519.2,520.32 2 1
github.com/yontech/ppob/auth-service/internal/services/auth_service.go:523.96,525.16 2 0
github.com/yontech/ppob/auth-service/internal/services/auth_service.go:525.16,527.3 1 0
github.com/yontech/ppob/auth-service/internal/services/auth_service.go:529.2,529.82 1 0
github.com/yontech/ppob/auth-service/internal/services/auth_service.go:529.82,531.3 1 0
github.com/yontech/ppob/auth-service/internal/services/auth_service.go:533.2,534.16 2 0
github.com/yontech/ppob/auth-service/internal/services/auth_service.go:534.16,536.3 1 0
github.com/yontech/ppob/auth-service/internal/services/auth_service.go:538.2,539.32 2 0
github.com/yontech/ppob/auth-service/internal/services/auth_service.go:542.122,544.16 2 1
github.com/yontech/ppob/auth-service/internal/services/auth_service.go:544.16,546.3 1 0
github.com/yontech/ppob/auth-service/internal/services/auth_service.go:548.2,548.79 1 1
github.com/yontech/ppob/auth-service/internal/services/auth_service.go:548.79,550.3 1 1
github.com/yontech/ppob/auth-service/internal/services/auth_service.go:552.2,558.65 5 1
github.com/yontech/ppob/auth-service/internal/services/auth_service.go:558.65,560.3 1 0
github.com/yontech/ppob/auth-service/internal/services/auth_service.go:562.2,565.8 1 1
github.com/yontech/ppob/auth-service/internal/services/auth_service.go:568.83,570.2 1 1
github.com/yontech/ppob/auth-service/internal/services/auth_service.go:572.92,573.16 1 1
github.com/yontech/ppob/auth-service/internal/services/auth_service.go:573.16,575.3 1 0
github.com/yontech/ppob/auth-service/internal/services/auth_service.go:577.2,577.83 1 1
github.com/yontech/ppob/auth-service/internal/services/auth_service.go:577.83,578.57 1 1
github.com/yontech/ppob/auth-service/internal/services/auth_service.go:578.57,580.4 1 0
github.com/yontech/ppob/auth-service/internal/services/auth_service.go:581.3,581.18 1 1
github.com/yontech/ppob/auth-service/internal/services/auth_service.go:584.2,584.16 1 1
github.com/yontech/ppob/auth-service/internal/services/auth_service.go:584.16,586.3 1 1
github.com/yontech/ppob/auth-service/internal/services/auth_service.go:588.2,588.67 1 1
github.com/yontech/ppob/auth-service/internal/services/auth_service.go:588.67,590.10 2 1
github.com/yontech/ppob/auth-service/internal/services/auth_service.go:590.10,592.4 1 0
github.com/yontech/ppob/auth-service/internal/services/auth_service.go:594.3,594.37 1 1
github.com/yontech/ppob/auth-service/internal/services/auth_service.go:594.37,596.4 1 0
github.com/yontech/ppob/auth-service/internal/services/auth_service.go:598.3,611.9 6 1
github.com/yontech/ppob/auth-service/internal/services/auth_service.go:614.2,614.29 1 0
github.com/yontech/ppob/auth-service/internal/services/auth_service.go:617.83,618.25 1 1
github.com/yontech/ppob/auth-service/internal/services/auth_service.go:618.25,620.3 1 0
github.com/yontech/ppob/auth-service/internal/services/auth_service.go:622.2,634.16 5 1
github.com/yontech/ppob/auth-service/internal/services/auth_service.go:634.16,636.3 1 0
github.com/yontech/ppob/auth-service/internal/services/auth_service.go:638.2,638.36 1 1
github.com/yontech/ppob/auth-service/internal/services/auth_service.go:641.90,642.25 1 1
github.com/yontech/ppob/auth-service/internal/services/auth_service.go:642.25,644.3 1 0
github.com/yontech/ppob/auth-service/internal/services/auth_service.go:646.2,656.16 5 1
github.com/yontech/ppob/auth-service/internal/services/auth_service.go:656.16,658.3 1 0
github.com/yontech/ppob/auth-service/internal/services/auth_service.go:660.2,660.36 1 1
github.com/yontech/ppob/auth-service/internal/services/auth_service.go:663.44,667.2 3 0
github.com/yontech/ppob/auth-service/internal/services/auth_service.go:669.110,672.2 2 1
github.com/yontech/ppob/auth-service/internal/services/auth_service.go:674.28,678.2 3 0
github.com/yontech/ppob/auth-service/internal/services/token_blacklist.go:15.75,17.2 1 0
github.com/yontech/ppob/auth-service/internal/services/token_blacklist.go:19.117,22.2 2 0
github.com/yontech/ppob/auth-service/internal/services/token_blacklist.go:24.98,27.16 3 0
github.com/yontech/ppob/auth-service/internal/services/token_blacklist.go:27.16,29.3 1 0
github.com/yontech/ppob/auth-service/internal/services/token_blacklist.go:30.2,30.24 1 0
github.com/yontech/ppob/auth-service/internal/services/token_blacklist.go:33.93,37.16 3 0
github.com/yontech/ppob/auth-service/internal/services/token_blacklist.go:37.16,39.3 1 0
github.com/yontech/ppob/auth-service/internal/services/token_blacklist.go:41.2,41.27 1 0
github.com/yontech/ppob/auth-service/internal/services/token_blacklist.go:41.27,43.3 1 0
github.com/yontech/ppob/auth-service/internal/services/token_blacklist.go:45.2,45.12 1 0
github.com/yontech/ppob/auth-service/internal/services/token_blacklist.go:48.128,51.2 2 0
github.com/yontech/ppob/auth-service/internal/services/token_blacklist.go:53.109,56.16 3 0
github.com/yontech/ppob/auth-service/internal/services/token_blacklist.go:56.16,58.3 1 0
github.com/yontech/ppob/auth-service/internal/services/token_blacklist.go:59.2,59.24 1 0
github.com/yontech/ppob/auth-service/config/config.go:37.21,56.28 2 0
github.com/yontech/ppob/auth-service/config/config.go:56.28,58.17 2 0
github.com/yontech/ppob/auth-service/config/config.go:58.17,60.4 1 0
github.com/yontech/ppob/auth-service/config/config.go:60.9,62.4 1 0
github.com/yontech/ppob/auth-service/config/config.go:65.2,65.12 1 0
github.com/yontech/ppob/auth-service/config/config.go:68.46,69.42 1 0
github.com/yontech/ppob/auth-service/config/config.go:69.42,71.3 1 0
github.com/yontech/ppob/auth-service/config/config.go:72.2,72.21 1 0
github.com/yontech/ppob/auth-service/config/config.go:75.44,84.16 3 0
github.com/yontech/ppob/auth-service/config/config.go:84.16,86.3 1 0
github.com/yontech/ppob/auth-service/config/config.go:88.2,89.16 2 0
github.com/yontech/ppob/auth-service/config/config.go:89.16,91.3 1 0
github.com/yontech/ppob/auth-service/config/config.go:93.2,98.16 5 0
github.com/yontech/ppob/auth-service/config/config.go:101.43,111.47 4 0
github.com/yontech/ppob/auth-service/config/config.go:111.47,113.3 1 0
github.com/yontech/ppob/auth-service/config/config.go:115.2,116.15 2 0
github.com/yontech/ppob/auth-service/internal/repository/device_repository.go:12.57,14.2 1 0
github.com/yontech/ppob/auth-service/internal/repository/device_repository.go:16.114,19.16 3 0
github.com/yontech/ppob/auth-service/internal/repository/device_repository.go:19.16,21.3 1 0
github.com/yontech/ppob/auth-service/internal/repository/device_repository.go:22.2,22.21 1 0
github.com/yontech/ppob/auth-service/internal/repository/device_repository.go:25.75,27.2 1 0
github.com/yontech/ppob/auth-service/internal/repository/device_repository.go:29.75,31.2 1 0
github.com/yontech/ppob/auth-service/internal/repository/otp_repository.go:13.51,15.2 1 0
github.com/yontech/ppob/auth-service/internal/repository/otp_repository.go:17.55,19.2 1 0
github.com/yontech/ppob/auth-service/internal/repository/otp_repository.go:21.94,25.16 3 0
github.com/yontech/ppob/auth-service/internal/repository/otp_repository.go:25.16,27.3 1 0
github.com/yontech/ppob/auth-service/internal/repository/otp_repository.go:28.2,28.18 1 0
github.com/yontech/ppob/auth-service/internal/repository/otp_repository.go:31.59,35.2 3 0
github.com/yontech/ppob/auth-service/internal/repository/otp_repository.go:37.74,39.2 1 0
github.com/yontech/ppob/auth-service/internal/repository/otp_repository.go:41.89,44.16 3 0
github.com/yontech/ppob/auth-service/internal/repository/otp_repository.go:44.16,46.3 1 0
github.com/yontech/ppob/auth-service/internal/repository/otp_repository.go:47.2,47.18 1 0
github.com/yontech/ppob/auth-service/internal/repository/user_repository.go:12.53,14.2 1 0
github.com/yontech/ppob/auth-service/internal/repository/user_repository.go:16.40,18.2 1 0
github.com/yontech/ppob/auth-service/internal/repository/user_repository.go:20.58,22.2 1 0
github.com/yontech/ppob/auth-service/internal/repository/user_repository.go:24.74,27.16 3 0
github.com/yontech/ppob/auth-service/internal/repository/user_repository.go:27.16,29.3 1 0
github.com/yontech/ppob/auth-service/internal/repository/user_repository.go:30.2,30.19 1 0
github.com/yontech/ppob/auth-service/internal/repository/user_repository.go:33.74,36.16 3 0
github.com/yontech/ppob/auth-service/internal/repository/user_repository.go:36.16,38.3 1 0
github.com/yontech/ppob/auth-service/internal/repository/user_repository.go:39.2,39.19 1 0
github.com/yontech/ppob/auth-service/internal/repository/user_repository.go:42.66,45.16 3 0
github.com/yontech/ppob/auth-service/internal/repository/user_repository.go:45.16,47.3 1 0
github.com/yontech/ppob/auth-service/internal/repository/user_repository.go:48.2,48.19 1 0
github.com/yontech/ppob/auth-service/internal/repository/user_repository.go:51.58,53.2 1 0
github.com/yontech/ppob/auth-service/internal/repository/user_repository.go:55.88,58.16 3 0
github.com/yontech/ppob/auth-service/internal/repository/user_repository.go:58.16,60.3 1 0
github.com/yontech/ppob/auth-service/internal/repository/user_repository.go:61.2,61.19 1 0
github.com/yontech/ppob/auth-service/internal/repository/wallet_repository.go:12.57,14.2 1 0
github.com/yontech/ppob/auth-service/internal/repository/wallet_repository.go:16.64,18.2 1 0
github.com/yontech/ppob/auth-service/internal/repository/wallet_repository.go:20.78,23.16 3 0
github.com/yontech/ppob/auth-service/internal/repository/wallet_repository.go:23.16,25.3 1 0
github.com/yontech/ppob/auth-service/internal/repository/wallet_repository.go:26.2,26.21 1 0
github.com/yontech/ppob/auth-service/internal/repository/wallet_repository.go:29.64,31.2 1 0
github.com/yontech/ppob/auth-service/internal/repository/wallet_repository.go:33.70,36.16 3 0
github.com/yontech/ppob/auth-service/internal/repository/wallet_repository.go:36.16,38.3 1 0
github.com/yontech/ppob/auth-service/internal/repository/wallet_repository.go:39.2,39.21 1 0
github.com/yontech/ppob/auth-service/internal/validators/validators.go:20.54,21.74 1 0
github.com/yontech/ppob/auth-service/internal/validators/validators.go:21.74,24.18 3 0
github.com/yontech/ppob/auth-service/internal/validators/validators.go:24.18,26.4 1 0
github.com/yontech/ppob/auth-service/internal/validators/validators.go:27.3,27.39 1 0
github.com/yontech/ppob/auth-service/internal/validators/validators.go:30.2,30.75 1 0
github.com/yontech/ppob/auth-service/internal/validators/validators.go:30.75,32.20 2 0
github.com/yontech/ppob/auth-service/internal/validators/validators.go:32.20,34.4 1 0
github.com/yontech/ppob/auth-service/internal/validators/validators.go:35.3,35.33 1 0
github.com/yontech/ppob/auth-service/internal/validators/validators.go:35.33,37.4 1 0
github.com/yontech/ppob/auth-service/internal/validators/validators.go:38.3,38.38 1 0
github.com/yontech/ppob/auth-service/internal/validators/validators.go:38.38,39.18 1 0
github.com/yontech/ppob/auth-service/internal/validators/validators.go:39.18,41.5 1 0
github.com/yontech/ppob/auth-service/internal/validators/validators.go:43.3,43.14 1 0
github.com/yontech/ppob/auth-service/internal/validators/validators.go:46.2,46.82 1 0
github.com/yontech/ppob/auth-service/internal/validators/validators.go:46.82,48.24 2 0
github.com/yontech/ppob/auth-service/internal/validators/validators.go:48.24,50.4 1 0
github.com/yontech/ppob/auth-service/internal/validators/validators.go:52.3,53.30 2 0
github.com/yontech/ppob/auth-service/internal/validators/validators.go:53.30,54.11 1 0
github.com/yontech/ppob/auth-service/internal/validators/validators.go:55.30,56.20 1 0
github.com/yontech/ppob/auth-service/internal/validators/validators.go:57.30,58.20 1 0
github.com/yontech/ppob/auth-service/internal/validators/validators.go:59.30,60.20 1 0
github.com/yontech/ppob/auth-service/internal/validators/validators.go:64.3,64.42 1 0
github.com/yontech/ppob/auth-service/cmd/main.go:24.13,28.67 2 0
github.com/yontech/ppob/auth-service/cmd/main.go:28.67,30.3 1 0
github.com/yontech/ppob/auth-service/cmd/main.go:32.2,33.16 2 0
github.com/yontech/ppob/auth-service/cmd/main.go:33.16,36.3 2 0
github.com/yontech/ppob/auth-service/cmd/main.go:38.2,52.40 11 0
github.com/yontech/ppob/auth-service/cmd/main.go:52.40,54.3 1 0
github.com/yontech/ppob/auth-service/cmd/main.go:56.2,56.45 1 0
github.com/yontech/ppob/auth-service/cmd/main.go:56.45,58.3 1 0
github.com/yontech/ppob/auth-service/cmd/main.go:59.2,61.46 2 0
github.com/yontech/ppob/auth-service/cmd/main.go:61.46,66.17 4 0
github.com/yontech/ppob/auth-service/cmd/main.go:66.17,72.4 2 0
github.com/yontech/ppob/auth-service/cmd/main.go:73.3,73.48 1 0
github.com/yontech/ppob/auth-service/cmd/main.go:73.48,79.4 2 0
github.com/yontech/ppob/auth-service/cmd/main.go:81.3,81.53 1 0
github.com/yontech/ppob/auth-service/cmd/main.go:81.53,87.4 2 0
github.com/yontech/ppob/auth-service/cmd/main.go:89.3,89.50 1 0
github.com/yontech/ppob/auth-service/cmd/main.go:92.2,93.2 2 0
github.com/yontech/ppob/auth-service/cmd/main.go:93.2,95.3 2 0
github.com/yontech/ppob/auth-service/cmd/main.go:95.3,106.4 10 0
github.com/yontech/ppob/auth-service/cmd/main.go:108.3,110.3 3 0
github.com/yontech/ppob/auth-service/cmd/main.go:110.3,114.4 3 0
github.com/yontech/ppob/auth-service/cmd/main.go:117.2,122.12 2 0
github.com/yontech/ppob/auth-service/cmd/main.go:122.12,124.77 2 0
github.com/yontech/ppob/auth-service/cmd/main.go:124.77,127.4 2 0
github.com/yontech/ppob/auth-service/cmd/main.go:130.2,137.42 7 0
github.com/yontech/ppob/auth-service/cmd/main.go:137.42,139.3 1 0
github.com/yontech/ppob/auth-service/cmd/main.go:140.2,140.30 1 0
github.com/yontech/ppob/auth-service/internal/handlers/auth_handler.go:18.69,20.2 1 0
github.com/yontech/ppob/auth-service/internal/handlers/auth_handler.go:22.48,24.47 2 0
github.com/yontech/ppob/auth-service/internal/handlers/auth_handler.go:24.47,27.3 2 0
github.com/yontech/ppob/auth-service/internal/handlers/auth_handler.go:29.2,30.16 2 0
github.com/yontech/ppob/auth-service/internal/handlers/auth_handler.go:30.16,33.3 2 0
github.com/yontech/ppob/auth-service/internal/handlers/auth_handler.go:35.2,35.29 1 0
github.com/yontech/ppob/auth-service/internal/handlers/auth_handler.go:38.54,40.47 2 0
github.com/yontech/ppob/auth-service/internal/handlers/auth_handler.go:40.47,43.3 2 0
github.com/yontech/ppob/auth-service/internal/handlers/auth_handler.go:45.2,46.16 2 0
github.com/yontech/ppob/auth-service/internal/handlers/auth_handler.go:46.16,47.14 1 0
github.com/yontech/ppob/auth-service/internal/handlers/auth_handler.go:48.39,49.74 1 0
github.com/yontech/ppob/auth-service/internal/handlers/auth_handler.go:50.41,51.92 1 0
github.com/yontech/ppob/auth-service/internal/handlers/auth_handler.go:52.11,53.59 1 0
github.com/yontech/ppob/auth-service/internal/handlers/auth_handler.go:55.3,55.9 1 0
github.com/yontech/ppob/auth-service/internal/handlers/auth_handler.go:58.2,58.29 1 0
github.com/yontech/ppob/auth-service/internal/handlers/auth_handler.go:61.54,63.47 2 0
github.com/yontech/ppob/auth-service/internal/handlers/auth_handler.go:63.47,66.3 2 0
github.com/yontech/ppob/auth-service/internal/handlers/auth_handler.go:68.2,69.16 2 0
github.com/yontech/ppob/auth-service/internal/handlers/auth_handler.go:69.16,70.10 1 0
github.com/yontech/ppob/auth-service/internal/handlers/auth_handler.go:71.46,72.69 1 0
github.com/yontech/ppob/auth-service/internal/handlers/auth_handler.go:73.44,74.86 1 0
github.com/yontech/ppob/auth-service/internal/handlers/auth_handler.go:75.11,76.59 1 0
github.com/yontech/ppob/auth-service/internal/handlers/auth_handler.go:78.3,78.9 1 0
github.com/yontech/ppob/auth-service/internal/handlers/auth_handler.go:81.2,81.29 1 0
github.com/yontech/ppob/auth-service/internal/handlers/auth_handler.go:84.56,86.47 2 0
github.com/yontech/ppob/auth-service/internal/handlers/auth_handler.go:86.47,89.3 2 0
github.com/yontech/ppob/auth-service/internal/handlers/auth_handler.go:91.2,92.16 2 0
github.com/yontech/ppob/auth-service/internal/handlers/auth_handler.go:92.16,93.10 1 0
github.com/yontech/ppob/auth-service/internal/handlers/auth_handler.go:94.46,95.77 1 0
github.com/yontech/ppob/auth-service/internal/handlers/auth_handler.go:96.48,97.92 1 0
github.com/yontech/ppob/auth-service/internal/handlers/auth_handler.go:98.11,99.59 1 0
github.com/yontech/ppob/auth-service/internal/handlers/auth_handler.go:101.3,101.9 1 0
github.com/yontech/ppob/auth-service/internal/handlers/auth_handler.go:104.2,104.29 1 0
github.com/yontech/ppob/auth-service/internal/handlers/auth_handler.go:107.48,109.47 2 0
github.com/yontech/ppob/auth-service/internal/handlers/auth_handler.go:109.47,112.3 2 0
github.com/yontech/ppob/auth-service/internal/handlers/auth_handler.go:114.2,115.16 2 0
github.com/yontech/ppob/auth-service/internal/handlers/auth_handler.go:115.16,116.14 1 0
github.com/yontech/ppob/auth-service/internal/handlers/auth_handler.go:117.31,118.88 1 0
github.com/yontech/ppob/auth-service/internal/handlers/auth_handler.go:119.41,120.92 1 0
github.com/yontech/ppob/auth-service/internal/handlers/auth_handler.go:121.11,122.89 1 0
github.com/yontech/ppob/auth-service/internal/handlers/auth_handler.go:124.3,124.9 1 0
github.com/yontech/ppob/auth-service/internal/handlers/auth_handler.go:127.2,127.34 1 0
github.com/yontech/ppob/auth-service/internal/handlers/auth_handler.go:130.45,132.47 2 0
github.com/yontech/ppob/auth-service/internal/handlers/auth_handler.go:132.47,138.3 2 0
github.com/yontech/ppob/auth-service/internal/handlers/auth_handler.go:140.2,141.16 2 0
github.com/yontech/ppob/auth-service/internal/handlers/auth_handler.go:141.16,142.14 1 0
github.com/yontech/ppob/auth-service/internal/handlers/auth_handler.go:143.39,147.6 1 0
github.com/yontech/ppob/auth-service/internal/handlers/auth_handler.go:148.11,152.6 1 0
github.com/yontech/ppob/auth-service/internal/handlers/auth_handler.go:154.3,154.9 1 0
github.com/yontech/ppob/auth-service/internal/handlers/auth_handler.go:157.2,157.29 1 0
github.com/yontech/ppob/auth-service/internal/handlers/auth_handler.go:160.47,162.47 2 0
github.com/yontech/ppob/auth-service/internal/handlers/auth_handler.go:162.47,165.3 2 0
github.com/yontech/ppob/auth-service/internal/handlers/auth_handler.go:167.2,168.16 2 0
github.com/yontech/ppob/auth-service/internal/handlers/auth_handler.go:168.16,171.3 2 0
github.com/yontech/ppob/auth-service/internal/handlers/auth_handler.go:173.2,173.29 1 0
github.com/yontech/ppob/auth-service/internal/handlers/auth_handler.go:176.49,178.47 2 0
github.com/yontech/ppob/auth-service/internal/handlers/auth_handler.go:178.47,184.3 2 0
github.com/yontech/ppob/auth-service/internal/handlers/auth_handler.go:186.2,187.16 2 0
github.com/yontech/ppob/auth-service/internal/handlers/auth_handler.go:187.16,188.14 1 0
github.com/yontech/ppob/auth-service/internal/handlers/auth_handler.go:189.31,193.6 1 0
github.com/yontech/ppob/auth-service/internal/handlers/auth_handler.go:194.11,198.6 1 0
github.com/yontech/ppob/auth-service/internal/handlers/auth_handler.go:200.3,200.9 1 0
github.com/yontech/ppob/auth-service/internal/handlers/auth_handler.go:203.2,203.29 1 0
github.com/yontech/ppob/auth-service/internal/handlers/auth_handler.go:206.52,208.47 2 0
github.com/yontech/ppob/auth-service/internal/handlers/auth_handler.go:208.47,214.3 2 0
github.com/yontech/ppob/auth-service/internal/handlers/auth_handler.go:216.2,217.16 2 0
github.com/yontech/ppob/auth-service/internal/handlers/auth_handler.go:217.16,218.14 1 0
github.com/yontech/ppob/auth-service/internal/handlers/auth_handler.go:219.59,223.6 1 0
github.com/yontech/ppob/auth-service/internal/handlers/auth_handler.go:224.11,228.6 1 0
github.com/yontech/ppob/auth-service/internal/handlers/auth_handler.go:230.3,230.9 1 0
github.com/yontech/ppob/auth-service/internal/handlers/auth_handler.go:233.2,233.29 1 0
github.com/yontech/ppob/auth-service/internal/handlers/auth_handler.go:236.46,238.13 2 0
github.com/yontech/ppob/auth-service/internal/handlers/auth_handler.go:238.13,244.3 2 0
github.com/yontech/ppob/auth-service/internal/handlers/auth_handler.go:246.2,248.22 3 0
github.com/yontech/ppob/auth-service/internal/handlers/auth_handler.go:248.22,250.46 2 0
github.com/yontech/ppob/auth-service/internal/handlers/auth_handler.go:250.46,252.18 2 0
github.com/yontech/ppob/auth-service/internal/handlers/auth_handler.go:252.18,253.55 1 0
github.com/yontech/ppob/auth-service/internal/handlers/auth_handler.go:253.55,254.47 1 0
github.com/yontech/ppob/auth-service/internal/handlers/auth_handler.go:254.47,256.7 1 0
github.com/yontech/ppob/auth-service/internal/handlers/auth_handler.go:262.2,262.91 1 0
github.com/yontech/ppob/auth-service/internal/handlers/auth_handler.go:262.91,268.3 2 0
github.com/yontech/ppob/auth-service/internal/handlers/auth_handler.go:270.2,270.79 1 0
github.com/yontech/ppob/auth-service/internal/handlers/auth_handler.go:273.54,275.13 2 0
github.com/yontech/ppob/auth-service/internal/handlers/auth_handler.go:275.13,281.3 2 0
github.com/yontech/ppob/auth-service/internal/handlers/auth_handler.go:283.2,284.47 2 0
github.com/yontech/ppob/auth-service/internal/handlers/auth_handler.go:284.47,290.3 2 0
github.com/yontech/ppob/auth-service/internal/handlers/auth_handler.go:292.2,292.123 1 0
github.com/yontech/ppob/auth-service/internal/handlers/auth_handler.go:292.123,293.14 1 0
github.com/yontech/ppob/auth-service/internal/handlers/auth_handler.go:294.39,298.6 1 0
github.com/yontech/ppob/auth-service/internal/handlers/auth_handler.go:299.11,303.6 1 0
github.com/yontech/ppob/auth-service/internal/handlers/auth_handler.go:305.3,305.9 1 0
github.com/yontech/ppob/auth-service/internal/handlers/auth_handler.go:308.2,308.74 1 0
github.com/yontech/ppob/auth-service/internal/handlers/auth_handler.go:311.49,313.13 2 0
github.com/yontech/ppob/auth-service/internal/handlers/auth_handler.go:313.13,319.3 2 0
github.com/yontech/ppob/auth-service/internal/handlers/auth_handler.go:321.2,322.47 2 0
github.com/yontech/ppob/auth-service/internal/handlers/auth_handler.go:322.47,328.3 2 0
github.com/yontech/ppob/auth-service/internal/handlers/auth_handler.go:330.2,330.108 1 0
github.com/yontech/ppob/auth-service/internal/handlers/auth_handler.go:330.108,331.14 1 0
github.com/yontech/ppob/auth-service/internal/handlers/auth_handler.go:332.39,336.6 1 0
github.com/yontech/ppob/auth-service/internal/handlers/auth_handler.go:337.11,341.6 1 0
github.com/yontech/ppob/auth-service/internal/handlers/auth_handler.go:343.3,343.9 1 0
github.com/yontech/ppob/auth-service/internal/handlers/auth_handler.go:346.2,346.69 1 0
github.com/yontech/ppob/auth-service/internal/handlers/auth_handler.go:349.60,351.13 2 0
github.com/yontech/ppob/auth-service/internal/handlers/auth_handler.go:351.13,354.3 2 0
github.com/yontech/ppob/auth-service/internal/handlers/auth_handler.go:356.2,357.47 2 0
github.com/yontech/ppob/auth-service/internal/handlers/auth_handler.go:357.47,360.3 2 0
github.com/yontech/ppob/auth-service/internal/handlers/auth_handler.go:362.2,363.16 2 0
github.com/yontech/ppob/auth-service/internal/handlers/auth_handler.go:363.16,364.10 1 0
github.com/yontech/ppob/auth-service/internal/handlers/auth_handler.go:365.46,366.69 1 0
github.com/yontech/ppob/auth-service/internal/handlers/auth_handler.go:367.40,368.63 1 0
github.com/yontech/ppob/auth-service/internal/handlers/auth_handler.go:369.11,370.59 1 0
github.com/yontech/ppob/auth-service/internal/handlers/auth_handler.go:372.3,372.9 1 0
github.com/yontech/ppob/auth-service/internal/handlers/auth_handler.go:375.2,375.29 1 0
github.com/yontech/ppob/auth-service/internal/errors/app_error.go:22.35,24.2 1 0
github.com/yontech/ppob/auth-service/internal/errors/app_error.go:26.79,35.2 1 0
github.com/yontech/ppob/auth-service/internal/errors/app_error.go:37.41,38.9 1 0
github.com/yontech/ppob/auth-service/internal/errors/app_error.go:39.40,40.115 1 0
github.com/yontech/ppob/auth-service/internal/errors/app_error.go:40.115,42.4 1 0
github.com/yontech/ppob/auth-service/internal/errors/app_error.go:43.3,43.33 1 0
github.com/yontech/ppob/auth-service/internal/errors/app_error.go:44.46,45.31 1 0
github.com/yontech/ppob/auth-service/internal/errors/app_error.go:46.42,47.40 1 0
github.com/yontech/ppob/auth-service/internal/errors/app_error.go:48.10,49.40 1 0
github.com/yontech/ppob/auth-service/internal/errors/app_error.go:53.54,54.23 1 0
github.com/yontech/ppob/auth-service/internal/errors/app_error.go:54.23,56.3 1 0
github.com/yontech/ppob/auth-service/internal/errors/app_error.go:57.2,57.25 1 0
github.com/yontech/ppob/auth-service/internal/errors/app_error.go:57.25,59.3 1 0
github.com/yontech/ppob/auth-service/internal/errors/app_error.go:61.2,69.4 1 0
github.com/yontech/ppob/auth-service/internal/errors/app_error.go:72.55,74.2 1 0
github.com/yontech/ppob/auth-service/internal/errors/app_error.go:76.57,78.2 1 0
github.com/yontech/ppob/auth-service/internal/errors/app_error.go:80.54,82.2 1 0
github.com/yontech/ppob/auth-service/internal/errors/app_error.go:84.53,86.2 1 0
github.com/yontech/ppob/auth-service/internal/errors/app_error.go:88.58,90.2 1 0
github.com/yontech/ppob/auth-service/internal/errors/app_error.go:114.42,115.40 1 0
github.com/yontech/ppob/auth-service/internal/errors/app_error.go:115.40,117.3 1 0
github.com/yontech/ppob/auth-service/internal/errors/app_error.go:118.2,118.28 1 0
github.com/yontech/ppob/auth-service/internal/middleware/logger.go:21.41,23.2 1 0
github.com/yontech/ppob/auth-service/internal/middleware/logger.go:25.70,26.30 1 0
github.com/yontech/ppob/auth-service/internal/middleware/logger.go:26.30,29.20 3 0
github.com/yontech/ppob/auth-service/internal/middleware/logger.go:29.20,31.4 1 0
github.com/yontech/ppob/auth-service/internal/middleware/logger.go:32.3,35.28 3 0
github.com/yontech/ppob/auth-service/internal/middleware/logger.go:35.28,38.4 2 0
github.com/yontech/ppob/auth-service/internal/middleware/logger.go:40.3,57.49 4 0
github.com/yontech/ppob/auth-service/internal/middleware/logger.go:57.49,59.4 1 0
github.com/yontech/ppob/auth-service/internal/middleware/logger.go:61.3,61.27 1 0
github.com/yontech/ppob/auth-service/internal/middleware/logger.go:61.27,64.4 2 0
github.com/yontech/ppob/auth-service/internal/middleware/logger.go:66.3,66.24 1 0
github.com/yontech/ppob/auth-service/internal/middleware/logger.go:66.24,68.4 1 0
github.com/yontech/ppob/auth-service/internal/middleware/logger.go:70.3,71.27 2 0
github.com/yontech/ppob/auth-service/internal/middleware/logger.go:75.41,76.23 1 0
github.com/yontech/ppob/auth-service/internal/middleware/logger.go:76.23,78.3 1 0
github.com/yontech/ppob/auth-service/internal/middleware/logger.go:79.2,79.23 1 0
github.com/yontech/ppob/auth-service/internal/middleware/logger.go:79.23,81.3 1 0
github.com/yontech/ppob/auth-service/internal/middleware/logger.go:82.2,82.15 1 0
github.com/yontech/ppob/auth-service/internal/middleware/logger.go:85.66,87.54 2 0
github.com/yontech/ppob/auth-service/internal/middleware/logger.go:87.54,89.3 1 0
github.com/yontech/ppob/auth-service/internal/middleware/logger.go:91.2,91.34 1 0
github.com/yontech/ppob/auth-service/internal/middleware/logger.go:91.34,92.33 1 0
github.com/yontech/ppob/auth-service/internal/middleware/logger.go:92.33,94.4 1 0
github.com/yontech/ppob/auth-service/internal/middleware/logger.go:97.2,98.17 2 0
github.com/yontech/ppob/auth-service/internal/middleware/metrics.go:38.42,39.30 1 0
github.com/yontech/ppob/auth-service/internal/middleware/metrics.go:39.30,40.155 1 0
github.com/yontech/ppob/auth-service/internal/middleware/metrics.go:40.155,43.4 2 0
github.com/yontech/ppob/auth-service/internal/middleware/metrics.go:45.3,56.17 9 0
github.com/yontech/ppob/auth-service/internal/middleware/metrics.go:56.17,58.4 1 0
github.com/yontech/ppob/auth-service/internal/middleware/metrics.go:60.3,61.70 2 0
github.com/yontech/ppob/auth-service/internal/middleware/metrics.go:65.43,66.41 1 0
github.com/yontech/ppob/auth-service/internal/middleware/metrics.go:66.42,67.3 0 0
github.com/yontech/ppob/auth-service/internal/middleware/middleware.go:13.57,14.30 1 0
github.com/yontech/ppob/auth-service/internal/middleware/middleware.go:14.30,16.23 2 0
github.com/yontech/ppob/auth-service/internal/middleware/middleware.go:16.23,23.4 3 0
github.com/yontech/ppob/auth-service/internal/middleware/middleware.go:25.3,26.46 2 0
github.com/yontech/ppob/auth-service/internal/middleware/middleware.go:26.46,33.4 3 0
github.com/yontech/ppob/auth-service/internal/middleware/middleware.go:35.3,38.17 3 0
github.com/yontech/ppob/auth-service/internal/middleware/middleware.go:38.17,45.4 3 0
github.com/yontech/ppob/auth-service/internal/middleware/middleware.go:47.3,52.11 5 0
github.com/yontech/ppob/auth-service/internal/middleware/middleware.go:56.120,57.30 1 0
github.com/yontech/ppob/auth-service/internal/middleware/middleware.go:57.30,59.23 2 0
github.com/yontech/ppob/auth-service/internal/middleware/middleware.go:59.23,66.4 3 0
github.com/yontech/ppob/auth-service/internal/middleware/middleware.go:68.3,69.46 2 0
github.com/yontech/ppob/auth-service/internal/middleware/middleware.go:69.46,76.4 3 0
github.com/yontech/ppob/auth-service/internal/middleware/middleware.go:78.3,81.17 3 0
github.com/yontech/ppob/auth-service/internal/middleware/middleware.go:81.17,88.4 3 0
github.com/yontech/ppob/auth-service/internal/middleware/middleware.go:90.3,90.23 1 0
github.com/yontech/ppob/auth-service/internal/middleware/middleware.go:90.23,92.35 2 0
github.com/yontech/ppob/auth-service/internal/middleware/middleware.go:92.35,99.5 3 0
github.com/yontech/ppob/auth-service/internal/middleware/middleware.go:102.3,107.11 5 0
github.com/yontech/ppob/auth-service/internal/middleware/middleware.go:111.39,112.30 1 0
github.com/yontech/ppob/auth-service/internal/middleware/middleware.go:112.30,118.36 5 0
github.com/yontech/ppob/auth-service/internal/middleware/middleware.go:118.36,121.4 2 0
github.com/yontech/ppob/auth-service/internal/middleware/middleware.go:123.3,123.11 1 0
github.com/yontech/ppob/auth-service/internal/middleware/middleware.go:127.61,128.30 1 0
github.com/yontech/ppob/auth-service/internal/middleware/middleware.go:128.30,130.14 2 0
github.com/yontech/ppob/auth-service/internal/middleware/middleware.go:130.14,137.4 3 0
github.com/yontech/ppob/auth-service/internal/middleware/middleware.go:139.3,139.44 1 0
github.com/yontech/ppob/auth-service/internal/middleware/middleware.go:139.44,140.27 1 0
github.com/yontech/ppob/auth-service/internal/middleware/middleware.go:140.27,143.5 2 0
github.com/yontech/ppob/auth-service/internal/middleware/middleware.go:146.3,150.12 2 0
github.com/yontech/ppob/auth-service/internal/middleware/rate_limit.go:20.67,30.2 3 0
github.com/yontech/ppob/auth-service/internal/middleware/rate_limit.go:32.38,36.21 3 0
github.com/yontech/ppob/auth-service/internal/middleware/rate_limit.go:36.21,39.39 3 0
github.com/yontech/ppob/auth-service/internal/middleware/rate_limit.go:39.39,41.28 2 0
github.com/yontech/ppob/auth-service/internal/middleware/rate_limit.go:41.28,42.31 1 0
github.com/yontech/ppob/auth-service/internal/middleware/rate_limit.go:42.31,44.6 1 0
github.com/yontech/ppob/auth-service/internal/middleware/rate_limit.go:46.4,46.23 1 0
github.com/yontech/ppob/auth-service/internal/middleware/rate_limit.go:46.23,48.5 1 0
github.com/yontech/ppob/auth-service/internal/middleware/rate_limit.go:48.10,50.5 1 0
github.com/yontech/ppob/auth-service/internal/middleware/rate_limit.go:52.3,52.17 1 0
github.com/yontech/ppob/auth-service/internal/middleware/rate_limit.go:56.47,64.37 6 0
github.com/yontech/ppob/auth-service/internal/middleware/rate_limit.go:64.37,65.27 1 0
github.com/yontech/ppob/auth-service/internal/middleware/rate_limit.go:65.27,67.4 1 0
github.com/yontech/ppob/auth-service/internal/middleware/rate_limit.go:70.2,70.28 1 0
github.com/yontech/ppob/auth-service/internal/middleware/rate_limit.go:70.28,73.3 2 0
github.com/yontech/ppob/auth-service/internal/middleware/rate_limit.go:75.2,76.13 2 0
github.com/yontech/ppob/auth-service/internal/middleware/rate_limit.go:79.65,82.30 2 0
github.com/yontech/ppob/auth-service/internal/middleware/rate_limit.go:82.30,85.25 2 0
github.com/yontech/ppob/auth-service/internal/middleware/rate_limit.go:85.25,93.4 4 0
github.com/yontech/ppob/auth-service/internal/middleware/rate_limit.go:95.3,95.11 1 0
github.com/yontech/ppob/auth-service/internal/middleware/rate_limit.go:99.69,102.30 2 0
github.com/yontech/ppob/auth-service/internal/middleware/rate_limit.go:102.30,104.14 2 0
github.com/yontech/ppob/auth-service/internal/middleware/rate_limit.go:104.14,107.4 2 0
github.com/yontech/ppob/auth-service/internal/middleware/rate_limit.go:109.3,111.26 2 0
github.com/yontech/ppob/auth-service/internal/middleware/rate_limit.go:111.26,119.4 4 0
github.com/yontech/ppob/auth-service/internal/middleware/rate_limit.go:121.3,121.11 1 0
github.com/yontech/ppob/auth-service/internal/middleware/token_blacklist.go:12.97,13.30 1 0
github.com/yontech/ppob/auth-service/internal/middleware/token_blacklist.go:13.30,15.23 2 0
github.com/yontech/ppob/auth-service/internal/middleware/token_blacklist.go:15.23,18.4 2 0
github.com/yontech/ppob/auth-service/internal/middleware/token_blacklist.go:20.3,21.46 2 0
github.com/yontech/ppob/auth-service/internal/middleware/token_blacklist.go:21.46,24.4 2 0
github.com/yontech/ppob/auth-service/internal/middleware/token_blacklist.go:26.3,29.17 3 0
github.com/yontech/ppob/auth-service/internal/middleware/token_blacklist.go:29.17,32.4 2 0
github.com/yontech/ppob/auth-service/internal/middleware/token_blacklist.go:34.3,34.53 1 0
github.com/yontech/ppob/auth-service/internal/middleware/token_blacklist.go:34.53,35.58 1 0
github.com/yontech/ppob/auth-service/internal/middleware/token_blacklist.go:35.58,37.36 2 0
github.com/yontech/ppob/auth-service/internal/middleware/token_blacklist.go:37.36,44.6 3 0
github.com/yontech/ppob/auth-service/internal/middleware/token_blacklist.go:48.3,48.11 1 0
