mode: set
github.com/yontech/ppob/user-service/config/config.go:39.21,59.28 2 0
github.com/yontech/ppob/user-service/config/config.go:59.28,61.17 2 0
github.com/yontech/ppob/user-service/config/config.go:61.17,63.4 1 0
github.com/yontech/ppob/user-service/config/config.go:63.9,65.4 1 0
github.com/yontech/ppob/user-service/config/config.go:68.2,68.29 1 0
github.com/yontech/ppob/user-service/config/config.go:68.29,70.17 2 0
github.com/yontech/ppob/user-service/config/config.go:70.17,72.4 1 0
github.com/yontech/ppob/user-service/config/config.go:72.9,74.4 1 0
github.com/yontech/ppob/user-service/config/config.go:77.2,77.12 1 0
github.com/yontech/ppob/user-service/config/config.go:80.46,81.42 1 0
github.com/yontech/ppob/user-service/config/config.go:81.42,83.3 1 0
github.com/yontech/ppob/user-service/config/config.go:84.2,84.21 1 0
github.com/yontech/ppob/user-service/config/config.go:87.44,96.16 3 0
github.com/yontech/ppob/user-service/config/config.go:96.16,98.3 1 0
github.com/yontech/ppob/user-service/config/config.go:100.2,101.16 2 0
github.com/yontech/ppob/user-service/config/config.go:101.16,103.3 1 0
github.com/yontech/ppob/user-service/config/config.go:105.2,110.16 5 0
github.com/yontech/ppob/user-service/config/config.go:113.43,123.47 4 0
github.com/yontech/ppob/user-service/config/config.go:123.47,125.3 1 0
github.com/yontech/ppob/user-service/config/config.go:127.2,128.15 2 0
github.com/yontech/ppob/user-service/internal/dto/margin_dto.go:46.54,48.16 2 0
github.com/yontech/ppob/user-service/internal/dto/margin_dto.go:48.16,50.3 1 0
github.com/yontech/ppob/user-service/internal/dto/margin_dto.go:51.2,52.18 2 0
github.com/yontech/ppob/user-service/internal/dto/margin_dto.go:70.75,72.13 2 0
github.com/yontech/ppob/user-service/internal/dto/margin_dto.go:72.13,74.3 1 0
github.com/yontech/ppob/user-service/internal/dto/margin_dto.go:75.2,75.21 1 0
github.com/yontech/ppob/user-service/internal/dto/margin_dto.go:75.21,77.3 1 0
github.com/yontech/ppob/user-service/internal/dto/margin_dto.go:78.2,78.17 1 0
github.com/yontech/ppob/user-service/internal/dto/margin_dto.go:81.54,83.22 2 0
github.com/yontech/ppob/user-service/internal/dto/margin_dto.go:83.22,84.26 1 0
github.com/yontech/ppob/user-service/internal/dto/margin_dto.go:85.15,86.38 1 0
github.com/yontech/ppob/user-service/internal/dto/margin_dto.go:87.16,88.52 1 0
github.com/yontech/ppob/user-service/internal/dto/margin_dto.go:89.12,90.61 1 0
github.com/yontech/ppob/user-service/internal/dto/margin_dto.go:93.2,93.15 1 0
github.com/yontech/ppob/user-service/internal/dto/margin_dto.go:96.56,97.31 1 0
github.com/yontech/ppob/user-service/internal/dto/margin_dto.go:97.31,99.3 1 0
github.com/yontech/ppob/user-service/internal/dto/margin_dto.go:100.2,100.20 1 0
github.com/yontech/ppob/user-service/internal/dto/margin_dto.go:103.37,104.28 1 0
github.com/yontech/ppob/user-service/internal/dto/margin_dto.go:104.28,106.3 1 0
github.com/yontech/ppob/user-service/internal/dto/margin_dto.go:107.2,107.25 1 0
github.com/yontech/ppob/user-service/internal/dto/margin_dto.go:110.36,113.18 3 0
github.com/yontech/ppob/user-service/internal/dto/margin_dto.go:113.18,116.3 2 0
github.com/yontech/ppob/user-service/internal/dto/margin_dto.go:117.2,117.18 1 0
github.com/yontech/ppob/user-service/internal/dto/margin_dto.go:117.18,119.3 1 0
github.com/yontech/ppob/user-service/internal/dto/margin_dto.go:120.2,120.15 1 0
github.com/yontech/ppob/user-service/internal/dto/margin_dto.go:123.38,125.2 1 0
github.com/yontech/ppob/user-service/cmd/main.go:30.87,34.26 3 0
github.com/yontech/ppob/user-service/cmd/main.go:34.26,36.17 2 0
github.com/yontech/ppob/user-service/cmd/main.go:36.17,38.4 1 0
github.com/yontech/ppob/user-service/cmd/main.go:41.2,46.16 2 0
github.com/yontech/ppob/user-service/cmd/main.go:46.16,48.3 1 0
github.com/yontech/ppob/user-service/cmd/main.go:50.2,61.16 4 0
github.com/yontech/ppob/user-service/cmd/main.go:64.13,67.30 2 0
github.com/yontech/ppob/user-service/cmd/main.go:67.30,69.17 2 0
github.com/yontech/ppob/user-service/cmd/main.go:69.17,71.4 1 0
github.com/yontech/ppob/user-service/cmd/main.go:71.9,73.4 1 0
github.com/yontech/ppob/user-service/cmd/main.go:76.2,77.16 2 0
github.com/yontech/ppob/user-service/cmd/main.go:77.16,79.3 1 0
github.com/yontech/ppob/user-service/cmd/main.go:82.2,106.40 19 0
github.com/yontech/ppob/user-service/cmd/main.go:106.40,108.3 1 0
github.com/yontech/ppob/user-service/cmd/main.go:109.2,109.45 1 0
github.com/yontech/ppob/user-service/cmd/main.go:109.45,111.3 1 0
github.com/yontech/ppob/user-service/cmd/main.go:112.2,112.46 1 0
github.com/yontech/ppob/user-service/cmd/main.go:112.46,114.40 2 0
github.com/yontech/ppob/user-service/cmd/main.go:114.40,117.4 2 0
github.com/yontech/ppob/user-service/cmd/main.go:118.3,118.47 1 0
github.com/yontech/ppob/user-service/cmd/main.go:120.2,123.2 3 0
github.com/yontech/ppob/user-service/cmd/main.go:123.2,125.3 2 0
github.com/yontech/ppob/user-service/cmd/main.go:125.3,134.4 7 0
github.com/yontech/ppob/user-service/cmd/main.go:134.4,141.5 6 0
github.com/yontech/ppob/user-service/cmd/main.go:144.3,145.3 2 0
github.com/yontech/ppob/user-service/cmd/main.go:145.3,148.4 2 0
github.com/yontech/ppob/user-service/cmd/main.go:151.3,152.3 2 0
github.com/yontech/ppob/user-service/cmd/main.go:152.3,157.4 4 0
github.com/yontech/ppob/user-service/cmd/main.go:160.3,161.3 2 0
github.com/yontech/ppob/user-service/cmd/main.go:161.3,166.4 4 0
github.com/yontech/ppob/user-service/cmd/main.go:169.2,174.12 2 0
github.com/yontech/ppob/user-service/cmd/main.go:174.12,176.77 2 0
github.com/yontech/ppob/user-service/cmd/main.go:176.77,178.4 1 0
github.com/yontech/ppob/user-service/cmd/main.go:181.2,188.42 7 0
github.com/yontech/ppob/user-service/cmd/main.go:188.42,190.3 1 0
github.com/yontech/ppob/user-service/cmd/main.go:191.2,191.30 1 0
github.com/yontech/ppob/user-service/internal/middleware/metrics.go:38.42,39.30 1 0
github.com/yontech/ppob/user-service/internal/middleware/metrics.go:39.30,43.44 1 0
github.com/yontech/ppob/user-service/internal/middleware/metrics.go:43.44,46.4 2 0
github.com/yontech/ppob/user-service/internal/middleware/metrics.go:48.3,59.17 9 0
github.com/yontech/ppob/user-service/internal/middleware/metrics.go:59.17,61.4 1 0
github.com/yontech/ppob/user-service/internal/middleware/metrics.go:63.3,64.70 2 0
github.com/yontech/ppob/user-service/internal/middleware/metrics.go:68.43,69.41 1 0
github.com/yontech/ppob/user-service/internal/middleware/metrics.go:69.42,70.3 0 0
github.com/yontech/ppob/user-service/internal/middleware/middleware.go:14.57,15.30 1 0
github.com/yontech/ppob/user-service/internal/middleware/middleware.go:15.30,17.23 2 0
github.com/yontech/ppob/user-service/internal/middleware/middleware.go:17.23,21.4 3 0
github.com/yontech/ppob/user-service/internal/middleware/middleware.go:23.3,24.46 2 0
github.com/yontech/ppob/user-service/internal/middleware/middleware.go:24.46,28.4 3 0
github.com/yontech/ppob/user-service/internal/middleware/middleware.go:30.3,32.17 3 0
github.com/yontech/ppob/user-service/internal/middleware/middleware.go:32.17,36.4 3 0
github.com/yontech/ppob/user-service/internal/middleware/middleware.go:38.3,42.11 5 0
github.com/yontech/ppob/user-service/internal/middleware/middleware.go:46.61,47.30 1 0
github.com/yontech/ppob/user-service/internal/middleware/middleware.go:47.30,49.14 2 0
github.com/yontech/ppob/user-service/internal/middleware/middleware.go:49.14,53.4 3 0
github.com/yontech/ppob/user-service/internal/middleware/middleware.go:55.3,55.44 1 0
github.com/yontech/ppob/user-service/internal/middleware/middleware.go:55.44,56.27 1 0
github.com/yontech/ppob/user-service/internal/middleware/middleware.go:56.27,59.5 2 0
github.com/yontech/ppob/user-service/internal/middleware/middleware.go:62.3,63.12 2 0
github.com/yontech/ppob/user-service/internal/middleware/middleware.go:67.39,68.30 1 0
github.com/yontech/ppob/user-service/internal/middleware/middleware.go:68.30,74.36 5 0
github.com/yontech/ppob/user-service/internal/middleware/middleware.go:74.36,77.4 2 0
github.com/yontech/ppob/user-service/internal/middleware/middleware.go:79.3,79.11 1 0
github.com/yontech/ppob/user-service/internal/middleware/middleware.go:83.89,84.83 1 0
github.com/yontech/ppob/user-service/internal/middleware/middleware.go:84.83,85.57 1 0
github.com/yontech/ppob/user-service/internal/middleware/middleware.go:85.57,87.4 1 0
github.com/yontech/ppob/user-service/internal/middleware/middleware.go:88.3,88.24 1 0
github.com/yontech/ppob/user-service/internal/middleware/middleware.go:91.2,91.16 1 0
github.com/yontech/ppob/user-service/internal/middleware/middleware.go:91.16,93.3 1 0
github.com/yontech/ppob/user-service/internal/middleware/middleware.go:95.2,95.67 1 0
github.com/yontech/ppob/user-service/internal/middleware/middleware.go:95.67,97.3 1 0
github.com/yontech/ppob/user-service/internal/middleware/middleware.go:99.2,99.37 1 0
github.com/yontech/ppob/user-service/internal/middleware/rate_limit.go:19.67,29.2 3 0
github.com/yontech/ppob/user-service/internal/middleware/rate_limit.go:31.38,35.21 3 0
github.com/yontech/ppob/user-service/internal/middleware/rate_limit.go:35.21,38.39 3 0
github.com/yontech/ppob/user-service/internal/middleware/rate_limit.go:38.39,40.28 2 0
github.com/yontech/ppob/user-service/internal/middleware/rate_limit.go:40.28,41.31 1 0
github.com/yontech/ppob/user-service/internal/middleware/rate_limit.go:41.31,43.6 1 0
github.com/yontech/ppob/user-service/internal/middleware/rate_limit.go:45.4,45.23 1 0
github.com/yontech/ppob/user-service/internal/middleware/rate_limit.go:45.23,47.5 1 0
github.com/yontech/ppob/user-service/internal/middleware/rate_limit.go:47.10,49.5 1 0
github.com/yontech/ppob/user-service/internal/middleware/rate_limit.go:51.3,51.17 1 0
github.com/yontech/ppob/user-service/internal/middleware/rate_limit.go:55.47,63.37 6 0
github.com/yontech/ppob/user-service/internal/middleware/rate_limit.go:63.37,64.27 1 0
github.com/yontech/ppob/user-service/internal/middleware/rate_limit.go:64.27,66.4 1 0
github.com/yontech/ppob/user-service/internal/middleware/rate_limit.go:69.2,69.28 1 0
github.com/yontech/ppob/user-service/internal/middleware/rate_limit.go:69.28,72.3 2 0
github.com/yontech/ppob/user-service/internal/middleware/rate_limit.go:74.2,75.13 2 0
github.com/yontech/ppob/user-service/internal/middleware/rate_limit.go:78.65,81.30 2 0
github.com/yontech/ppob/user-service/internal/middleware/rate_limit.go:81.30,84.25 2 0
github.com/yontech/ppob/user-service/internal/middleware/rate_limit.go:84.25,92.4 4 0
github.com/yontech/ppob/user-service/internal/middleware/rate_limit.go:94.3,94.11 1 0
github.com/yontech/ppob/user-service/internal/middleware/rate_limit.go:98.69,101.30 2 0
github.com/yontech/ppob/user-service/internal/middleware/rate_limit.go:101.30,103.14 2 0
github.com/yontech/ppob/user-service/internal/middleware/rate_limit.go:103.14,106.4 2 0
github.com/yontech/ppob/user-service/internal/middleware/rate_limit.go:108.3,110.26 2 0
github.com/yontech/ppob/user-service/internal/middleware/rate_limit.go:110.26,118.4 4 0
github.com/yontech/ppob/user-service/internal/middleware/rate_limit.go:120.3,120.11 1 0
github.com/yontech/ppob/user-service/internal/middleware/tracing.go:10.42,13.30 2 0
github.com/yontech/ppob/user-service/internal/middleware/tracing.go:13.30,17.16 3 0
github.com/yontech/ppob/user-service/internal/middleware/tracing.go:17.16,21.4 3 0
github.com/yontech/ppob/user-service/internal/middleware/tracing.go:23.3,26.24 3 0
github.com/yontech/ppob/user-service/internal/middleware/tracing.go:26.24,28.4 1 0
github.com/yontech/ppob/user-service/internal/services/margin_service.go:19.51,21.2 1 0
github.com/yontech/ppob/user-service/internal/services/margin_service.go:30.153,32.16 2 0
github.com/yontech/ppob/user-service/internal/services/margin_service.go:32.16,34.3 1 0
github.com/yontech/ppob/user-service/internal/services/margin_service.go:36.2,42.16 5 0
github.com/yontech/ppob/user-service/internal/services/margin_service.go:42.16,43.31 1 0
github.com/yontech/ppob/user-service/internal/services/margin_service.go:43.31,46.4 2 0
github.com/yontech/ppob/user-service/internal/services/margin_service.go:46.9,46.40 1 0
github.com/yontech/ppob/user-service/internal/services/margin_service.go:46.40,49.4 2 0
github.com/yontech/ppob/user-service/internal/services/margin_service.go:50.8,54.17 3 0
github.com/yontech/ppob/user-service/internal/services/margin_service.go:54.17,55.46 1 0
github.com/yontech/ppob/user-service/internal/services/margin_service.go:55.46,57.5 1 0
github.com/yontech/ppob/user-service/internal/services/margin_service.go:58.4,58.19 1 0
github.com/yontech/ppob/user-service/internal/services/margin_service.go:61.3,62.34 2 0
github.com/yontech/ppob/user-service/internal/services/margin_service.go:62.34,64.4 1 0
github.com/yontech/ppob/user-service/internal/services/margin_service.go:64.9,66.4 1 0
github.com/yontech/ppob/user-service/internal/services/margin_service.go:69.2,70.33 2 0
github.com/yontech/ppob/user-service/internal/services/margin_service.go:70.33,72.3 1 0
github.com/yontech/ppob/user-service/internal/services/margin_service.go:72.8,74.26 2 0
github.com/yontech/ppob/user-service/internal/services/margin_service.go:74.26,76.4 1 0
github.com/yontech/ppob/user-service/internal/services/margin_service.go:79.2,84.8 1 0
github.com/yontech/ppob/user-service/internal/services/margin_service.go:87.145,91.16 3 0
github.com/yontech/ppob/user-service/internal/services/margin_service.go:91.16,93.34 2 0
github.com/yontech/ppob/user-service/internal/services/margin_service.go:93.34,96.4 2 0
github.com/yontech/ppob/user-service/internal/services/margin_service.go:96.9,99.4 2 0
github.com/yontech/ppob/user-service/internal/services/margin_service.go:100.3,102.24 3 0
github.com/yontech/ppob/user-service/internal/services/margin_service.go:105.2,105.44 1 0
github.com/yontech/ppob/user-service/internal/services/margin_service.go:105.44,115.34 2 0
github.com/yontech/ppob/user-service/internal/services/margin_service.go:115.34,117.4 1 0
github.com/yontech/ppob/user-service/internal/services/margin_service.go:117.9,119.4 1 0
github.com/yontech/ppob/user-service/internal/services/margin_service.go:121.3,122.22 2 0
github.com/yontech/ppob/user-service/internal/services/margin_service.go:125.2,125.17 1 0
github.com/yontech/ppob/user-service/internal/services/margin_service.go:128.188,132.16 3 0
github.com/yontech/ppob/user-service/internal/services/margin_service.go:132.16,138.3 5 0
github.com/yontech/ppob/user-service/internal/services/margin_service.go:140.2,140.44 1 0
github.com/yontech/ppob/user-service/internal/services/margin_service.go:140.44,150.37 2 0
github.com/yontech/ppob/user-service/internal/services/margin_service.go:150.37,152.4 1 0
github.com/yontech/ppob/user-service/internal/services/margin_service.go:154.3,155.23 2 0
github.com/yontech/ppob/user-service/internal/services/margin_service.go:158.2,158.17 1 0
github.com/yontech/ppob/user-service/internal/services/margin_service.go:161.104,165.2 3 0
github.com/yontech/ppob/user-service/internal/services/margin_service.go:167.109,171.2 3 0
github.com/yontech/ppob/user-service/internal/services/margin_service.go:173.76,177.2 1 0
github.com/yontech/ppob/user-service/internal/services/notification_service.go:17.103,19.2 1 0
github.com/yontech/ppob/user-service/internal/services/notification_service.go:21.124,31.2 2 0
github.com/yontech/ppob/user-service/internal/services/notification_service.go:33.165,35.16 2 0
github.com/yontech/ppob/user-service/internal/services/notification_service.go:35.16,37.3 1 0
github.com/yontech/ppob/user-service/internal/services/notification_service.go:38.2,39.27 2 0
github.com/yontech/ppob/user-service/internal/services/notification_service.go:39.27,48.3 1 0
github.com/yontech/ppob/user-service/internal/services/notification_service.go:49.2,49.30 1 0
github.com/yontech/ppob/user-service/internal/services/notification_service.go:52.95,54.2 1 0
github.com/yontech/ppob/user-service/internal/services/notification_service.go:56.96,58.2 1 0
github.com/yontech/ppob/user-service/internal/services/notification_service.go:60.85,62.2 1 0
github.com/yontech/ppob/user-service/internal/services/notification_service.go:65.122,69.2 3 0
github.com/yontech/ppob/user-service/internal/services/user_service.go:38.16,47.2 1 0
github.com/yontech/ppob/user-service/internal/services/user_service.go:49.42,51.2 1 0
github.com/yontech/ppob/user-service/internal/services/user_service.go:54.92,56.16 2 0
github.com/yontech/ppob/user-service/internal/services/user_service.go:56.16,58.3 1 0
github.com/yontech/ppob/user-service/internal/services/user_service.go:60.2,72.8 1 0
github.com/yontech/ppob/user-service/internal/services/user_service.go:76.123,78.16 2 0
github.com/yontech/ppob/user-service/internal/services/user_service.go:78.16,80.3 1 0
github.com/yontech/ppob/user-service/internal/services/user_service.go:82.2,82.20 1 0
github.com/yontech/ppob/user-service/internal/services/user_service.go:82.20,84.3 1 0
github.com/yontech/ppob/user-service/internal/services/user_service.go:85.2,85.21 1 0
github.com/yontech/ppob/user-service/internal/services/user_service.go:85.21,87.3 1 0
github.com/yontech/ppob/user-service/internal/services/user_service.go:88.2,88.22 1 0
github.com/yontech/ppob/user-service/internal/services/user_service.go:88.22,90.3 1 0
github.com/yontech/ppob/user-service/internal/services/user_service.go:91.2,91.23 1 0
github.com/yontech/ppob/user-service/internal/services/user_service.go:91.23,93.3 1 0
github.com/yontech/ppob/user-service/internal/services/user_service.go:94.2,94.28 1 0
github.com/yontech/ppob/user-service/internal/services/user_service.go:94.28,96.3 1 0
github.com/yontech/ppob/user-service/internal/services/user_service.go:98.2,98.48 1 0
github.com/yontech/ppob/user-service/internal/services/user_service.go:98.48,100.3 1 0
github.com/yontech/ppob/user-service/internal/services/user_service.go:102.2,116.8 2 0
github.com/yontech/ppob/user-service/internal/services/user_service.go:120.105,122.16 2 0
github.com/yontech/ppob/user-service/internal/services/user_service.go:122.16,124.3 1 0
github.com/yontech/ppob/user-service/internal/services/user_service.go:126.2,127.29 2 0
github.com/yontech/ppob/user-service/internal/services/user_service.go:127.29,141.3 1 0
github.com/yontech/ppob/user-service/internal/services/user_service.go:143.2,148.8 1 0
github.com/yontech/ppob/user-service/internal/services/user_service.go:152.98,154.16 2 0
github.com/yontech/ppob/user-service/internal/services/user_service.go:154.16,156.3 1 0
github.com/yontech/ppob/user-service/internal/services/user_service.go:158.2,159.29 2 0
github.com/yontech/ppob/user-service/internal/services/user_service.go:159.29,167.3 1 0
github.com/yontech/ppob/user-service/internal/services/user_service.go:169.2,169.27 1 0
github.com/yontech/ppob/user-service/internal/services/user_service.go:173.87,175.16 2 0
github.com/yontech/ppob/user-service/internal/services/user_service.go:175.16,177.3 1 0
github.com/yontech/ppob/user-service/internal/services/user_service.go:179.2,179.62 1 0
github.com/yontech/ppob/user-service/internal/services/user_service.go:179.62,181.3 1 0
github.com/yontech/ppob/user-service/internal/services/user_service.go:183.2,186.17 3 0
github.com/yontech/ppob/user-service/internal/services/user_service.go:186.17,189.3 2 0
github.com/yontech/ppob/user-service/internal/services/user_service.go:191.2,191.12 1 0
github.com/yontech/ppob/user-service/internal/services/user_service.go:195.82,197.16 2 0
github.com/yontech/ppob/user-service/internal/services/user_service.go:197.16,199.3 1 0
github.com/yontech/ppob/user-service/internal/services/user_service.go:201.2,202.29 2 0
github.com/yontech/ppob/user-service/internal/services/user_service.go:202.29,210.3 1 0
github.com/yontech/ppob/user-service/internal/services/user_service.go:212.2,212.27 1 0
github.com/yontech/ppob/user-service/internal/services/user_service.go:216.104,218.21 2 0
github.com/yontech/ppob/user-service/internal/services/user_service.go:218.21,220.3 1 0
github.com/yontech/ppob/user-service/internal/services/user_service.go:222.2,229.48 2 0
github.com/yontech/ppob/user-service/internal/services/user_service.go:229.48,231.3 1 0
github.com/yontech/ppob/user-service/internal/services/user_service.go:233.2,239.8 1 0
github.com/yontech/ppob/user-service/internal/services/user_service.go:242.77,245.2 2 0
github.com/yontech/ppob/user-service/internal/services/user_service.go:250.134,252.16 2 0
github.com/yontech/ppob/user-service/internal/services/user_service.go:252.16,254.3 1 0
github.com/yontech/ppob/user-service/internal/services/user_service.go:256.2,257.29 2 0
github.com/yontech/ppob/user-service/internal/services/user_service.go:257.29,280.27 6 0
github.com/yontech/ppob/user-service/internal/services/user_service.go:280.27,282.53 2 0
github.com/yontech/ppob/user-service/internal/services/user_service.go:282.53,284.5 1 0
github.com/yontech/ppob/user-service/internal/services/user_service.go:284.10,286.5 1 0
github.com/yontech/ppob/user-service/internal/services/user_service.go:290.2,295.8 1 0
github.com/yontech/ppob/user-service/internal/services/user_service.go:299.101,301.16 2 0
github.com/yontech/ppob/user-service/internal/services/user_service.go:301.16,303.3 1 0
github.com/yontech/ppob/user-service/internal/services/user_service.go:305.2,310.70 5 0
github.com/yontech/ppob/user-service/internal/services/user_service.go:310.71,312.3 0 0
github.com/yontech/ppob/user-service/internal/services/user_service.go:314.2,350.26 2 0
github.com/yontech/ppob/user-service/internal/services/user_service.go:350.26,354.3 3 0
github.com/yontech/ppob/user-service/internal/services/user_service.go:356.2,356.18 1 0
github.com/yontech/ppob/user-service/internal/services/user_service.go:360.133,363.21 2 0
github.com/yontech/ppob/user-service/internal/services/user_service.go:363.21,365.3 1 0
github.com/yontech/ppob/user-service/internal/services/user_service.go:366.2,367.21 2 0
github.com/yontech/ppob/user-service/internal/services/user_service.go:367.21,369.3 1 0
github.com/yontech/ppob/user-service/internal/services/user_service.go:371.2,387.48 6 0
github.com/yontech/ppob/user-service/internal/services/user_service.go:387.48,389.3 1 0
github.com/yontech/ppob/user-service/internal/services/user_service.go:392.2,393.16 2 0
github.com/yontech/ppob/user-service/internal/services/user_service.go:393.16,395.3 1 0
github.com/yontech/ppob/user-service/internal/services/user_service.go:396.2,396.64 1 0
github.com/yontech/ppob/user-service/internal/services/user_service.go:396.64,398.3 1 0
github.com/yontech/ppob/user-service/internal/services/user_service.go:401.2,401.63 1 0
github.com/yontech/ppob/user-service/internal/services/user_service.go:401.63,408.33 2 0
github.com/yontech/ppob/user-service/internal/services/user_service.go:408.33,410.4 1 0
github.com/yontech/ppob/user-service/internal/services/user_service.go:411.3,411.34 1 0
github.com/yontech/ppob/user-service/internal/services/user_service.go:411.34,413.4 1 0
github.com/yontech/ppob/user-service/internal/services/user_service.go:414.3,414.21 1 0
github.com/yontech/ppob/user-service/internal/services/user_service.go:418.2,418.32 1 0
github.com/yontech/ppob/user-service/internal/services/user_service.go:418.32,425.44 2 0
github.com/yontech/ppob/user-service/internal/services/user_service.go:425.44,427.4 1 0
github.com/yontech/ppob/user-service/internal/services/user_service.go:427.9,429.4 1 0
github.com/yontech/ppob/user-service/internal/services/user_service.go:430.3,430.23 1 0
github.com/yontech/ppob/user-service/internal/services/user_service.go:433.2,435.33 2 0
github.com/yontech/ppob/user-service/internal/services/user_service.go:439.133,441.16 2 0
github.com/yontech/ppob/user-service/internal/services/user_service.go:441.16,443.3 1 0
github.com/yontech/ppob/user-service/internal/services/user_service.go:445.2,445.20 1 0
github.com/yontech/ppob/user-service/internal/services/user_service.go:445.20,447.3 1 0
github.com/yontech/ppob/user-service/internal/services/user_service.go:448.2,448.21 1 0
github.com/yontech/ppob/user-service/internal/services/user_service.go:448.21,450.3 1 0
github.com/yontech/ppob/user-service/internal/services/user_service.go:451.2,451.22 1 0
github.com/yontech/ppob/user-service/internal/services/user_service.go:451.22,453.3 1 0
github.com/yontech/ppob/user-service/internal/services/user_service.go:454.2,454.23 1 0
github.com/yontech/ppob/user-service/internal/services/user_service.go:454.23,456.3 1 0
github.com/yontech/ppob/user-service/internal/services/user_service.go:457.2,457.28 1 0
github.com/yontech/ppob/user-service/internal/services/user_service.go:457.28,459.3 1 0
github.com/yontech/ppob/user-service/internal/services/user_service.go:460.2,460.22 1 0
github.com/yontech/ppob/user-service/internal/services/user_service.go:460.22,462.3 1 0
github.com/yontech/ppob/user-service/internal/services/user_service.go:464.2,464.48 1 0
github.com/yontech/ppob/user-service/internal/services/user_service.go:464.48,466.3 1 0
github.com/yontech/ppob/user-service/internal/services/user_service.go:469.2,469.63 1 0
github.com/yontech/ppob/user-service/internal/services/user_service.go:469.63,472.60 3 0
github.com/yontech/ppob/user-service/internal/services/user_service.go:472.60,474.4 1 0
github.com/yontech/ppob/user-service/internal/services/user_service.go:475.3,475.45 1 0
github.com/yontech/ppob/user-service/internal/services/user_service.go:475.45,480.4 1 0
github.com/yontech/ppob/user-service/internal/services/user_service.go:481.3,481.33 1 0
github.com/yontech/ppob/user-service/internal/services/user_service.go:481.33,483.4 1 0
github.com/yontech/ppob/user-service/internal/services/user_service.go:484.3,484.34 1 0
github.com/yontech/ppob/user-service/internal/services/user_service.go:484.34,486.4 1 0
github.com/yontech/ppob/user-service/internal/services/user_service.go:487.3,487.20 1 0
github.com/yontech/ppob/user-service/internal/services/user_service.go:487.20,489.4 1 0
github.com/yontech/ppob/user-service/internal/services/user_service.go:489.9,491.4 1 0
github.com/yontech/ppob/user-service/internal/services/user_service.go:495.2,495.55 1 0
github.com/yontech/ppob/user-service/internal/services/user_service.go:495.55,498.60 3 0
github.com/yontech/ppob/user-service/internal/services/user_service.go:498.60,500.4 1 0
github.com/yontech/ppob/user-service/internal/services/user_service.go:501.3,501.45 1 0
github.com/yontech/ppob/user-service/internal/services/user_service.go:501.45,508.45 2 0
github.com/yontech/ppob/user-service/internal/services/user_service.go:508.45,510.5 1 0
github.com/yontech/ppob/user-service/internal/services/user_service.go:510.10,512.5 1 0
github.com/yontech/ppob/user-service/internal/services/user_service.go:513.4,513.24 1 0
github.com/yontech/ppob/user-service/internal/services/user_service.go:514.9,517.45 3 0
github.com/yontech/ppob/user-service/internal/services/user_service.go:517.45,520.5 2 0
github.com/yontech/ppob/user-service/internal/services/user_service.go:520.10,523.5 2 0
github.com/yontech/ppob/user-service/internal/services/user_service.go:524.4,524.22 1 0
github.com/yontech/ppob/user-service/internal/services/user_service.go:528.2,529.33 2 0
github.com/yontech/ppob/user-service/internal/services/user_service.go:533.106,535.2 1 0
github.com/yontech/ppob/user-service/internal/services/user_service.go:537.80,546.2 3 0
github.com/yontech/ppob/user-service/internal/repository/notification_repository.go:12.69,14.2 1 0
github.com/yontech/ppob/user-service/internal/repository/notification_repository.go:16.75,18.2 1 0
github.com/yontech/ppob/user-service/internal/repository/notification_repository.go:20.131,23.16 3 0
github.com/yontech/ppob/user-service/internal/repository/notification_repository.go:23.16,25.3 1 0
github.com/yontech/ppob/user-service/internal/repository/notification_repository.go:26.2,29.27 4 0
github.com/yontech/ppob/user-service/internal/repository/notification_repository.go:32.74,36.2 3 0
github.com/yontech/ppob/user-service/internal/repository/notification_repository.go:38.76,40.2 1 0
github.com/yontech/ppob/user-service/internal/repository/notification_repository.go:42.65,44.2 1 0
github.com/yontech/ppob/user-service/internal/repository/role_repository.go:12.53,14.2 1 0
github.com/yontech/ppob/user-service/internal/repository/role_repository.go:16.58,18.2 1 0
github.com/yontech/ppob/user-service/internal/repository/role_repository.go:20.66,23.16 3 0
github.com/yontech/ppob/user-service/internal/repository/role_repository.go:23.16,25.3 1 0
github.com/yontech/ppob/user-service/internal/repository/role_repository.go:26.2,26.19 1 0
github.com/yontech/ppob/user-service/internal/repository/role_repository.go:29.69,31.2 1 0
github.com/yontech/ppob/user-service/internal/repository/role_repository.go:33.72,36.16 3 0
github.com/yontech/ppob/user-service/internal/repository/role_repository.go:36.16,38.3 1 0
github.com/yontech/ppob/user-service/internal/repository/role_repository.go:39.2,39.19 1 0
github.com/yontech/ppob/user-service/internal/repository/role_repository.go:42.56,46.2 3 0
github.com/yontech/ppob/user-service/internal/repository/role_repository.go:48.58,50.2 1 0
github.com/yontech/ppob/user-service/internal/repository/role_repository.go:52.48,54.2 1 0
github.com/yontech/ppob/user-service/internal/repository/role_repository.go:56.64,59.2 2 0
github.com/yontech/ppob/user-service/internal/repository/role_repository.go:61.75,66.2 3 0
github.com/yontech/ppob/user-service/internal/repository/role_repository.go:68.68,70.2 1 0
github.com/yontech/ppob/user-service/internal/repository/user_repository.go:15.53,17.2 1 0
github.com/yontech/ppob/user-service/internal/repository/user_repository.go:19.66,22.16 3 0
github.com/yontech/ppob/user-service/internal/repository/user_repository.go:22.16,24.3 1 0
github.com/yontech/ppob/user-service/internal/repository/user_repository.go:25.2,25.19 1 0
github.com/yontech/ppob/user-service/internal/repository/user_repository.go:28.74,31.16 3 0
github.com/yontech/ppob/user-service/internal/repository/user_repository.go:31.16,33.3 1 0
github.com/yontech/ppob/user-service/internal/repository/user_repository.go:34.2,34.19 1 0
github.com/yontech/ppob/user-service/internal/repository/user_repository.go:37.74,40.16 3 0
github.com/yontech/ppob/user-service/internal/repository/user_repository.go:40.16,42.3 1 0
github.com/yontech/ppob/user-service/internal/repository/user_repository.go:43.2,43.19 1 0
github.com/yontech/ppob/user-service/internal/repository/user_repository.go:46.58,48.2 1 0
github.com/yontech/ppob/user-service/internal/repository/user_repository.go:50.58,52.2 1 0
github.com/yontech/ppob/user-service/internal/repository/user_repository.go:54.80,62.2 5 0
github.com/yontech/ppob/user-service/internal/repository/user_repository.go:64.48,66.2 1 0
github.com/yontech/ppob/user-service/internal/repository/user_repository.go:68.79,72.2 3 0
github.com/yontech/ppob/user-service/internal/repository/user_repository.go:80.92,86.16 3 0
github.com/yontech/ppob/user-service/internal/repository/user_repository.go:86.16,88.3 1 0
github.com/yontech/ppob/user-service/internal/repository/user_repository.go:89.2,89.21 1 0
github.com/yontech/ppob/user-service/internal/repository/user_repository.go:92.73,95.16 3 0
github.com/yontech/ppob/user-service/internal/repository/user_repository.go:95.16,97.3 1 0
github.com/yontech/ppob/user-service/internal/repository/user_repository.go:98.2,98.28 1 0
github.com/yontech/ppob/user-service/internal/repository/user_repository.go:101.119,111.17 4 0
github.com/yontech/ppob/user-service/internal/repository/user_repository.go:111.17,113.3 1 0
github.com/yontech/ppob/user-service/internal/repository/user_repository.go:115.2,115.37 1 0
github.com/yontech/ppob/user-service/internal/repository/user_repository.go:115.37,117.3 1 0
github.com/yontech/ppob/user-service/internal/repository/user_repository.go:119.2,122.26 3 0
github.com/yontech/ppob/user-service/internal/repository/user_repository.go:125.71,128.16 3 0
github.com/yontech/ppob/user-service/internal/repository/user_repository.go:128.16,130.3 1 0
github.com/yontech/ppob/user-service/internal/repository/user_repository.go:131.2,131.19 1 0
github.com/yontech/ppob/user-service/internal/repository/user_repository.go:139.81,147.16 4 0
github.com/yontech/ppob/user-service/internal/repository/user_repository.go:147.16,149.3 1 0
github.com/yontech/ppob/user-service/internal/repository/user_repository.go:151.2,151.44 1 0
github.com/yontech/ppob/user-service/internal/repository/user_repository.go:159.81,167.16 4 0
github.com/yontech/ppob/user-service/internal/repository/user_repository.go:167.16,168.45 1 0
github.com/yontech/ppob/user-service/internal/repository/user_repository.go:168.45,170.4 1 0
github.com/yontech/ppob/user-service/internal/repository/user_repository.go:171.3,171.19 1 0
github.com/yontech/ppob/user-service/internal/repository/user_repository.go:173.2,173.45 1 0
github.com/yontech/ppob/user-service/internal/handlers/margin_handler.go:16.77,18.2 1 0
github.com/yontech/ppob/user-service/internal/handlers/margin_handler.go:20.56,22.13 2 0
github.com/yontech/ppob/user-service/internal/handlers/margin_handler.go:22.13,25.3 2 0
github.com/yontech/ppob/user-service/internal/handlers/margin_handler.go:27.2,28.47 2 0
github.com/yontech/ppob/user-service/internal/handlers/margin_handler.go:28.47,31.3 2 0
github.com/yontech/ppob/user-service/internal/handlers/margin_handler.go:33.2,34.16 2 0
github.com/yontech/ppob/user-service/internal/handlers/margin_handler.go:34.16,37.3 2 0
github.com/yontech/ppob/user-service/internal/handlers/margin_handler.go:39.2,42.4 1 0
github.com/yontech/ppob/user-service/internal/handlers/margin_handler.go:45.56,49.16 4 0
github.com/yontech/ppob/user-service/internal/handlers/margin_handler.go:49.16,52.3 2 0
github.com/yontech/ppob/user-service/internal/handlers/margin_handler.go:54.2,55.16 2 0
github.com/yontech/ppob/user-service/internal/handlers/margin_handler.go:55.16,58.3 2 0
github.com/yontech/ppob/user-service/internal/handlers/margin_handler.go:60.2,60.32 1 0
github.com/yontech/ppob/user-service/internal/handlers/margin_handler.go:63.66,67.16 4 0
github.com/yontech/ppob/user-service/internal/handlers/margin_handler.go:67.16,70.3 2 0
github.com/yontech/ppob/user-service/internal/handlers/margin_handler.go:72.2,73.16 2 0
github.com/yontech/ppob/user-service/internal/handlers/margin_handler.go:73.16,76.3 2 0
github.com/yontech/ppob/user-service/internal/handlers/margin_handler.go:78.2,78.49 1 0
github.com/yontech/ppob/user-service/internal/handlers/margin_handler.go:81.66,83.13 2 0
github.com/yontech/ppob/user-service/internal/handlers/margin_handler.go:83.13,86.3 2 0
github.com/yontech/ppob/user-service/internal/handlers/margin_handler.go:88.2,89.47 2 0
github.com/yontech/ppob/user-service/internal/handlers/margin_handler.go:89.47,92.3 2 0
github.com/yontech/ppob/user-service/internal/handlers/margin_handler.go:94.2,95.16 2 0
github.com/yontech/ppob/user-service/internal/handlers/margin_handler.go:95.16,98.3 2 0
github.com/yontech/ppob/user-service/internal/handlers/margin_handler.go:100.2,103.4 1 0
github.com/yontech/ppob/user-service/internal/handlers/notification_handler.go:17.101,19.2 1 0
github.com/yontech/ppob/user-service/internal/handlers/notification_handler.go:22.65,29.16 6 0
github.com/yontech/ppob/user-service/internal/handlers/notification_handler.go:29.16,32.3 2 0
github.com/yontech/ppob/user-service/internal/handlers/notification_handler.go:34.2,34.55 1 0
github.com/yontech/ppob/user-service/internal/handlers/notification_handler.go:38.62,41.16 3 0
github.com/yontech/ppob/user-service/internal/handlers/notification_handler.go:41.16,44.3 2 0
github.com/yontech/ppob/user-service/internal/handlers/notification_handler.go:45.2,45.73 1 0
github.com/yontech/ppob/user-service/internal/handlers/notification_handler.go:49.68,53.16 4 0
github.com/yontech/ppob/user-service/internal/handlers/notification_handler.go:53.16,56.3 2 0
github.com/yontech/ppob/user-service/internal/handlers/notification_handler.go:57.2,57.103 1 0
github.com/yontech/ppob/user-service/internal/handlers/notification_handler.go:57.103,60.3 2 0
github.com/yontech/ppob/user-service/internal/handlers/notification_handler.go:61.2,61.72 1 0
github.com/yontech/ppob/user-service/internal/handlers/notification_handler.go:65.59,67.96 2 0
github.com/yontech/ppob/user-service/internal/handlers/notification_handler.go:67.96,70.3 2 0
github.com/yontech/ppob/user-service/internal/handlers/notification_handler.go:71.2,71.77 1 0
github.com/yontech/ppob/user-service/internal/handlers/role_switch_handler.go:22.140,28.2 1 0
github.com/yontech/ppob/user-service/internal/handlers/role_switch_handler.go:30.56,32.13 2 0
github.com/yontech/ppob/user-service/internal/handlers/role_switch_handler.go:32.13,35.3 2 0
github.com/yontech/ppob/user-service/internal/handlers/role_switch_handler.go:37.2,38.47 2 0
github.com/yontech/ppob/user-service/internal/handlers/role_switch_handler.go:38.47,41.3 2 0
github.com/yontech/ppob/user-service/internal/handlers/role_switch_handler.go:43.2,44.16 2 0
github.com/yontech/ppob/user-service/internal/handlers/role_switch_handler.go:44.16,47.3 2 0
github.com/yontech/ppob/user-service/internal/handlers/role_switch_handler.go:49.2,50.31 2 0
github.com/yontech/ppob/user-service/internal/handlers/role_switch_handler.go:50.31,51.30 1 0
github.com/yontech/ppob/user-service/internal/handlers/role_switch_handler.go:51.30,53.9 2 0
github.com/yontech/ppob/user-service/internal/handlers/role_switch_handler.go:57.2,57.23 1 0
github.com/yontech/ppob/user-service/internal/handlers/role_switch_handler.go:57.23,60.3 2 0
github.com/yontech/ppob/user-service/internal/handlers/role_switch_handler.go:62.2,63.16 2 0
github.com/yontech/ppob/user-service/internal/handlers/role_switch_handler.go:63.16,66.3 2 0
github.com/yontech/ppob/user-service/internal/handlers/role_switch_handler.go:68.2,69.16 2 0
github.com/yontech/ppob/user-service/internal/handlers/role_switch_handler.go:69.16,72.3 2 0
github.com/yontech/ppob/user-service/internal/handlers/role_switch_handler.go:74.2,74.19 1 0
github.com/yontech/ppob/user-service/internal/handlers/role_switch_handler.go:74.19,77.3 2 0
github.com/yontech/ppob/user-service/internal/handlers/role_switch_handler.go:79.2,91.16 4 0
github.com/yontech/ppob/user-service/internal/handlers/role_switch_handler.go:91.16,94.3 2 0
github.com/yontech/ppob/user-service/internal/handlers/role_switch_handler.go:96.2,103.4 1 0
github.com/yontech/ppob/user-service/internal/handlers/user_handler.go:17.69,19.2 1 0
github.com/yontech/ppob/user-service/internal/handlers/user_handler.go:21.47,24.16 3 0
github.com/yontech/ppob/user-service/internal/handlers/user_handler.go:24.16,27.3 2 0
github.com/yontech/ppob/user-service/internal/handlers/user_handler.go:29.2,30.36 2 0
github.com/yontech/ppob/user-service/internal/handlers/user_handler.go:30.36,32.41 2 0
github.com/yontech/ppob/user-service/internal/handlers/user_handler.go:32.41,35.4 2 0
github.com/yontech/ppob/user-service/internal/handlers/user_handler.go:38.2,39.16 2 0
github.com/yontech/ppob/user-service/internal/handlers/user_handler.go:39.16,42.3 2 0
github.com/yontech/ppob/user-service/internal/handlers/user_handler.go:44.2,44.29 1 0
github.com/yontech/ppob/user-service/internal/handlers/user_handler.go:47.50,50.16 3 0
github.com/yontech/ppob/user-service/internal/handlers/user_handler.go:50.16,53.3 2 0
github.com/yontech/ppob/user-service/internal/handlers/user_handler.go:55.2,56.36 2 0
github.com/yontech/ppob/user-service/internal/handlers/user_handler.go:56.36,58.22 2 0
github.com/yontech/ppob/user-service/internal/handlers/user_handler.go:58.22,61.4 2 0
github.com/yontech/ppob/user-service/internal/handlers/user_handler.go:64.2,65.47 2 0
github.com/yontech/ppob/user-service/internal/handlers/user_handler.go:65.47,68.3 2 0
github.com/yontech/ppob/user-service/internal/handlers/user_handler.go:70.2,71.16 2 0
github.com/yontech/ppob/user-service/internal/handlers/user_handler.go:71.16,74.3 2 0
github.com/yontech/ppob/user-service/internal/handlers/user_handler.go:76.2,76.29 1 0
github.com/yontech/ppob/user-service/internal/handlers/user_handler.go:79.49,84.16 4 0
github.com/yontech/ppob/user-service/internal/handlers/user_handler.go:84.16,87.3 2 0
github.com/yontech/ppob/user-service/internal/handlers/user_handler.go:89.2,89.29 1 0
github.com/yontech/ppob/user-service/internal/handlers/user_handler.go:92.52,95.16 3 0
github.com/yontech/ppob/user-service/internal/handlers/user_handler.go:95.16,98.3 2 0
github.com/yontech/ppob/user-service/internal/handlers/user_handler.go:100.2,101.16 2 0
github.com/yontech/ppob/user-service/internal/handlers/user_handler.go:101.16,104.3 2 0
github.com/yontech/ppob/user-service/internal/handlers/user_handler.go:106.2,106.45 1 0
github.com/yontech/ppob/user-service/internal/handlers/user_handler.go:109.50,112.16 3 0
github.com/yontech/ppob/user-service/internal/handlers/user_handler.go:112.16,115.3 2 0
github.com/yontech/ppob/user-service/internal/handlers/user_handler.go:117.2,118.47 2 0
github.com/yontech/ppob/user-service/internal/handlers/user_handler.go:118.47,121.3 2 0
github.com/yontech/ppob/user-service/internal/handlers/user_handler.go:123.2,123.92 1 0
github.com/yontech/ppob/user-service/internal/handlers/user_handler.go:123.92,126.3 2 0
github.com/yontech/ppob/user-service/internal/handlers/user_handler.go:128.2,128.71 1 0
github.com/yontech/ppob/user-service/internal/handlers/user_handler.go:131.49,133.16 2 0
github.com/yontech/ppob/user-service/internal/handlers/user_handler.go:133.16,136.3 2 0
github.com/yontech/ppob/user-service/internal/handlers/user_handler.go:138.2,138.45 1 0
github.com/yontech/ppob/user-service/internal/handlers/user_handler.go:141.50,143.47 2 0
github.com/yontech/ppob/user-service/internal/handlers/user_handler.go:143.47,146.3 2 0
github.com/yontech/ppob/user-service/internal/handlers/user_handler.go:148.2,149.16 2 0
github.com/yontech/ppob/user-service/internal/handlers/user_handler.go:149.16,152.3 2 0
github.com/yontech/ppob/user-service/internal/handlers/user_handler.go:154.2,154.34 1 0
github.com/yontech/ppob/user-service/internal/handlers/user_handler.go:159.49,168.21 7 0
github.com/yontech/ppob/user-service/internal/handlers/user_handler.go:168.21,170.3 1 0
github.com/yontech/ppob/user-service/internal/handlers/user_handler.go:170.8,170.28 1 0
github.com/yontech/ppob/user-service/internal/handlers/user_handler.go:170.28,172.3 1 0
github.com/yontech/ppob/user-service/internal/handlers/user_handler.go:172.8,175.3 2 0
github.com/yontech/ppob/user-service/internal/handlers/user_handler.go:177.2,178.16 2 0
github.com/yontech/ppob/user-service/internal/handlers/user_handler.go:178.16,181.3 2 0
github.com/yontech/ppob/user-service/internal/handlers/user_handler.go:183.2,183.29 1 0
github.com/yontech/ppob/user-service/internal/handlers/user_handler.go:186.48,189.16 3 0
github.com/yontech/ppob/user-service/internal/handlers/user_handler.go:189.16,192.3 2 0
github.com/yontech/ppob/user-service/internal/handlers/user_handler.go:194.2,195.16 2 0
github.com/yontech/ppob/user-service/internal/handlers/user_handler.go:195.16,198.3 2 0
github.com/yontech/ppob/user-service/internal/handlers/user_handler.go:200.2,200.29 1 0
github.com/yontech/ppob/user-service/internal/handlers/user_handler.go:203.51,205.47 2 0
github.com/yontech/ppob/user-service/internal/handlers/user_handler.go:205.47,208.3 2 0
github.com/yontech/ppob/user-service/internal/handlers/user_handler.go:211.2,212.21 2 0
github.com/yontech/ppob/user-service/internal/handlers/user_handler.go:212.21,215.3 2 0
github.com/yontech/ppob/user-service/internal/handlers/user_handler.go:217.2,220.16 3 0
github.com/yontech/ppob/user-service/internal/handlers/user_handler.go:220.16,223.3 2 0
github.com/yontech/ppob/user-service/internal/handlers/user_handler.go:225.2,225.34 1 0
github.com/yontech/ppob/user-service/internal/handlers/user_handler.go:228.51,231.16 3 0
github.com/yontech/ppob/user-service/internal/handlers/user_handler.go:231.16,234.3 2 0
github.com/yontech/ppob/user-service/internal/handlers/user_handler.go:236.2,237.47 2 0
github.com/yontech/ppob/user-service/internal/handlers/user_handler.go:237.47,240.3 2 0
github.com/yontech/ppob/user-service/internal/handlers/user_handler.go:242.2,243.16 2 0
github.com/yontech/ppob/user-service/internal/handlers/user_handler.go:243.16,246.3 2 0
github.com/yontech/ppob/user-service/internal/handlers/user_handler.go:248.2,248.29 1 0
github.com/yontech/ppob/user-service/internal/handlers/user_handler.go:251.53,254.16 3 0
github.com/yontech/ppob/user-service/internal/handlers/user_handler.go:254.16,257.3 2 0
github.com/yontech/ppob/user-service/internal/handlers/user_handler.go:259.2,260.16 2 0
github.com/yontech/ppob/user-service/internal/handlers/user_handler.go:260.16,263.3 2 0
github.com/yontech/ppob/user-service/internal/handlers/user_handler.go:265.2,265.29 1 0
github.com/yontech/ppob/user-service/internal/handlers/user_handler.go:269.60,271.40 2 0
github.com/yontech/ppob/user-service/internal/handlers/user_handler.go:271.40,274.3 2 0
github.com/yontech/ppob/user-service/internal/handlers/user_handler.go:275.2,276.16 2 0
github.com/yontech/ppob/user-service/internal/handlers/user_handler.go:276.16,279.3 2 0
github.com/yontech/ppob/user-service/internal/handlers/user_handler.go:280.2,280.46 1 0
