mode: set
github.com/yontech/ppob/integration-service/internal/services/digiflazz_client.go:25.62,31.51 1 0
github.com/yontech/ppob/integration-service/internal/services/digiflazz_client.go:31.51,34.4 2 0
github.com/yontech/ppob/integration-service/internal/services/digiflazz_client.go:37.2,41.3 1 0
github.com/yontech/ppob/integration-service/internal/services/digiflazz_client.go:44.84,55.2 8 0
github.com/yontech/ppob/integration-service/internal/services/digiflazz_client.go:57.93,61.2 3 0
github.com/yontech/ppob/integration-service/internal/services/digiflazz_client.go:63.88,65.25 2 0
github.com/yontech/ppob/integration-service/internal/services/digiflazz_client.go:65.25,66.12 1 0
github.com/yontech/ppob/integration-service/internal/services/digiflazz_client.go:67.44,68.22 1 0
github.com/yontech/ppob/integration-service/internal/services/digiflazz_client.go:69.52,70.49 1 0
github.com/yontech/ppob/integration-service/internal/services/digiflazz_client.go:70.49,72.5 1 0
github.com/yontech/ppob/integration-service/internal/services/digiflazz_client.go:72.10,74.5 1 0
github.com/yontech/ppob/integration-service/internal/services/digiflazz_client.go:75.11,76.17 1 0
github.com/yontech/ppob/integration-service/internal/services/digiflazz_client.go:79.2,79.15 1 0
github.com/yontech/ppob/integration-service/internal/services/digiflazz_client.go:82.123,87.16 4 0
github.com/yontech/ppob/integration-service/internal/services/digiflazz_client.go:87.16,89.3 1 0
github.com/yontech/ppob/integration-service/internal/services/digiflazz_client.go:91.2,93.16 3 0
github.com/yontech/ppob/integration-service/internal/services/digiflazz_client.go:93.16,95.3 1 0
github.com/yontech/ppob/integration-service/internal/services/digiflazz_client.go:97.2,103.63 4 0
github.com/yontech/ppob/integration-service/internal/services/digiflazz_client.go:103.63,108.17 4 0
github.com/yontech/ppob/integration-service/internal/services/digiflazz_client.go:108.17,111.4 2 0
github.com/yontech/ppob/integration-service/internal/services/digiflazz_client.go:112.3,115.17 3 0
github.com/yontech/ppob/integration-service/internal/services/digiflazz_client.go:115.17,117.4 1 0
github.com/yontech/ppob/integration-service/internal/services/digiflazz_client.go:120.3,124.53 4 0
github.com/yontech/ppob/integration-service/internal/services/digiflazz_client.go:124.53,126.4 1 0
github.com/yontech/ppob/integration-service/internal/services/digiflazz_client.go:126.9,128.4 1 0
github.com/yontech/ppob/integration-service/internal/services/digiflazz_client.go:130.3,132.39 2 0
github.com/yontech/ppob/integration-service/internal/services/digiflazz_client.go:132.39,134.4 1 0
github.com/yontech/ppob/integration-service/internal/services/digiflazz_client.go:136.3,136.19 1 0
github.com/yontech/ppob/integration-service/internal/services/digiflazz_client.go:139.2,139.16 1 0
github.com/yontech/ppob/integration-service/internal/services/digiflazz_client.go:139.16,141.3 1 0
github.com/yontech/ppob/integration-service/internal/services/digiflazz_client.go:143.2,143.29 1 0
github.com/yontech/ppob/integration-service/internal/services/digiflazz_client.go:173.109,179.16 3 0
github.com/yontech/ppob/integration-service/internal/services/digiflazz_client.go:179.16,181.3 1 0
github.com/yontech/ppob/integration-service/internal/services/digiflazz_client.go:183.2,184.56 2 0
github.com/yontech/ppob/integration-service/internal/services/digiflazz_client.go:184.56,186.3 1 0
github.com/yontech/ppob/integration-service/internal/services/digiflazz_client.go:188.2,188.23 1 0
github.com/yontech/ppob/integration-service/internal/services/digiflazz_client.go:188.23,190.3 1 0
github.com/yontech/ppob/integration-service/internal/services/digiflazz_client.go:192.2,192.23 1 0
github.com/yontech/ppob/integration-service/internal/services/digiflazz_client.go:221.121,229.26 2 0
github.com/yontech/ppob/integration-service/internal/services/digiflazz_client.go:229.26,231.3 1 0
github.com/yontech/ppob/integration-service/internal/services/digiflazz_client.go:233.2,234.16 2 0
github.com/yontech/ppob/integration-service/internal/services/digiflazz_client.go:234.16,236.3 1 0
github.com/yontech/ppob/integration-service/internal/services/digiflazz_client.go:238.2,239.56 2 0
github.com/yontech/ppob/integration-service/internal/services/digiflazz_client.go:239.56,241.3 1 0
github.com/yontech/ppob/integration-service/internal/services/digiflazz_client.go:243.2,243.23 1 0
github.com/yontech/ppob/integration-service/internal/services/digiflazz_client.go:252.103,261.16 3 0
github.com/yontech/ppob/integration-service/internal/services/digiflazz_client.go:261.16,263.3 1 0
github.com/yontech/ppob/integration-service/internal/services/digiflazz_client.go:265.2,266.56 2 0
github.com/yontech/ppob/integration-service/internal/services/digiflazz_client.go:266.56,268.3 1 0
github.com/yontech/ppob/integration-service/internal/services/digiflazz_client.go:270.2,270.23 1 0
github.com/yontech/ppob/integration-service/internal/services/digiflazz_client.go:286.85,292.16 3 0
github.com/yontech/ppob/integration-service/internal/services/digiflazz_client.go:292.16,294.3 1 0
github.com/yontech/ppob/integration-service/internal/services/digiflazz_client.go:296.2,297.56 2 0
github.com/yontech/ppob/integration-service/internal/services/digiflazz_client.go:297.56,299.3 1 0
github.com/yontech/ppob/integration-service/internal/services/digiflazz_client.go:301.2,301.23 1 0
github.com/yontech/ppob/integration-service/internal/services/digiflazz_client.go:304.107,307.2 2 0
github.com/yontech/ppob/integration-service/internal/services/digiflazz_client.go:320.48,321.12 1 0
github.com/yontech/ppob/integration-service/internal/services/digiflazz_client.go:322.12,323.45 1 0
github.com/yontech/ppob/integration-service/internal/services/digiflazz_client.go:324.12,325.53 1 0
github.com/yontech/ppob/integration-service/internal/services/digiflazz_client.go:326.12,327.57 1 0
github.com/yontech/ppob/integration-service/internal/services/digiflazz_client.go:328.12,329.42 1 0
github.com/yontech/ppob/integration-service/internal/services/digiflazz_client.go:330.12,331.52 1 0
github.com/yontech/ppob/integration-service/internal/services/digiflazz_client.go:332.12,333.41 1 0
github.com/yontech/ppob/integration-service/internal/services/digiflazz_client.go:334.10,335.35 1 0
github.com/yontech/ppob/integration-service/internal/services/error_mapping.go:84.45,86.47 2 0
github.com/yontech/ppob/integration-service/internal/services/error_mapping.go:86.47,88.3 1 0
github.com/yontech/ppob/integration-service/internal/services/error_mapping.go:90.2,96.3 1 0
github.com/yontech/ppob/integration-service/internal/services/error_mapping.go:99.96,102.2 2 0
github.com/yontech/ppob/integration-service/internal/services/error_mapping.go:104.45,105.14 1 0
github.com/yontech/ppob/integration-service/internal/services/error_mapping.go:106.18,107.19 1 0
github.com/yontech/ppob/integration-service/internal/services/error_mapping.go:108.18,109.19 1 0
github.com/yontech/ppob/integration-service/internal/services/error_mapping.go:110.10,111.18 1 0
github.com/yontech/ppob/integration-service/internal/services/error_mapping.go:119.38,121.35 2 0
github.com/yontech/ppob/integration-service/internal/services/error_mapping.go:121.35,123.3 1 0
github.com/yontech/ppob/integration-service/internal/services/error_mapping.go:124.2,124.38 1 0
github.com/yontech/ppob/integration-service/internal/services/error_mapping.go:127.59,129.2 1 0
github.com/yontech/ppob/integration-service/internal/services/error_mapping.go:131.56,133.2 1 0
github.com/yontech/ppob/integration-service/internal/services/integration_service.go:37.23,44.2 1 0
github.com/yontech/ppob/integration-service/internal/services/integration_service.go:46.174,68.16 6 0
github.com/yontech/ppob/integration-service/internal/services/integration_service.go:68.16,74.3 5 0
github.com/yontech/ppob/integration-service/internal/services/integration_service.go:76.2,80.22 4 0
github.com/yontech/ppob/integration-service/internal/services/integration_service.go:80.22,82.3 1 0
github.com/yontech/ppob/integration-service/internal/services/integration_service.go:82.8,85.3 2 0
github.com/yontech/ppob/integration-service/internal/services/integration_service.go:86.2,89.23 3 0
github.com/yontech/ppob/integration-service/internal/services/integration_service.go:92.116,94.16 2 0
github.com/yontech/ppob/integration-service/internal/services/integration_service.go:94.16,96.3 1 0
github.com/yontech/ppob/integration-service/internal/services/integration_service.go:98.2,99.28 2 0
github.com/yontech/ppob/integration-service/internal/services/integration_service.go:99.28,101.3 1 0
github.com/yontech/ppob/integration-service/internal/services/integration_service.go:101.8,104.3 2 0
github.com/yontech/ppob/integration-service/internal/services/integration_service.go:106.2,106.35 1 0
github.com/yontech/ppob/integration-service/internal/services/integration_service.go:109.97,111.16 2 0
github.com/yontech/ppob/integration-service/internal/services/integration_service.go:111.16,113.3 1 0
github.com/yontech/ppob/integration-service/internal/services/integration_service.go:115.2,116.30 2 0
github.com/yontech/ppob/integration-service/internal/services/integration_service.go:116.30,125.3 1 0
github.com/yontech/ppob/integration-service/internal/services/integration_service.go:127.2,127.23 1 0
github.com/yontech/ppob/integration-service/internal/services/integration_service.go:130.92,134.2 3 0
github.com/yontech/ppob/integration-service/internal/services/integration_service.go:136.88,139.2 2 0
github.com/yontech/ppob/integration-service/internal/services/integration_service.go:141.125,145.2 3 0
github.com/yontech/ppob/integration-service/internal/services/integration_service.go:147.102,150.2 2 0
github.com/yontech/ppob/integration-service/internal/services/integration_service.go:152.133,160.16 6 0
github.com/yontech/ppob/integration-service/internal/services/integration_service.go:160.16,162.3 1 0
github.com/yontech/ppob/integration-service/internal/services/integration_service.go:163.2,166.28 3 0
github.com/yontech/ppob/integration-service/internal/services/integration_service.go:166.28,168.3 1 0
github.com/yontech/ppob/integration-service/internal/services/integration_service.go:170.2,170.18 1 0
github.com/yontech/ppob/integration-service/internal/services/integration_service.go:173.69,175.2 1 0
github.com/yontech/ppob/integration-service/internal/services/integration_service.go:177.64,180.2 2 0
github.com/yontech/ppob/integration-service/internal/services/retry_service.go:50.84,56.2 1 0
github.com/yontech/ppob/integration-service/internal/services/retry_service.go:58.157,71.47 3 0
github.com/yontech/ppob/integration-service/internal/services/retry_service.go:71.47,73.3 1 0
github.com/yontech/ppob/integration-service/internal/services/retry_service.go:75.2,75.17 1 0
github.com/yontech/ppob/integration-service/internal/services/retry_service.go:78.86,80.74 2 0
github.com/yontech/ppob/integration-service/internal/services/retry_service.go:80.74,82.3 1 0
github.com/yontech/ppob/integration-service/internal/services/retry_service.go:84.2,84.38 1 0
github.com/yontech/ppob/integration-service/internal/services/retry_service.go:84.38,90.3 5 0
github.com/yontech/ppob/integration-service/internal/services/retry_service.go:92.2,99.46 6 0
github.com/yontech/ppob/integration-service/internal/services/retry_service.go:99.46,101.3 1 0
github.com/yontech/ppob/integration-service/internal/services/retry_service.go:103.2,106.12 3 0
github.com/yontech/ppob/integration-service/internal/services/retry_service.go:109.78,111.34 2 0
github.com/yontech/ppob/integration-service/internal/services/retry_service.go:111.34,113.35 2 0
github.com/yontech/ppob/integration-service/internal/services/retry_service.go:113.35,115.4 1 0
github.com/yontech/ppob/integration-service/internal/services/retry_service.go:117.2,117.14 1 0
github.com/yontech/ppob/integration-service/internal/services/retry_service.go:120.84,122.74 2 0
github.com/yontech/ppob/integration-service/internal/services/retry_service.go:122.74,124.3 1 0
github.com/yontech/ppob/integration-service/internal/services/retry_service.go:126.2,130.30 4 0
github.com/yontech/ppob/integration-service/internal/services/retry_service.go:133.104,135.74 2 0
github.com/yontech/ppob/integration-service/internal/services/retry_service.go:135.74,137.3 1 0
github.com/yontech/ppob/integration-service/internal/services/retry_service.go:139.2,144.30 5 0
github.com/yontech/ppob/integration-service/internal/services/retry_service.go:147.94,151.2 3 0
github.com/yontech/ppob/integration-service/internal/services/retry_service.go:153.96,157.2 3 0
github.com/yontech/ppob/integration-service/internal/services/retry_service.go:159.97,163.2 3 0
github.com/yontech/ppob/integration-service/internal/services/retry_service.go:165.142,167.74 2 0
github.com/yontech/ppob/integration-service/internal/services/retry_service.go:167.74,169.3 1 0
github.com/yontech/ppob/integration-service/internal/services/retry_service.go:171.2,171.45 1 0
github.com/yontech/ppob/integration-service/internal/services/retry_service.go:171.45,173.3 1 0
github.com/yontech/ppob/integration-service/internal/services/retry_service.go:175.2,175.34 1 0
github.com/yontech/ppob/integration-service/internal/services/retry_service.go:182.63,184.2 1 0
github.com/yontech/ppob/integration-service/internal/services/retry_service.go:186.86,191.2 3 0
github.com/yontech/ppob/integration-service/internal/services/retry_service.go:193.68,196.2 2 0
github.com/yontech/ppob/integration-service/internal/services/retry_service.go:198.68,201.2 2 0
github.com/yontech/ppob/integration-service/internal/services/retry_service.go:203.60,206.2 2 0
github.com/yontech/ppob/integration-service/internal/repository/integration_repository.go:12.73,14.2 1 0
github.com/yontech/ppob/integration-service/internal/repository/integration_repository.go:16.77,18.2 1 0
github.com/yontech/ppob/integration-service/internal/repository/integration_repository.go:20.77,22.2 1 0
github.com/yontech/ppob/integration-service/internal/repository/integration_repository.go:24.102,27.16 3 0
github.com/yontech/ppob/integration-service/internal/repository/integration_repository.go:27.16,29.3 1 0
github.com/yontech/ppob/integration-service/internal/repository/integration_repository.go:30.2,30.18 1 0
github.com/yontech/ppob/integration-service/internal/repository/integration_repository.go:33.110,36.16 3 0
github.com/yontech/ppob/integration-service/internal/repository/integration_repository.go:36.16,38.3 1 0
github.com/yontech/ppob/integration-service/internal/repository/integration_repository.go:39.2,39.18 1 0
github.com/yontech/ppob/integration-service/internal/repository/integration_repository.go:46.73,48.2 1 0
github.com/yontech/ppob/integration-service/internal/repository/integration_repository.go:50.100,53.16 3 0
github.com/yontech/ppob/integration-service/internal/repository/integration_repository.go:53.16,55.3 1 0
github.com/yontech/ppob/integration-service/internal/repository/integration_repository.go:56.2,56.21 1 0
github.com/yontech/ppob/integration-service/internal/repository/integration_repository.go:59.76,63.2 3 0
github.com/yontech/ppob/integration-service/internal/repository/integration_repository.go:65.80,67.2 1 0
github.com/yontech/ppob/integration-service/internal/repository/integration_repository.go:69.80,71.2 1 0
github.com/yontech/ppob/integration-service/config/config.go:36.21,54.28 2 0
github.com/yontech/ppob/integration-service/config/config.go:54.28,56.17 2 0
github.com/yontech/ppob/integration-service/config/config.go:56.17,58.4 1 0
github.com/yontech/ppob/integration-service/config/config.go:58.9,60.4 1 0
github.com/yontech/ppob/integration-service/config/config.go:63.2,63.12 1 0
github.com/yontech/ppob/integration-service/config/config.go:66.46,67.42 1 0
github.com/yontech/ppob/integration-service/config/config.go:67.42,69.3 1 0
github.com/yontech/ppob/integration-service/config/config.go:70.2,70.21 1 0
github.com/yontech/ppob/integration-service/config/config.go:73.44,82.16 3 0
github.com/yontech/ppob/integration-service/config/config.go:82.16,84.3 1 0
github.com/yontech/ppob/integration-service/config/config.go:86.2,87.16 2 0
github.com/yontech/ppob/integration-service/config/config.go:87.16,89.3 1 0
github.com/yontech/ppob/integration-service/config/config.go:91.2,96.16 5 0
github.com/yontech/ppob/integration-service/config/config.go:99.43,109.47 4 0
github.com/yontech/ppob/integration-service/config/config.go:109.47,111.3 1 0
github.com/yontech/ppob/integration-service/config/config.go:113.2,114.15 2 0
github.com/yontech/ppob/integration-service/cmd/main.go:29.87,33.26 3 0
github.com/yontech/ppob/integration-service/cmd/main.go:33.26,35.17 2 0
github.com/yontech/ppob/integration-service/cmd/main.go:35.17,37.4 1 0
github.com/yontech/ppob/integration-service/cmd/main.go:40.2,45.16 2 0
github.com/yontech/ppob/integration-service/cmd/main.go:45.16,47.3 1 0
github.com/yontech/ppob/integration-service/cmd/main.go:49.2,60.16 4 0
github.com/yontech/ppob/integration-service/cmd/main.go:63.13,66.30 2 0
github.com/yontech/ppob/integration-service/cmd/main.go:66.30,68.17 2 0
github.com/yontech/ppob/integration-service/cmd/main.go:68.17,70.4 1 0
github.com/yontech/ppob/integration-service/cmd/main.go:70.9,72.4 1 0
github.com/yontech/ppob/integration-service/cmd/main.go:75.2,76.16 2 0
github.com/yontech/ppob/integration-service/cmd/main.go:76.16,78.3 1 0
github.com/yontech/ppob/integration-service/cmd/main.go:80.2,101.40 15 0
github.com/yontech/ppob/integration-service/cmd/main.go:101.40,103.3 1 0
github.com/yontech/ppob/integration-service/cmd/main.go:104.2,104.45 1 0
github.com/yontech/ppob/integration-service/cmd/main.go:104.45,106.3 1 0
github.com/yontech/ppob/integration-service/cmd/main.go:107.2,107.46 1 0
github.com/yontech/ppob/integration-service/cmd/main.go:107.46,109.17 2 0
github.com/yontech/ppob/integration-service/cmd/main.go:109.17,112.4 2 0
github.com/yontech/ppob/integration-service/cmd/main.go:113.3,113.38 1 0
github.com/yontech/ppob/integration-service/cmd/main.go:113.38,116.4 2 0
github.com/yontech/ppob/integration-service/cmd/main.go:117.3,117.47 1 0
github.com/yontech/ppob/integration-service/cmd/main.go:119.2,123.2 4 0
github.com/yontech/ppob/integration-service/cmd/main.go:123.2,129.3 5 0
github.com/yontech/ppob/integration-service/cmd/main.go:131.2,132.2 2 0
github.com/yontech/ppob/integration-service/cmd/main.go:132.2,134.3 1 0
github.com/yontech/ppob/integration-service/cmd/main.go:136.2,136.55 1 0
github.com/yontech/ppob/integration-service/cmd/main.go:136.55,140.3 1 0
github.com/yontech/ppob/integration-service/cmd/main.go:142.2,147.12 2 0
github.com/yontech/ppob/integration-service/cmd/main.go:147.12,149.77 2 0
github.com/yontech/ppob/integration-service/cmd/main.go:149.77,151.4 1 0
github.com/yontech/ppob/integration-service/cmd/main.go:154.2,161.42 7 0
github.com/yontech/ppob/integration-service/cmd/main.go:161.42,163.3 1 0
github.com/yontech/ppob/integration-service/cmd/main.go:164.2,164.30 1 0
github.com/yontech/ppob/integration-service/internal/handlers/integration_handler.go:20.97,22.2 1 0
github.com/yontech/ppob/integration-service/internal/handlers/integration_handler.go:28.23,34.2 1 0
github.com/yontech/ppob/integration-service/internal/handlers/integration_handler.go:36.75,40.47 3 0
github.com/yontech/ppob/integration-service/internal/handlers/integration_handler.go:40.47,43.3 2 0
github.com/yontech/ppob/integration-service/internal/handlers/integration_handler.go:45.2,46.16 2 0
github.com/yontech/ppob/integration-service/internal/handlers/integration_handler.go:46.16,49.3 2 0
github.com/yontech/ppob/integration-service/internal/handlers/integration_handler.go:51.2,51.29 1 0
github.com/yontech/ppob/integration-service/internal/handlers/integration_handler.go:54.70,56.47 2 0
github.com/yontech/ppob/integration-service/internal/handlers/integration_handler.go:56.47,59.3 2 0
github.com/yontech/ppob/integration-service/internal/handlers/integration_handler.go:61.2,61.96 1 0
github.com/yontech/ppob/integration-service/internal/handlers/integration_handler.go:61.96,64.3 2 0
github.com/yontech/ppob/integration-service/internal/handlers/integration_handler.go:66.2,66.63 1 0
github.com/yontech/ppob/integration-service/internal/handlers/integration_handler.go:69.60,74.16 4 0
github.com/yontech/ppob/integration-service/internal/handlers/integration_handler.go:74.16,77.3 2 0
github.com/yontech/ppob/integration-service/internal/handlers/integration_handler.go:79.2,79.68 1 0
github.com/yontech/ppob/integration-service/internal/handlers/integration_handler.go:79.68,80.89 1 0
github.com/yontech/ppob/integration-service/internal/handlers/integration_handler.go:80.89,83.4 2 0
github.com/yontech/ppob/integration-service/internal/handlers/integration_handler.go:86.2,87.60 2 0
github.com/yontech/ppob/integration-service/internal/handlers/integration_handler.go:87.60,90.3 2 0
github.com/yontech/ppob/integration-service/internal/handlers/integration_handler.go:92.2,96.27 4 0
github.com/yontech/ppob/integration-service/internal/handlers/integration_handler.go:96.27,99.3 2 0
github.com/yontech/ppob/integration-service/internal/handlers/integration_handler.go:100.2,104.17 4 0
github.com/yontech/ppob/integration-service/internal/handlers/integration_handler.go:104.17,106.3 1 0
github.com/yontech/ppob/integration-service/internal/handlers/integration_handler.go:108.2,113.25 5 0
github.com/yontech/ppob/integration-service/internal/handlers/integration_handler.go:113.25,115.3 1 0
github.com/yontech/ppob/integration-service/internal/handlers/integration_handler.go:117.2,124.92 2 0
github.com/yontech/ppob/integration-service/internal/handlers/integration_handler.go:124.92,125.35 1 0
github.com/yontech/ppob/integration-service/internal/handlers/integration_handler.go:125.35,132.4 1 0
github.com/yontech/ppob/integration-service/internal/handlers/integration_handler.go:135.2,135.62 1 0
github.com/yontech/ppob/integration-service/internal/handlers/integration_handler.go:138.38,139.16 1 0
github.com/yontech/ppob/integration-service/internal/handlers/integration_handler.go:140.27,141.19 1 0
github.com/yontech/ppob/integration-service/internal/handlers/integration_handler.go:142.31,143.19 1 0
github.com/yontech/ppob/integration-service/internal/handlers/integration_handler.go:144.10,145.18 1 0
github.com/yontech/ppob/integration-service/internal/handlers/integration_handler.go:149.60,151.16 2 0
github.com/yontech/ppob/integration-service/internal/handlers/integration_handler.go:151.16,154.3 2 0
github.com/yontech/ppob/integration-service/internal/handlers/integration_handler.go:156.2,156.49 1 0
github.com/yontech/ppob/integration-service/internal/handlers/integration_handler.go:159.62,164.2 3 0
github.com/yontech/ppob/integration-service/internal/handlers/integration_handler.go:166.66,167.34 1 0
github.com/yontech/ppob/integration-service/internal/handlers/integration_handler.go:167.34,170.3 2 0
github.com/yontech/ppob/integration-service/internal/handlers/integration_handler.go:172.2,173.16 2 0
github.com/yontech/ppob/integration-service/internal/handlers/integration_handler.go:173.16,176.3 2 0
github.com/yontech/ppob/integration-service/internal/handlers/integration_handler.go:178.2,179.16 2 0
github.com/yontech/ppob/integration-service/internal/handlers/integration_handler.go:179.16,182.3 2 0
github.com/yontech/ppob/integration-service/internal/handlers/integration_handler.go:184.2,187.4 1 0
github.com/yontech/ppob/integration-service/internal/handlers/integration_handler.go:190.65,191.34 1 0
github.com/yontech/ppob/integration-service/internal/handlers/integration_handler.go:191.34,194.3 2 0
github.com/yontech/ppob/integration-service/internal/handlers/integration_handler.go:196.2,197.16 2 0
github.com/yontech/ppob/integration-service/internal/handlers/integration_handler.go:197.16,200.3 2 0
github.com/yontech/ppob/integration-service/internal/handlers/integration_handler.go:202.2,202.57 1 0
github.com/yontech/ppob/integration-service/internal/middleware/metrics.go:38.42,39.30 1 0
github.com/yontech/ppob/integration-service/internal/middleware/metrics.go:39.30,43.44 1 0
github.com/yontech/ppob/integration-service/internal/middleware/metrics.go:43.44,46.4 2 0
github.com/yontech/ppob/integration-service/internal/middleware/metrics.go:48.3,59.17 9 0
github.com/yontech/ppob/integration-service/internal/middleware/metrics.go:59.17,61.4 1 0
github.com/yontech/ppob/integration-service/internal/middleware/metrics.go:63.3,64.70 2 0
github.com/yontech/ppob/integration-service/internal/middleware/metrics.go:68.43,69.41 1 0
github.com/yontech/ppob/integration-service/internal/middleware/metrics.go:69.42,70.3 0 0
github.com/yontech/ppob/integration-service/internal/middleware/middleware.go:15.57,16.30 1 0
github.com/yontech/ppob/integration-service/internal/middleware/middleware.go:16.30,18.23 2 0
github.com/yontech/ppob/integration-service/internal/middleware/middleware.go:18.23,22.4 3 0
github.com/yontech/ppob/integration-service/internal/middleware/middleware.go:24.3,25.46 2 0
github.com/yontech/ppob/integration-service/internal/middleware/middleware.go:25.46,29.4 3 0
github.com/yontech/ppob/integration-service/internal/middleware/middleware.go:31.3,33.17 3 0
github.com/yontech/ppob/integration-service/internal/middleware/middleware.go:33.17,37.4 3 0
github.com/yontech/ppob/integration-service/internal/middleware/middleware.go:39.3,41.11 3 0
github.com/yontech/ppob/integration-service/internal/middleware/middleware.go:45.39,46.30 1 0
github.com/yontech/ppob/integration-service/internal/middleware/middleware.go:46.30,52.36 5 0
github.com/yontech/ppob/integration-service/internal/middleware/middleware.go:52.36,55.4 2 0
github.com/yontech/ppob/integration-service/internal/middleware/middleware.go:57.3,57.11 1 0
github.com/yontech/ppob/integration-service/internal/middleware/middleware.go:61.89,62.22 1 0
github.com/yontech/ppob/integration-service/internal/middleware/middleware.go:62.22,64.3 1 0
github.com/yontech/ppob/integration-service/internal/middleware/middleware.go:66.2,66.83 1 0
github.com/yontech/ppob/integration-service/internal/middleware/middleware.go:66.83,67.57 1 0
github.com/yontech/ppob/integration-service/internal/middleware/middleware.go:67.57,69.4 1 0
github.com/yontech/ppob/integration-service/internal/middleware/middleware.go:70.3,70.24 1 0
github.com/yontech/ppob/integration-service/internal/middleware/middleware.go:73.2,73.16 1 0
github.com/yontech/ppob/integration-service/internal/middleware/middleware.go:73.16,75.3 1 0
github.com/yontech/ppob/integration-service/internal/middleware/middleware.go:77.2,77.67 1 0
github.com/yontech/ppob/integration-service/internal/middleware/middleware.go:77.67,79.3 1 0
github.com/yontech/ppob/integration-service/internal/middleware/middleware.go:81.2,81.37 1 0
github.com/yontech/ppob/integration-service/internal/middleware/rate_limit.go:19.67,29.2 3 0
github.com/yontech/ppob/integration-service/internal/middleware/rate_limit.go:31.38,35.21 3 0
github.com/yontech/ppob/integration-service/internal/middleware/rate_limit.go:35.21,38.39 3 0
github.com/yontech/ppob/integration-service/internal/middleware/rate_limit.go:38.39,40.28 2 0
github.com/yontech/ppob/integration-service/internal/middleware/rate_limit.go:40.28,41.31 1 0
github.com/yontech/ppob/integration-service/internal/middleware/rate_limit.go:41.31,43.6 1 0
github.com/yontech/ppob/integration-service/internal/middleware/rate_limit.go:45.4,45.23 1 0
github.com/yontech/ppob/integration-service/internal/middleware/rate_limit.go:45.23,47.5 1 0
github.com/yontech/ppob/integration-service/internal/middleware/rate_limit.go:47.10,49.5 1 0
github.com/yontech/ppob/integration-service/internal/middleware/rate_limit.go:51.3,51.17 1 0
github.com/yontech/ppob/integration-service/internal/middleware/rate_limit.go:55.47,63.37 6 0
github.com/yontech/ppob/integration-service/internal/middleware/rate_limit.go:63.37,64.27 1 0
github.com/yontech/ppob/integration-service/internal/middleware/rate_limit.go:64.27,66.4 1 0
github.com/yontech/ppob/integration-service/internal/middleware/rate_limit.go:69.2,69.28 1 0
github.com/yontech/ppob/integration-service/internal/middleware/rate_limit.go:69.28,72.3 2 0
github.com/yontech/ppob/integration-service/internal/middleware/rate_limit.go:74.2,75.13 2 0
github.com/yontech/ppob/integration-service/internal/middleware/rate_limit.go:78.65,81.30 2 0
github.com/yontech/ppob/integration-service/internal/middleware/rate_limit.go:81.30,84.25 2 0
github.com/yontech/ppob/integration-service/internal/middleware/rate_limit.go:84.25,92.4 4 0
github.com/yontech/ppob/integration-service/internal/middleware/rate_limit.go:94.3,94.11 1 0
github.com/yontech/ppob/integration-service/internal/middleware/rate_limit.go:98.69,101.30 2 0
github.com/yontech/ppob/integration-service/internal/middleware/rate_limit.go:101.30,103.14 2 0
github.com/yontech/ppob/integration-service/internal/middleware/rate_limit.go:103.14,106.4 2 0
github.com/yontech/ppob/integration-service/internal/middleware/rate_limit.go:108.3,110.26 2 0
github.com/yontech/ppob/integration-service/internal/middleware/rate_limit.go:110.26,118.4 4 0
github.com/yontech/ppob/integration-service/internal/middleware/rate_limit.go:120.3,120.11 1 0
github.com/yontech/ppob/integration-service/internal/middleware/tracing.go:10.42,13.30 2 0
github.com/yontech/ppob/integration-service/internal/middleware/tracing.go:13.30,17.16 3 0
github.com/yontech/ppob/integration-service/internal/middleware/tracing.go:17.16,21.4 3 0
github.com/yontech/ppob/integration-service/internal/middleware/tracing.go:23.3,26.24 3 0
github.com/yontech/ppob/integration-service/internal/middleware/tracing.go:26.24,28.4 1 0
